
[2026-01-19 23:44:46] ROOT=/opt/delishafrica/monorepo

[2026-01-19 23:44:46] Node: v20.19.6

[2026-01-19 23:44:46] npm:  11.7.0

[2026-01-19 23:44:46] corepack: 0.34.1

[2026-01-19 23:44:46] 1) Patch packageManager -> pnpm@9.15.4 (avec backups)

[2026-01-19 23:44:47] 2) Ecriture .npmrc SAFE (package-manager-strict=false)

[2026-01-19 23:44:47] 3) corepack enable + prepare pnpm@9.15.4

[2026-01-19 23:44:48] 4) Vérif pnpm
pnpm is /usr/local/bin/pnpm
pnpm is /usr/bin/pnpm
pnpm is /bin/pnpm
/usr/local/bin/pnpm
/usr/bin/pnpm
/bin/pnpm

[2026-01-19 23:44:48] pnpm -v
9.15.4

[2026-01-19 23:44:49] 5) Test workspace install (dry run basique)

[2026-01-19 23:44:49] => commande: pnpm -w -v
9.15.4

[2026-01-19 23:44:49] ✅ FORCE PNPM OK

[2026-01-19 23:44:49] Backups+log: /opt/delishafrica/monorepo/.tonton_backups/force_pnpm_pkgmgr_20260119_234446
