[23:06:23] == FLOW GATE E2E ==
[23:06:23] BASE=http://127.0.0.1:3010
[23:06:23] LOG=/opt/delishafrica/monorepo/tonton_logs/flow_gate_e2e_20251219-230623.log
[23:06:23] [1] health
{"status":"ok"}
[23:06:23] [2] create demo order
{"ok":true,"order":{"id":"demo_mjdf5gbo_k2c17w","partnerSlug":"thieyp","status":"pending","items":[],"totals":{"itemsCount":0,"amount":0,"currency":"EUR"},"createdAt":"2025-12-19T22:06:23.460Z","updatedAt":"2025-12-19T22:06:23.460Z","timeline":[{"at":"2025-12-19T22:06:23.460Z","status":"pending","note":"created"}]}}

[23:06:23] orderId=demo_mjdf5gbo_k2c17w
[23:06:23] [3] set READY
{"ok":false,"error":"not_found"}

[23:06:23] [4] probe READY list (best effort)
[]
[23:06:23] [5] probe missions/dispatch endpoints (best effort)
[23:06:23] ℹ️ /api/missions not available
[23:06:23] ✅ /api/v1/missions exists:
{"ok":true,"items":[{"id":"demo_mjdf5gbo_k2c17w","partnerSlug":"thieyp","status":"pending","items":[],"totals":{"itemsCount":0,"amount":0,"currency":"EUR"},"createdAt":"2025-12-19T22:06:23.460Z","updatedAt":"2025-12-19T22:06:23.460Z","timeline":[{"at":"2025-12-19T22:06:23.460Z","status":"pending","note":"created"}]}],"source":"demo-orders","http":201}
[23:06:23] ℹ️ /api/dispatch/active not available
[23:06:23] ✅ /api/v1/dispatch/active exists:
{"ok":true,"active":{"id":"demo_mjdf5gbo_k2c17w","partnerSlug":"thieyp","status":"pending","items":[],"totals":{"itemsCount":0,"amount":0,"currency":"EUR"},"createdAt":"2025-12-19T22:06:23.460Z","updatedAt":"2025-12-19T22:06:23.460Z","timeline":[{"at":"2025-12-19T22:06:23.460Z","status":"pending","note":"created"}]},"source":"demo-orders","http":201}
[23:06:23] ✅ FLOW GATE DONE
