[01:22:14] === HARD RESTART MERCHANT ===
[01:22:14] APP=/opt/delishafrica/monorepo/apps/merchant
[01:22:14] PORT=8083
[01:22:14] LOG=/opt/delishafrica/monorepo/tonton_logs/merchant_restart_20251220-012214.log
[01:22:14] [1] Kill Expo/Metro for merchant (best effort)
[01:22:14] [2] Free port 8083 (best effort)
[01:22:15] No listener on 8083
[01:22:15] [3] Clear caches (safe)
[01:22:15] [4] Current /opt/delishafrica/monorepo/apps/merchant/.env (API lines)
[01:22:15] [5] Start merchant with --clear (tunnel)
[01:22:15] CMD: pnpm dev -- --tunnel --port 8083 --clear

> merchant@1.0.0 dev /opt/delishafrica/monorepo/apps/merchant
> expo start --dev-client --tunnel --port 8083 "--" "--tunnel" "--port" "8083" "--clear"

env: load .env.local .env
env: export EXPO_PUBLIC_API_BASE_URL
Starting project at /opt/delishafrica/monorepo/apps/merchant
Starting Metro Bundler
warning: Bundler cache is empty, rebuilding (this may take a minute)
Tunnel connected.
Tunnel ready.
Waiting on http://localhost:8083
Logs for your project will appear below.
 ELIFECYCLE  Command failed.
