[02:20:13] == HARD RESTART MERCHANT (QR) ==
[02:20:13] APP=/opt/delishafrica/monorepo/apps/merchant PORT=8083 LOG=/opt/delishafrica/monorepo/tonton_logs/merchant_restart_20251220-022013.log
[02:20:13] [1] Kill expo/metro (best-effort)
[02:20:13] [2] Free port 8083
[02:20:13] Killing: 2350104
[02:20:14] [3] Clear caches (safe)
[02:20:14] [4] Start (tunnel + clear)

> merchant@1.0.0 dev /opt/delishafrica/monorepo/apps/merchant
> expo start --dev-client --tunnel --port 8083 "--" "--tunnel" "--port" "8083" "--clear"

env: load .env.local .env
env: export EXPO_PUBLIC_API_BASE_URL
Starting project at /opt/delishafrica/monorepo/apps/merchant
Error: GetEnv.NoBoolean:  is not a boolean.
Error: GetEnv.NoBoolean:  is not a boolean.
    at Object.boolish (/opt/delishafrica/monorepo/node_modules/.pnpm/getenv@2.0.0/node_modules/getenv/index.js:70:15)
    at /opt/delishafrica/monorepo/node_modules/.pnpm/getenv@2.0.0/node_modules/getenv/index.js:84:27
    at Env.CI (/opt/delishafrica/monorepo/node_modules/.pnpm/@expo+cli@54.0.16_expo-router@6.0.17_expo@54.0.23_react-native@0.81.5_@babel+core@7.28.5_@typ_nqkbi344hxiuf2bgafavhpodgu/node_modules/@expo/cli/src/utils/env.ts:41:19)
    at isInteractive (/opt/delishafrica/monorepo/node_modules/.pnpm/@expo+cli@54.0.16_expo-router@6.0.17_expo@54.0.23_react-native@0.81.5_@babel+core@7.28.5_@typ_nqkbi344hxiuf2bgafavhpodgu/node_modules/@expo/cli/src/utils/interactive.ts:5:15)
    at withExtendedResolver (/opt/delishafrica/monorepo/node_modules/.pnpm/@expo+cli@54.0.16_expo-router@6.0.17_expo@54.0.23_react-native@0.81.5_@babel+core@7.28.5_@typ_nqkbi344hxiuf2bgafavhpodgu/node_modules/@expo/cli/src/start/server/metro/withMetroMultiPlatform.ts:271:36)
    at withMetroMultiPlatformAsync (/opt/delishafrica/monorepo/node_modules/.pnpm/@expo+cli@54.0.16_expo-router@6.0.17_expo@54.0.23_react-native@0.81.5_@babel+core@7.28.5_@typ_nqkbi344hxiuf2bgafavhpodgu/node_modules/@expo/cli/src/start/server/metro/withMetroMultiPlatform.ts:979:10)
    at loadMetroConfigAsync (/opt/delishafrica/monorepo/node_modules/.pnpm/@expo+cli@54.0.16_expo-router@6.0.17_expo@54.0.23_react-native@0.81.5_@babel+core@7.28.5_@typ_nqkbi344hxiuf2bgafavhpodgu/node_modules/@expo/cli/src/start/server/metro/instantiateMetro.ts:159:12)
    at instantiateMetroAsync (/opt/delishafrica/monorepo/node_modules/.pnpm/@expo+cli@54.0.16_expo-router@6.0.17_expo@54.0.23_react-native@0.81.5_@babel+core@7.28.5_@typ_nqkbi344hxiuf2bgafavhpodgu/node_modules/@expo/cli/src/start/server/metro/instantiateMetro.ts:203:7)
    at MetroBundlerDevServer.startImplementationAsync (/opt/delishafrica/monorepo/node_modules/.pnpm/@expo+cli@54.0.16_expo-router@6.0.17_expo@54.0.23_react-native@0.81.5_@babel+core@7.28.5_@typ_nqkbi344hxiuf2bgafavhpodgu/node_modules/@expo/cli/src/start/server/metro/MetroBundlerDevServer.ts:1054:69)
    at MetroBundlerDevServer.startAsync (/opt/delishafrica/monorepo/node_modules/.pnpm/@expo+cli@54.0.16_expo-router@6.0.17_expo@54.0.23_react-native@0.81.5_@babel+core@7.28.5_@typ_nqkbi344hxiuf2bgafavhpodgu/node_modules/@expo/cli/src/start/server/BundlerDevServer.ts:160:18)
 ELIFECYCLE  Command failed with exit code 1.
