[06:27:59] === HARD RESTART MERCHANT ===
[06:27:59] APP=/opt/delishafrica/monorepo/apps/merchant
[06:27:59] PORT=8083
[06:27:59] LOG=/opt/delishafrica/monorepo/tonton_logs/merchant_restart_20251220-062759.log
[06:27:59] [1] Kill expo/metro (best effort)
[06:28:00] [2] Free port 8083
[06:28:00] No listener on 8083
[06:28:00] [3] Clear caches (safe)
[06:28:00] [4] Show API env (if any)
[06:28:00] [5] Start Merchant with NEW tunnel + clear
[06:28:00] CMD: pnpm dev -- --tunnel --port 8083 --clear

> merchant@1.0.0 dev /opt/delishafrica/monorepo/apps/merchant
> expo start --dev-client --tunnel --port 8083 "--" "--tunnel" "--port" "8083" "--clear"

env: load .env.local .env
env: export EXPO_PUBLIC_API_BASE_URL
Starting project at /opt/delishafrica/monorepo/apps/merchant
Starting Metro Bundler
warning: Bundler cache is empty, rebuilding (this may take a minute)
Tunnel connected.
Tunnel ready.
Waiting on http://localhost:8083
Logs for your project will appear below.
