[23:06:17] == TONTON RECOVER ALL ==
[23:06:17] LOG=/opt/delishafrica/monorepo/tonton_logs/recover_all_20251219-230617.log
[23:06:17] [A] Kill expo/metro (best effort)
[23:06:17] [B] Free common ports
[23:06:18] [C] Start API supervisor 3010
[23:06:18] == API SUPERVISOR 3010 ==
[23:06:18] LOG=/opt/delishafrica/monorepo/tonton_logs/api_3010_20251219-230618.log
[23:06:18] Kill cloudflared (if any)
[23:06:18] Free port 3010
== KILL PORT 3010 ==
OK: no listener on 3010
[23:06:18] Install deps (scripts OFF) + build
Lockfile is up to date, resolution step is skipped
Already up to date

Done in 1.3s

> delishafrica-api-nest@0.0.1 build /opt/delishafrica/monorepo/services/api-nest
> nest build

[23:06:22] Start API on 3010 (nohup node dist/main.js)
== KILL PORT 3010 ==
OK: no listener on 3010
[23:06:22] PID=2149772 (pidfile: /opt/delishafrica/monorepo/tonton_logs/api_3010.pid)
[23:06:22] Healthcheck: http://127.0.0.1:3010/api/health
[23:06:23] ✅ API is UP
{"status":"ok"}
[23:06:23] DONE
[23:06:23] [D] Run flow gate E2E
[23:06:23] == FLOW GATE E2E ==
[23:06:23] BASE=http://127.0.0.1:3010
[23:06:23] LOG=/opt/delishafrica/monorepo/tonton_logs/flow_gate_e2e_20251219-230623.log
[23:06:23] [1] health
{"status":"ok"}
[23:06:23] [2] create demo order
{"ok":true,"order":{"id":"demo_mjdf5gbo_k2c17w","partnerSlug":"thieyp","status":"pending","items":[],"totals":{"itemsCount":0,"amount":0,"currency":"EUR"},"createdAt":"2025-12-19T22:06:23.460Z","updatedAt":"2025-12-19T22:06:23.460Z","timeline":[{"at":"2025-12-19T22:06:23.460Z","status":"pending","note":"created"}]}}

[23:06:23] orderId=demo_mjdf5gbo_k2c17w
[23:06:23] [3] set READY
{"ok":false,"error":"not_found"}

[23:06:23] [4] probe READY list (best effort)
[]
[23:06:23] [5] probe missions/dispatch endpoints (best effort)
[23:06:23] ℹ️ /api/missions not available
[23:06:23] ✅ /api/v1/missions exists:
{"ok":true,"items":[{"id":"demo_mjdf5gbo_k2c17w","partnerSlug":"thieyp","status":"pending","items":[],"totals":{"itemsCount":0,"amount":0,"currency":"EUR"},"createdAt":"2025-12-19T22:06:23.460Z","updatedAt":"2025-12-19T22:06:23.460Z","timeline":[{"at":"2025-12-19T22:06:23.460Z","status":"pending","note":"created"}]}],"source":"demo-orders","http":201}
[23:06:23] ℹ️ /api/dispatch/active not available
[23:06:23] ✅ /api/v1/dispatch/active exists:
{"ok":true,"active":{"id":"demo_mjdf5gbo_k2c17w","partnerSlug":"thieyp","status":"pending","items":[],"totals":{"itemsCount":0,"amount":0,"currency":"EUR"},"createdAt":"2025-12-19T22:06:23.460Z","updatedAt":"2025-12-19T22:06:23.460Z","timeline":[{"at":"2025-12-19T22:06:23.460Z","status":"pending","note":"created"}]},"source":"demo-orders","http":201}
[23:06:23] ✅ FLOW GATE DONE
[23:06:23] ✅ RECOVER ALL DONE
