>>> PM2 describe delish-api
 Describing process with id 0 - name delish-api 
┌───────────────────┬──────────────────────────────────────┐
│ status            │ errored                              │
│ name              │ delish-api                           │
│ namespace         │ default                              │
│ version           │ N/A                                  │
│ restarts          │ 16                                   │
│ uptime            │ 0                                    │
│ script path       │ /usr/local/bin/pnpm                  │
│ script args       │ -C services/api run start:prod       │
│ error log path    │ /root/.pm2/logs/delish-api-error.log │
│ out log path      │ /root/.pm2/logs/delish-api-out.log   │
│ pid path          │ /root/.pm2/pids/delish-api-0.pid     │
│ interpreter       │ /usr/bin/node                        │
│ interpreter args  │ N/A                                  │
│ script id         │ 0                                    │
│ exec cwd          │ /opt/delishafrica/monorepo           │
│ exec mode         │ fork_mode                            │
│ node.js version   │ 20.19.6                              │
│ node env          │ N/A                                  │
│ watch & reload    │ ✘                                    │
│ unstable restarts │ 0                                    │
│ created at        │ N/A                                  │
└───────────────────┴──────────────────────────────────────┘
 Divergent env variables from local env 
┌───────┬───┐
│ SHLVL │ 3 │
└───────┴───┘

 Add your own code metrics: http://bit.ly/code-metrics
 Use `pm2 logs delish-api [--lines 1000]` to display logs
 Use `pm2 env 0` to display environment variables
 Use `pm2 monit` to monitor CPU and Memory usage delish-api

>>> Récap rapide du script et du cwd :
│ script path       │ /usr/local/bin/pnpm                  │
│ script args       │ -C services/api run start:prod       │
│ interpreter args  │ N/A                                  │
│ script id         │ 0                                    │
│ exec cwd          │ /opt/delishafrica/monorepo           │

>>> Recherche du endpoint health dans le code source (hors node_modules/dist) :
/opt/delishafrica/compose/da_api_origin_probe.sh:15:grep -RIn "@Get('health')" "$ROOT" \
/opt/delishafrica/compose/da_api_origin_probe.sh:19:  | head -n 20 || echo "⚠️ aucun @Get('health') trouvé dans les sources (hors dist)"
/opt/delishafrica/delishafrica/services/api/src/app.controller.ts.bak.2025-10-14-105237:8:  @Get('health')
/opt/delishafrica/delishafrica/services/api/src/modules/search/search.controller.ts:19:  @Get('health')
/opt/delishafrica/delishafrica/services/api/src/modules/search/search.controller.ts.bak.1759619531:19:  @Get('health')
/opt/delishafrica/delishafrica/services/api/src/modules/search/search.controller.ts.bak.20251005003835:16:  @Get('health')
/opt/delishafrica/delishafrica/services/api/src/modules/search/search.controller.ts.bak.1759618568:19:  @Get('health')
/opt/delishafrica/delishafrica/services/api/src/app.controller.ts:7:  @Get('health') health() { return this.appService.health(); }
/opt/delishafrica/delishafrica/services/api/src/app.controller.ts.bak.2025-10-14-104036:8:  @Get('health')
/opt/delishafrica/monorepo/da_api_origin_probe.sh:15:grep -RIn "@Get('health')" "$ROOT" \
/opt/delishafrica/monorepo/da_api_origin_probe.sh:19:  | head -n 20 || echo "⚠️ aucun @Get('health') trouvé dans les sources (hors dist)"
/opt/delishafrica/delishafrica-monorepo/services/api/src/app.controller.ts.bak.2025-10-14-105237:8:  @Get('health')
/opt/delishafrica/delishafrica-monorepo/services/api/src/modules/search/search.controller.ts:19:  @Get('health')
/opt/delishafrica/delishafrica-monorepo/services/api/src/modules/search/search.controller.ts.bak.1759619531:19:  @Get('health')
/opt/delishafrica/delishafrica-monorepo/services/api/src/modules/search/search.controller.ts.bak.20251005003835:16:  @Get('health')
/opt/delishafrica/delishafrica-monorepo/services/api/src/modules/search/search.controller.ts.bak.1759618568:19:  @Get('health')
/opt/delishafrica/delishafrica-monorepo/services/api/src/app.controller.ts:7:  @Get('health') health() { return this.appService.health(); }
/opt/delishafrica/delishafrica-monorepo/services/api/src/app.controller.ts.bak.2025-10-14-104036:8:  @Get('health')

>>> Fin du diagnostic.
