
[18:14:44] Patch client => delishafrica-client / 394e7d6f-559b-4536-81a9-fbc0cdb0c68f

[18:14:44] Patch merchant => delishafrica-merchant / ac87e7fa-1e43-4baa-813e-6174797314a1

[18:14:44] Patch courier => delishafrica-courier / b6ed6df5-cd75-48ff-99f9-fc5adcaec479

[18:14:44] SUMMARY:

--- client (/opt/delishafrica/monorepo/apps/client/app.config.ts) ---
4:const OWNER = "purpleorchidgroup";
5:const SLUG = "delishafrica-client";
6:const EAS_PROJECT_ID = "394e7d6f-559b-4536-81a9-fbc0cdb0c68f";
18:      projectId: EAS_PROJECT_ID,
25:    owner: OWNER,
26:    slug: SLUG,
33:export const __EAS_PROJECT_ID__ = "394e7d6f-559b-4536-81a9-fbc0cdb0c68f";

--- merchant (/opt/delishafrica/monorepo/apps/merchant/app.config.ts) ---
4:const OWNER = "purpleorchidgroup";
5:const SLUG = "delishafrica-merchant";
6:const EAS_PROJECT_ID = "ac87e7fa-1e43-4baa-813e-6174797314a1";
17:      projectId: EAS_PROJECT_ID,
24:    owner: OWNER,
25:    slug: SLUG,
32:export const __EAS_PROJECT_ID__ = "ac87e7fa-1e43-4baa-813e-6174797314a1";

--- courier (/opt/delishafrica/monorepo/apps/courier/app.config.ts) ---
4:const OWNER = "purpleorchidgroup";
5:const SLUG = "delishafrica-courier";
6:const EAS_PROJECT_ID = "b6ed6df5-cd75-48ff-99f9-fc5adcaec479";
17:      projectId: EAS_PROJECT_ID,
24:    owner: OWNER,
25:    slug: SLUG,
32:export const __EAS_PROJECT_ID__ = "b6ed6df5-cd75-48ff-99f9-fc5adcaec479";

[18:14:44] OK ✅ Backups: /opt/delishafrica/monorepo/.tonton_backups/force_expo_ids_20260120_181444

[18:14:44] Report: /opt/delishafrica/monorepo/.tonton_backups/force_expo_ids_20260120_181444/report.log
