🧷 Fix app.config.ts (dynamic) -> spread config + slug simple
Root:   /opt/delishafrica/monorepo
Backup: /opt/delishafrica/monorepo/.tonton_backups/fix_app_config_slug_20260114_212220
Report: /opt/delishafrica/monorepo/.tonton_reports/fix_app_config_slug_20260114_212220.log

/opt/delishafrica/monorepo/scripts/tonton_fix_dynamic_app_config_slug.sh: line 33: import 'dotenv/config';
import type { ConfigContext, ExpoConfig } from 'expo/config';

/**
 * SAFE dynamic config for EAS/Expo:
 * - Always spread \`config\` (so app.json values are preserved)
 * - Force slug to match the already linked EAS project (client/courier/merchant)
 * - Preserve \`extra\` (incl. extra.eas.projectId) if present
 */
export default ({ config }: ConfigContext): ExpoConfig => {
  const extra: any = config.extra ?? {};
  const eas = extra.eas ?? {};

  return {
    ...config,
    slug: '${app}',

    // keep platform objects if they exist
    ios: { ...(config.ios ?? {}) },
    android: { ...(config.android ?? {}) },

    extra: {
      ...extra,
      eas: {
        ...eas,
        // If projectId is already in app.json, it stays.
        // Otherwise you can inject via env var EAS_PROJECT_ID_${app.toUpperCase()}
        projectId: eas.projectId ?? process.env.EAS_PROJECT_ID_${app.toUpperCase()},
      },
    },
  };
};
: bad substitution
