[02:04:10] === FIX COURIER EAS IDS ===
[02:04:10] ROOT=/opt/delishafrica/monorepo
[02:04:10] APP_DIR=/opt/delishafrica/monorepo/apps/courier
[02:04:10] 1) Scan occurrences merchant dans courier/
/opt/delishafrica/monorepo/apps/courier/app.config.ts.bak.20260111_230203:5:  slug: "delishafrica-courier",
/opt/delishafrica/monorepo/apps/courier/app.json.bak.20260117_010020:4:    "slug": "delishafrica-courier",
/opt/delishafrica/monorepo/apps/courier/app.json.bak.20260117_010020:19:        "projectId": "dae37d7c-369e-436c-a4d1-ba62bf8cbcf6"
/opt/delishafrica/monorepo/apps/courier/app.config.ts.bak.20260111_190608:5:  slug: 'delishafrica-courier',
/opt/delishafrica/monorepo/apps/courier/app.config.ts.bak.20260111_190608:17:      projectId: '5d1b6b85-9e64-4cc2-9cbe-7d698feccc84',
/opt/delishafrica/monorepo/apps/courier/app.config.ts.BROKEN_2025-11-13-2351:6:  slug: 'delishafrica-courier',
/opt/delishafrica/monorepo/apps/courier/app.config.ts.BROKEN_2025-11-13-2351:31:      projectId: '5dbb0e85-9e64-4cc2-9cbe-7d698feccc84',
/opt/delishafrica/monorepo/apps/courier/app.config.ts.BEFORE_V2_2025-11-14-0205:6:  slug: 'delishafrica-courier',
/opt/delishafrica/monorepo/apps/courier/app.config.ts.BEFORE_V2_2025-11-14-0205:31:      projectId: '5dbb0e85-9e64-4cc2-9cbe-7d698feccc84',
/opt/delishafrica/monorepo/apps/courier/app.config.ts:4:const SLUG = "delishafrica-merchant";
/opt/delishafrica/monorepo/apps/courier/app.config.ts:5:const EAS_PROJECT_ID = "ac87e7fa-1e43-4baa-813e-6174797314a1";
/opt/delishafrica/monorepo/apps/courier/app.config.ts:13:    slug: SLUG,
/opt/delishafrica/monorepo/apps/courier/app.config.ts:19:        projectId: EAS_PROJECT_ID,
/opt/delishafrica/monorepo/apps/courier/app.config.ts.bak.20260111_221535:5:  slug: 'delishafrica-courier',
/opt/delishafrica/monorepo/apps/courier/app.config.ts.bak.20260111_221535:17:      projectId: '5d1b6b85-9e64-4cc2-9cbe-7d698feccc84',
/opt/delishafrica/monorepo/apps/courier/app.config.ts.SAFE_2025-11-14-0313:6:  slug: 'delishafrica-courier-v2',
/opt/delishafrica/monorepo/apps/courier/app.config.ts.SAFE_2025-11-14-0313:30:      projectId: '3f63ee3b-81dd-40d7-9b18-eb3d455ebe4c',
/opt/delishafrica/monorepo/apps/courier/app.config.ts.BROKEN_2025-11-14-0157:6:  slug: 'delishafrica-courier',
/opt/delishafrica/monorepo/apps/courier/app.config.ts.BROKEN_2025-11-14-0157:31:      projectId: '5dbb0e85-9e64-4cc2-9cbe-7d698feccc84',
/opt/delishafrica/monorepo/apps/courier/app.config.ts.bak.20260111_192028:5:  slug: 'delishafrica-courier',
/opt/delishafrica/monorepo/apps/courier/app.config.ts.bak.20260111_192028:17:      projectId: '5d1b6b85-9e64-4cc2-9cbe-7d698feccc84',
/opt/delishafrica/monorepo/apps/courier/app.config.ts.SAFE_2025-11-14-0222:6:  slug: 'delishafrica-courier-v2',
/opt/delishafrica/monorepo/apps/courier/app.config.ts.SAFE_2025-11-14-0222:31:      projectId: '77afc09a-2fbb-4d9f-ac45-29d8b9ae48ab',
/opt/delishafrica/monorepo/apps/courier/app.json.bak.20260116_233757:4:    "slug": "delishafrica-courier",
/opt/delishafrica/monorepo/apps/courier/app.json.bak.20260116_233757:19:        "projectId": "..."
/opt/delishafrica/monorepo/apps/courier/app.json.bak.20260116_052239:4:    "slug": "delishafrica-courier",
/opt/delishafrica/monorepo/apps/courier/app.json.bak.20260116_052239:19:        "projectId": "..."
/opt/delishafrica/monorepo/apps/courier/app.json.bak.20260111_221532:4:    "slug": "delishafrica-courier",
/opt/delishafrica/monorepo/apps/courier/app.json.bak.20260117_002021:4:    "slug": "delishafricacourier",
/opt/delishafrica/monorepo/apps/courier/app.json.bak.20260117_002021:19:        "projectId": "dae37d7c-369e-436c-a4d1-ba62bf8cbf6f"
/opt/delishafrica/monorepo/apps/courier/app.config.ts.bak.20260116_052239:7: * - forces slug
/opt/delishafrica/monorepo/apps/courier/app.config.ts.bak.20260116_052239:8: * - injects EAS projectId (required for stable EAS commands/builds)
/opt/delishafrica/monorepo/apps/courier/app.config.ts.bak.20260116_052239:16:    slug: "courier",
/opt/delishafrica/monorepo/apps/courier/app.config.ts.bak.20260116_052239:23:        projectId: "dae37d7c-369e-436c-a4d1-ba62bfb8cbf6",
/opt/delishafrica/monorepo/apps/courier/app.config.ts.bak.20260117_010020:21:    slug: "delishafrica-courier",
/opt/delishafrica/monorepo/apps/courier/app.config.ts.bak.20260111_223511:5:  slug: "delishafrica-courier",
/opt/delishafrica/monorepo/apps/courier/app.config.ts.BROKEN_2025-11-14-0151:6:  slug: 'delishafrica-courier',
/opt/delishafrica/monorepo/apps/courier/app.config.ts.BROKEN_2025-11-14-0151:31:      projectId: '5dbb0e85-9e64-4cc2-9cbe-7d698feccc84',
/opt/delishafrica/monorepo/apps/courier/app.json.bak.20260117_000358:4:    "slug": "delishafrica-courier",
/opt/delishafrica/monorepo/apps/courier/app.json.bak.20260117_000358:19:        "projectId": "dae37d7c-369e-436c-a4d1-ba62bf8bcbf6"
/opt/delishafrica/monorepo/apps/courier/app.config.ts.FINAL_2025-11-14-0210:6:  slug: 'delishafrica-courier-v2',
/opt/delishafrica/monorepo/apps/courier/app.config.ts.FINAL_2025-11-14-0210:31:      // projectId: '5dbb0e85-9e64-4cc2-9cbe-7d698feccc84',
/opt/delishafrica/monorepo/apps/courier/src/data/ThieypMenu.ts:18:  slug: "thieyp",
/opt/delishafrica/monorepo/apps/courier/app.json.bak.20260117_002821:4:    "slug": "delishafrica-courier",
/opt/delishafrica/monorepo/apps/courier/app.json.bak.20260117_002821:19:        "projectId": "dae37d7c-369e-436c-a4d1-ba62bf8bcbf6"
/opt/delishafrica/monorepo/apps/courier/app.json:4:    "slug": "delishafrica-courier",
/opt/delishafrica/monorepo/apps/courier/app.json:20:        "projectId": "b6ed6df5-cd75-48ff-99f9-fc5adcaec479"
[02:04:10] 2) Patch fichiers de config possibles (courier)
[02:04:10] 🧷 backup: apps/courier/app.config.ts -> /opt/delishafrica/monorepo/.tonton_backups/fix_courier_eas_ids_20260122_020410/apps/courier/app.config.ts
[02:04:10] ✍️  patch: apps/courier/app.config.ts
[02:04:10] 2b) Patch étendu (uniquement fichiers contenant les marqueurs merchant)
[02:04:10] 3) Re-scan post-patch (doit être VIDE pour merchant slug/id)
[02:04:10] 4) Vérif expo config (doit afficher courier)
[02:04:10] 🔎 eas whoami (info):
delishafrica
[02:04:16] 🔎 expo config (owner/slug/projectId):
{
  owner: 'delishafrica',
  slug: 'delishafrica-courier',
  projectId: 'b6ed6df5-cd75-48ff-99f9-fc5adcaec479'
}
[02:04:21] 5) Check attendu
[02:04:25] ✅ OK: Courier est maintenant aligné (owner/slug/projectId).
[02:04:25] 📄 Report: /opt/delishafrica/monorepo/.tonton_reports/fix_courier_eas_ids_20260122_020410.log
[02:04:25] 🧷 Backups: /opt/delishafrica/monorepo/.tonton_backups/fix_courier_eas_ids_20260122_020410
