🩺 TONTON FLEX DOCTOR (bounded height / flex chain)
Root:   /opt/delishafrica/monorepo
Backup: /opt/delishafrica/monorepo/.tonton_backups/flex_doctor_20260114_183612
Report: /opt/delishafrica/monorepo/.tonton_reports/flex_doctor_20260114_183612.log

============================================================
A) CIBLE — Layouts & screens
============================================================
Layouts: 14
Screens with lists: 34

============================================================
B) BACKUP — Layouts + screens
============================================================
Backup OK ✅

============================================================
C) PATCH #1 — Expo Router layouts: Stack/Tabs contentStyle/sceneContainerStyle flex:1
============================================================
➡️ Layout patch: /opt/delishafrica/monorepo/apps/_layout.tsx
➡️ Layout patch: /opt/delishafrica/monorepo/apps/client/app/(tabs)/_layout.tsx
➡️ Layout patch: /opt/delishafrica/monorepo/apps/client/app/_layout.tsx
➡️ Layout patch: /opt/delishafrica/monorepo/apps/courier/.backup/courier_v2_20251114-194018/app/_layout.tsx
➡️ Layout patch: /opt/delishafrica/monorepo/apps/courier/app/(tabs)/_layout.tsx
➡️ Layout patch: /opt/delishafrica/monorepo/apps/courier/app/_layout.tsx
➡️ Layout patch: /opt/delishafrica/monorepo/apps/courier/appli-delishafrica-/app/(tabs)/_layout.tsx
➡️ Layout patch: /opt/delishafrica/monorepo/apps/courier/appli-delishafrica-/app/_layout.tsx
➡️ Layout patch: /opt/delishafrica/monorepo/apps/courier/delishafrica-client/app/(tabs)/_layout.tsx
➡️ Layout patch: /opt/delishafrica/monorepo/apps/courier/delishafrica-client/app/_layout.tsx
➡️ Layout patch: /opt/delishafrica/monorepo/apps/courier/delishafrica-client/delishafrica-merchant/app/(tabs)/_layout.tsx
➡️ Layout patch: /opt/delishafrica/monorepo/apps/courier/delishafrica-client/delishafrica-merchant/app/_layout.tsx
➡️ Layout patch: /opt/delishafrica/monorepo/apps/merchant/app/(tabs)/_layout.tsx
➡️ Layout patch: /opt/delishafrica/monorepo/apps/merchant/app/_layout.tsx

============================================================
D) PATCH #2 — Wrappers qui cassent souvent le bounded height: SafeAreaView / KeyboardAvoidingView
============================================================

============================================================
E) PATCH #3 — Stylesheet container/root: inject flex:1 si absent (heuristique safe)
============================================================

============================================================
F) PATCH #4 — Screens: ScrollView/FlatList/SectionList -> style flex:1 + contentContainerStyle flexGrow:1 (si absent)
============================================================

✅ FLEX DOCTOR DONE
Backup: /opt/delishafrica/monorepo/.tonton_backups/flex_doctor_20260114_183612
Report: /opt/delishafrica/monorepo/.tonton_reports/flex_doctor_20260114_183612.log

Rollback (1-liner):
  rsync -a "/opt/delishafrica/monorepo/.tonton_backups/flex_doctor_20260114_183612/" "/opt/delishafrica/monorepo/"

Next: restart metros (clear) + swipe-close iPhone + rescan QR
