
[06:07:43] 🧨 FORCE SCROLL (3 apps) + proof logs

[06:07:43] Root=/opt/delishafrica/monorepo

[06:07:43] Backup=/opt/delishafrica/monorepo/.tonton_backups/force_scroll_20260114_060743

[06:07:43] Report=/opt/delishafrica/monorepo/.tonton_reports/force_scroll_20260114_060743.log

[force-scroll] changed files:
  - /opt/delishafrica/monorepo/apps/client/app/thieyp-demo.tsx
  - /opt/delishafrica/monorepo/apps/client/app/demo-thieyp.tsx
  - /opt/delishafrica/monorepo/apps/client/app/_debug-scroll.tsx
  - /opt/delishafrica/monorepo/apps/client/app/partner/[slug].tsx
  - /opt/delishafrica/monorepo/apps/client/app/restaurant/[id].tsx
  - /opt/delishafrica/monorepo/apps/client/app/restaurants/index.tsx
  - /opt/delishafrica/monorepo/apps/client/ui/ui.tsx
  - /opt/delishafrica/monorepo/apps/client/ui/screens/SignatureHomeClient.tsx
  - /opt/delishafrica/monorepo/apps/client/components/parallax-scroll-view.tsx
  - /opt/delishafrica/monorepo/apps/client/components/AppBackground.tsx
  - /opt/delishafrica/monorepo/apps/merchant/app/home.tsx
  - /opt/delishafrica/monorepo/apps/merchant/app/thieyp-demo.tsx
  - /opt/delishafrica/monorepo/apps/merchant/app/demo-thieyp.tsx
  - /opt/delishafrica/monorepo/apps/merchant/app/_debug-scroll.tsx
  - /opt/delishafrica/monorepo/apps/merchant/app/orders/index.tsx
  - /opt/delishafrica/monorepo/apps/merchant/app/commande/[id].tsx
  - /opt/delishafrica/monorepo/apps/merchant/ui/ui.tsx
  - /opt/delishafrica/monorepo/apps/merchant/ui/screens/SignatureHomeMerchant.tsx
  - /opt/delishafrica/monorepo/apps/merchant/components/parallax-scroll-view.tsx
  - /opt/delishafrica/monorepo/apps/merchant/components/AppBackground.tsx
  - /opt/delishafrica/monorepo/apps/courier/app/home.tsx
  - /opt/delishafrica/monorepo/apps/courier/app/orders.tsx
  - /opt/delishafrica/monorepo/apps/courier/app/thieyp-demo.tsx
  - /opt/delishafrica/monorepo/apps/courier/app/demo-thieyp.tsx
  - /opt/delishafrica/monorepo/apps/courier/app/demoMissions.tsx
  - /opt/delishafrica/monorepo/apps/courier/app/debug.tsx
  - /opt/delishafrica/monorepo/apps/courier/app/_debug-scroll.tsx
  - /opt/delishafrica/monorepo/apps/courier/app/mission/[id].tsx
  - /opt/delishafrica/monorepo/apps/courier/app/missions/index.tsx
  - /opt/delishafrica/monorepo/apps/courier/ui/ui.tsx
  - /opt/delishafrica/monorepo/apps/courier/ui/screens/SignatureHomeCourier.tsx
  - /opt/delishafrica/monorepo/apps/courier/components/parallax-scroll-view.tsx
  - /opt/delishafrica/monorepo/apps/courier/components/AppBackground.tsx
[force-scroll] total: 33

[06:07:43] ✅ Done.

[06:07:43] 📄 Report: /opt/delishafrica/monorepo/.tonton_reports/force_scroll_20260114_060743.log

[06:07:43] 🧯 Rollback: restore from /opt/delishafrica/monorepo/.tonton_backups/force_scroll_20260114_060743 (or git checkout -- .)
