🫥 TONTON OVERLAY PASS-THROUGH (pointerEvents gate)
Root:   /opt/delishafrica/monorepo
Backup: /opt/delishafrica/monorepo/.tonton_backups/overlay_passthrough_20260114_191444
Report: /opt/delishafrica/monorepo/.tonton_reports/overlay_passthrough_20260114_191444.log

============================================================
A) FIND suspects (Background/Overlay/Snow/Parallax + absolute)
============================================================
Candidates: 12
/opt/delishafrica/monorepo/apps/merchant/components/AppBackground.tsx
/opt/delishafrica/monorepo/apps/merchant/components/BrandBackground.tsx
/opt/delishafrica/monorepo/apps/merchant/src/ui/SnowOverlay.tsx
/opt/delishafrica/monorepo/apps/client/components/AppBackground.tsx
/opt/delishafrica/monorepo/apps/client/components/BrandBackground.tsx
/opt/delishafrica/monorepo/apps/client/src/ui/SnowOverlay.tsx
/opt/delishafrica/monorepo/apps/courier/appli-delishafrica-/components/BrandBackground.tsx
/opt/delishafrica/monorepo/apps/courier/delishafrica-client/components/BrandBackground.tsx
/opt/delishafrica/monorepo/apps/courier/delishafrica-client/delishafrica-merchant/components/BrandBackground.tsx
/opt/delishafrica/monorepo/apps/courier/components/AppBackground.tsx
/opt/delishafrica/monorepo/apps/courier/components/BrandBackground.tsx
/opt/delishafrica/monorepo/apps/courier/src/ui/SnowOverlay.tsx

============================================================
B) BACKUP + PATCH pointerEvents gate
   pointerEvents={EXPO_PUBLIC_TOUCH_PASSTHROUGH==='1' ? 'none' : 'auto'}
============================================================
⏭️ Skip (already pointerEvents): /opt/delishafrica/monorepo/apps/merchant/components/AppBackground.tsx
⏭️ Skip (already pointerEvents): /opt/delishafrica/monorepo/apps/merchant/components/BrandBackground.tsx
⏭️ Skip (already pointerEvents): /opt/delishafrica/monorepo/apps/merchant/src/ui/SnowOverlay.tsx
⏭️ Skip (already pointerEvents): /opt/delishafrica/monorepo/apps/client/components/AppBackground.tsx
⏭️ Skip (already pointerEvents): /opt/delishafrica/monorepo/apps/client/components/BrandBackground.tsx
⏭️ Skip (already pointerEvents): /opt/delishafrica/monorepo/apps/client/src/ui/SnowOverlay.tsx
⏭️ Skip (already pointerEvents): /opt/delishafrica/monorepo/apps/courier/appli-delishafrica-/components/BrandBackground.tsx
⏭️ Skip (already pointerEvents): /opt/delishafrica/monorepo/apps/courier/delishafrica-client/components/BrandBackground.tsx
⏭️ Skip (already pointerEvents): /opt/delishafrica/monorepo/apps/courier/delishafrica-client/delishafrica-merchant/components/BrandBackground.tsx
⏭️ Skip (already pointerEvents): /opt/delishafrica/monorepo/apps/courier/components/AppBackground.tsx
⏭️ Skip (already pointerEvents): /opt/delishafrica/monorepo/apps/courier/components/BrandBackground.tsx
⏭️ Skip (already pointerEvents): /opt/delishafrica/monorepo/apps/courier/src/ui/SnowOverlay.tsx

✅ DONE (patched: 0)
Backup: /opt/delishafrica/monorepo/.tonton_backups/overlay_passthrough_20260114_191444
Report: /opt/delishafrica/monorepo/.tonton_reports/overlay_passthrough_20260114_191444.log

Rollback (1-liner):
  rsync -a "/opt/delishafrica/monorepo/.tonton_backups/overlay_passthrough_20260114_191444/" "/opt/delishafrica/monorepo/"

TEST:
  EXPO_PUBLIC_TOUCH_PASSTHROUGH=1 pnpm dev -- --tunnel --clear --port XXXX
