
[06:36:01] 🔎 Find Parallax usage + patch all possible implementations

[06:36:01] Root=/opt/delishafrica/monorepo

[06:36:01] Backup=/opt/delishafrica/monorepo/.tonton_backups/parallax_findpatch_20260114_063601

[06:36:01] Report=/opt/delishafrica/monorepo/.tonton_reports/parallax_findpatch_20260114_063601.log
/opt/delishafrica/monorepo/apps/client/components/parallax-scroll-view.tsx:10:export type ParallaxScrollViewProps = {
/opt/delishafrica/monorepo/apps/client/components/parallax-scroll-view.tsx:18:export default function ParallaxScrollView({
/opt/delishafrica/monorepo/apps/client/components/parallax-scroll-view.tsx:23:}: ParallaxScrollViewProps) {
/opt/delishafrica/monorepo/apps/client/components/parallax-scroll-view.tsx:31:      onScrollBeginDrag={() => console.log("[SCROLLBEGIN] ParallaxScrollView")}
/opt/delishafrica/monorepo/apps/merchant/components/parallax-scroll-view.tsx:10:export type ParallaxScrollViewProps = {
/opt/delishafrica/monorepo/apps/merchant/components/parallax-scroll-view.tsx:18:export default function ParallaxScrollView({
/opt/delishafrica/monorepo/apps/merchant/components/parallax-scroll-view.tsx:23:}: ParallaxScrollViewProps) {
/opt/delishafrica/monorepo/apps/merchant/components/parallax-scroll-view.tsx:31:      onScrollBeginDrag={() => console.log("[SCROLLBEGIN] ParallaxScrollView")}
/opt/delishafrica/monorepo/apps/courier/appli-delishafrica-/components/parallax-scroll-view.tsx:10:export type ParallaxScrollViewProps = {
/opt/delishafrica/monorepo/apps/courier/appli-delishafrica-/components/parallax-scroll-view.tsx:18:export default function ParallaxScrollView({
/opt/delishafrica/monorepo/apps/courier/appli-delishafrica-/components/parallax-scroll-view.tsx:23:}: ParallaxScrollViewProps) {
/opt/delishafrica/monorepo/apps/courier/appli-delishafrica-/components/parallax-scroll-view.tsx:31:      onScrollBeginDrag={() => console.log("[SCROLLBEGIN] ParallaxScrollView")}
/opt/delishafrica/monorepo/apps/courier/components/parallax-scroll-view.tsx:10:export type ParallaxScrollViewProps = {
/opt/delishafrica/monorepo/apps/courier/components/parallax-scroll-view.tsx:18:export default function ParallaxScrollView({
/opt/delishafrica/monorepo/apps/courier/components/parallax-scroll-view.tsx:23:}: ParallaxScrollViewProps) {
/opt/delishafrica/monorepo/apps/courier/components/parallax-scroll-view.tsx:31:      onScrollBeginDrag={() => console.log("[SCROLLBEGIN] ParallaxScrollView")}
/opt/delishafrica/monorepo/apps/courier/delishafrica-client/delishafrica-merchant/components/parallax-scroll-view.tsx:10:export type ParallaxScrollViewProps = {
/opt/delishafrica/monorepo/apps/courier/delishafrica-client/delishafrica-merchant/components/parallax-scroll-view.tsx:18:export default function ParallaxScrollView({
/opt/delishafrica/monorepo/apps/courier/delishafrica-client/delishafrica-merchant/components/parallax-scroll-view.tsx:23:}: ParallaxScrollViewProps) {
/opt/delishafrica/monorepo/apps/courier/delishafrica-client/delishafrica-merchant/components/parallax-scroll-view.tsx:31:      onScrollBeginDrag={() => console.log("[SCROLLBEGIN] ParallaxScrollView")}
/opt/delishafrica/monorepo/apps/client/app/(tabs)/explore.tsx:6:import ParallaxScrollView from '@/components/parallax-scroll-view';
/opt/delishafrica/monorepo/apps/client/app/(tabs)/explore.tsx:14:    <ParallaxScrollView
/opt/delishafrica/monorepo/apps/client/app/(tabs)/explore.tsx:91:              The <ThemedText type="defaultSemiBold">components/ParallaxScrollView.tsx</ThemedText>{' '}
/opt/delishafrica/monorepo/apps/client/app/(tabs)/explore.tsx:97:    </ParallaxScrollView>
/opt/delishafrica/monorepo/apps/client/app/(tabs)/index.tsx:5:import ParallaxScrollView from '@/components/parallax-scroll-view';
/opt/delishafrica/monorepo/apps/client/app/(tabs)/index.tsx:12:    <ParallaxScrollView
/opt/delishafrica/monorepo/apps/client/app/(tabs)/index.tsx:77:    </ParallaxScrollView>
/opt/delishafrica/monorepo/apps/merchant/app/(tabs)/explore.tsx:6:import ParallaxScrollView from '@/components/parallax-scroll-view';
/opt/delishafrica/monorepo/apps/merchant/app/(tabs)/explore.tsx:14:    <ParallaxScrollView
/opt/delishafrica/monorepo/apps/merchant/app/(tabs)/explore.tsx:91:              The <ThemedText type="defaultSemiBold">components/ParallaxScrollView.tsx</ThemedText>{' '}
/opt/delishafrica/monorepo/apps/merchant/app/(tabs)/explore.tsx:97:    </ParallaxScrollView>
/opt/delishafrica/monorepo/apps/merchant/app/(tabs)/index.tsx:5:import ParallaxScrollView from '@/components/parallax-scroll-view';
/opt/delishafrica/monorepo/apps/merchant/app/(tabs)/index.tsx:12:    <ParallaxScrollView
/opt/delishafrica/monorepo/apps/merchant/app/(tabs)/index.tsx:77:    </ParallaxScrollView>
/opt/delishafrica/monorepo/apps/courier/appli-delishafrica-/app/(tabs)/explore.tsx:6:import ParallaxScrollView from '@/components/parallax-scroll-view';
/opt/delishafrica/monorepo/apps/courier/appli-delishafrica-/app/(tabs)/explore.tsx:14:    <ParallaxScrollView
/opt/delishafrica/monorepo/apps/courier/appli-delishafrica-/app/(tabs)/explore.tsx:91:              The <ThemedText type="defaultSemiBold">components/ParallaxScrollView.tsx</ThemedText>{' '}
/opt/delishafrica/monorepo/apps/courier/appli-delishafrica-/app/(tabs)/explore.tsx:97:    </ParallaxScrollView>
/opt/delishafrica/monorepo/apps/courier/app/(tabs)/explore.tsx:6:import ParallaxScrollView from '@/components/parallax-scroll-view';
/opt/delishafrica/monorepo/apps/courier/app/(tabs)/explore.tsx:14:    <ParallaxScrollView
/opt/delishafrica/monorepo/apps/courier/app/(tabs)/explore.tsx:91:              The <ThemedText type="defaultSemiBold">components/ParallaxScrollView.tsx</ThemedText>{' '}
/opt/delishafrica/monorepo/apps/courier/app/(tabs)/explore.tsx:97:    </ParallaxScrollView>
/opt/delishafrica/monorepo/apps/courier/app/(tabs)/index.tsx:5:import ParallaxScrollView from '@/components/parallax-scroll-view';
/opt/delishafrica/monorepo/apps/courier/app/(tabs)/index.tsx:12:    <ParallaxScrollView
/opt/delishafrica/monorepo/apps/courier/app/(tabs)/index.tsx:77:    </ParallaxScrollView>
/opt/delishafrica/monorepo/apps/courier/appli-delishafrica-/app/(tabs)/index.tsx:5:import ParallaxScrollView from '@/components/parallax-scroll-view';
/opt/delishafrica/monorepo/apps/courier/appli-delishafrica-/app/(tabs)/index.tsx:12:    <ParallaxScrollView
/opt/delishafrica/monorepo/apps/courier/appli-delishafrica-/app/(tabs)/index.tsx:77:    </ParallaxScrollView>
/opt/delishafrica/monorepo/apps/courier/delishafrica-client/delishafrica-merchant/app/(tabs)/explore.tsx:6:import ParallaxScrollView from '@/components/parallax-scroll-view';
/opt/delishafrica/monorepo/apps/courier/delishafrica-client/delishafrica-merchant/app/(tabs)/explore.tsx:14:    <ParallaxScrollView
/opt/delishafrica/monorepo/apps/courier/delishafrica-client/delishafrica-merchant/app/(tabs)/explore.tsx:91:              The <ThemedText type="defaultSemiBold">components/ParallaxScrollView.tsx</ThemedText>{' '}
/opt/delishafrica/monorepo/apps/courier/delishafrica-client/delishafrica-merchant/app/(tabs)/explore.tsx:97:    </ParallaxScrollView>
/opt/delishafrica/monorepo/apps/courier/delishafrica-client/app/(tabs)/explore.tsx:6:import ParallaxScrollView from '@/components/parallax-scroll-view';
/opt/delishafrica/monorepo/apps/courier/delishafrica-client/app/(tabs)/explore.tsx:14:    <ParallaxScrollView
/opt/delishafrica/monorepo/apps/courier/delishafrica-client/app/(tabs)/explore.tsx:91:              The <ThemedText type="defaultSemiBold">components/ParallaxScrollView.tsx</ThemedText>{' '}
/opt/delishafrica/monorepo/apps/courier/delishafrica-client/app/(tabs)/explore.tsx:97:    </ParallaxScrollView>
/opt/delishafrica/monorepo/apps/courier/delishafrica-client/delishafrica-merchant/app/(tabs)/index.tsx:5:import ParallaxScrollView from '@/components/parallax-scroll-view';
/opt/delishafrica/monorepo/apps/courier/delishafrica-client/delishafrica-merchant/app/(tabs)/index.tsx:12:    <ParallaxScrollView
/opt/delishafrica/monorepo/apps/courier/delishafrica-client/delishafrica-merchant/app/(tabs)/index.tsx:77:    </ParallaxScrollView>
/opt/delishafrica/monorepo/apps/courier/delishafrica-client/app/(tabs)/index.tsx:5:import ParallaxScrollView from '@/components/parallax-scroll-view';
/opt/delishafrica/monorepo/apps/courier/delishafrica-client/app/(tabs)/index.tsx:12:    <ParallaxScrollView
/opt/delishafrica/monorepo/apps/courier/delishafrica-client/app/(tabs)/index.tsx:77:    </ParallaxScrollView>
/opt/delishafrica/monorepo/apps/courier/delishafrica-client/components/parallax-scroll-view.tsx:10:export type ParallaxScrollViewProps = {
/opt/delishafrica/monorepo/apps/courier/delishafrica-client/components/parallax-scroll-view.tsx:18:export default function ParallaxScrollView({
/opt/delishafrica/monorepo/apps/courier/delishafrica-client/components/parallax-scroll-view.tsx:23:}: ParallaxScrollViewProps) {
/opt/delishafrica/monorepo/apps/courier/delishafrica-client/components/parallax-scroll-view.tsx:31:      onScrollBeginDrag={() => console.log("[SCROLLBEGIN] ParallaxScrollView")}

[06:36:01] 🧩 Candidats patchés (18):
  - /opt/delishafrica/monorepo/apps/merchant/components/parallax-scroll-view.tsx
  - /opt/delishafrica/monorepo/apps/client/components/parallax-scroll-view.tsx
  - /opt/delishafrica/monorepo/apps/courier/appli-delishafrica-/components/parallax-scroll-view.tsx
  - /opt/delishafrica/monorepo/apps/courier/delishafrica-client/components/parallax-scroll-view.tsx
  - /opt/delishafrica/monorepo/apps/courier/delishafrica-client/delishafrica-merchant/components/parallax-scroll-view.tsx
  - /opt/delishafrica/monorepo/apps/courier/components/parallax-scroll-view.tsx
  - /opt/delishafrica/monorepo/apps/courier/app/(tabs)/explore.tsx
  - /opt/delishafrica/monorepo/apps/courier/app/(tabs)/index.tsx
  - /opt/delishafrica/monorepo/apps/courier/appli-delishafrica-/app/(tabs)/explore.tsx
  - /opt/delishafrica/monorepo/apps/courier/appli-delishafrica-/app/(tabs)/index.tsx
  - /opt/delishafrica/monorepo/apps/merchant/app/(tabs)/explore.tsx
  - /opt/delishafrica/monorepo/apps/merchant/app/(tabs)/index.tsx
  - /opt/delishafrica/monorepo/apps/courier/delishafrica-client/app/(tabs)/explore.tsx
  - /opt/delishafrica/monorepo/apps/courier/delishafrica-client/app/(tabs)/index.tsx
  - /opt/delishafrica/monorepo/apps/courier/delishafrica-client/delishafrica-merchant/app/(tabs)/explore.tsx
  - /opt/delishafrica/monorepo/apps/client/app/(tabs)/index.tsx
  - /opt/delishafrica/monorepo/apps/courier/delishafrica-client/delishafrica-merchant/app/(tabs)/index.tsx
  - /opt/delishafrica/monorepo/apps/client/app/(tabs)/explore.tsx

[06:36:02] ✅ Patch parallax override appliqué.

[06:36:02] 📄 Report: /opt/delishafrica/monorepo/.tonton_reports/parallax_findpatch_20260114_063601.log

[06:36:02] 🧯 Rollback: restore from /opt/delishafrica/monorepo/.tonton_backups/parallax_findpatch_20260114_063601 (or git checkout -- .)
