
[2026-01-19 23:47:56] Root détecté: /opt/delishafrica/monorepo

[2026-01-19 23:47:56] 1) Stop ancien stack + ports

[2026-01-19 23:47:56] Stop tmux session: DA_REL (si existe)

[2026-01-19 23:47:56] Stop anciens procesos dev

[2026-01-19 23:47:56] PM2 détecté -> stop all (safe)

[2026-01-19 23:47:56] Libération ports fantômes

[2026-01-19 23:47:57] Freeing port 3010 (PIDs: 3369)

[2026-01-19 23:47:57] 2) Clean caches

[2026-01-19 23:47:57] Nettoyage caches (safe)

[2026-01-19 23:47:57] 3) pnpm install workspace

[2026-01-19 23:47:57] pnpm path(s):
pnpm is /usr/local/bin/pnpm
pnpm is /usr/local/bin/pnpm
pnpm is /usr/bin/pnpm
pnpm is /bin/pnpm
9.15.4

[2026-01-19 23:47:58] pnpm -w install (workspace) à la racine
Lockfile is up to date, resolution step is skipped
Progress: resolved 1, reused 0, downloaded 0, added 0
Packages: +728
++++++++++++++++++++++++++++++++++++++++++++++++++++++++++++++++++++++++++++++++

   ╭───────────────────────────────────────────────────────────────────╮
   │                                                                   │
   │                Update available! 9.15.4 → 10.28.1.                │
   │   Changelog: https://github.com/pnpm/pnpm/releases/tag/v10.28.1   │
   │                 Run "pnpm self-update" to update.                 │
   │                                                                   │
   ╰───────────────────────────────────────────────────────────────────╯

Progress: resolved 728, reused 636, downloaded 6, added 0
Progress: resolved 728, reused 636, downloaded 16, added 582
Progress: resolved 728, reused 636, downloaded 36, added 658
Progress: resolved 728, reused 636, downloaded 63, added 689
Progress: resolved 728, reused 636, downloaded 90, added 727
Progress: resolved 728, reused 636, downloaded 91, added 727
Progress: resolved 728, reused 636, downloaded 91, added 728, done

dependencies:
+ @babel/runtime 7.28.4
+ @expo/metro-runtime 6.1.2
+ @radix-ui/react-compose-refs 1.1.2
+ @radix-ui/react-slot 1.2.4
+ @react-native/assets-registry 0.83.0
+ @react-native/normalize-colors 0.83.0
+ @react-native/virtualized-lists 0.83.0
+ @react-navigation/bottom-tabs 7.8.11
+ @react-navigation/elements 2.9.1
+ @react-navigation/native 7.1.24
+ @react-navigation/native-stack 7.8.5
+ @react-navigation/routers 7.5.2
+ @ungap/structured-clone 1.3.0
+ abort-controller 3.0.0
+ anser 2.3.3
+ ansi-regex 6.2.2
+ base64-js 1.5.1
+ buffer 6.0.3
+ color 5.0.3
+ color-convert 3.1.3
+ color-name 2.1.0
+ color-string 2.1.4
+ decode-uri-component 0.4.1
+ escape-string-regexp 5.0.0
+ event-target-shim 6.0.2
+ expo-haptics 15.0.7
+ fast-deep-equal 3.1.3
+ filter-obj 6.1.0
+ ieee754 1.2.1
+ invariant 2.2.4
+ memoize-one 6.0.0
+ metro-runtime 0.83.3
+ nanoid 5.1.6
+ nullthrows 1.1.1
+ pretty-format 30.2.0
+ promise 8.3.0
+ punycode 2.3.1
+ query-string 9.3.1
+ react-freeze 1.0.4
+ react-is 19.2.1
+ react-native-gesture-handler 2.28.0
+ react-native-safe-area-context 5.6.2
+ react-refresh 0.18.0
+ scheduler 0.27.0
+ semver 7.7.3
+ split-on-first 4.0.0
+ stacktrace-parser 0.1.11
+ use-latest-callback 0.3.3
+ use-sync-external-store 1.6.0
+ warn-once 0.1.1
+ webidl-conversions 8.0.0
+ whatwg-fetch 3.6.20
+ whatwg-url-without-unicode 8.0.0-3

devDependencies:
+ @babel/core 7.28.5
+ @types/node 20.19.25
+ babel-preset-expo 54.0.9
+ prettier 3.7.4
+ react-native-reanimated 4.1.5
+ ts-node 10.9.2
+ turbo 2.6.1
+ typescript 5.9.3

Done in 7.5s

[2026-01-19 23:48:05] 4) docker compose up (si présent)

[2026-01-19 23:48:05] Docker compose up -d

[2026-01-19 23:48:06] 5) tmux 10 fenêtres

[2026-01-19 23:48:06] Création tmux session: DA_REL (10 fenêtres fixes 0..9)

[2026-01-19 23:48:07] ✅ OK. Attache:

[2026-01-19 23:48:07] Log complet: /opt/delishafrica/monorepo/.tonton_reports/revive_beast_20260119_234756.log
