
[04:11:20] Root=/opt/delishafrica/monorepo

[04:11:20] Report=/opt/delishafrica/monorepo/.tonton_reports/scroll_rescue_v3_20260114_041120.log

[04:11:20] Backup=/opt/delishafrica/monorepo/.tonton_backups/scroll_rescue_v3_20260114_041120

[04:11:20] AUDIT suspects scroll
---- contentContainerStyle flex:1 ----

---- PanResponder / GestureDetector ----
/opt/delishafrica/monorepo/apps/courier/components/SignaturePad.tsx:10:  const pan = useMemo(() => PanResponder.create({

---- Fullscreen touch wrappers ----

---- pointerEvents ----
/opt/delishafrica/monorepo/apps/merchant/src/ui/SnowOverlay.tsx:59:    <View pointerEvents="none" style={StyleSheet.absoluteFill}>
/opt/delishafrica/monorepo/apps/merchant/src/ui/SnowOverlay.tsx:72:          <Animated.View pointerEvents="none"
/opt/delishafrica/monorepo/apps/merchant/components/BrandBackground.tsx:11:    <View pointerEvents="box-none" style={styles.root}>
/opt/delishafrica/monorepo/apps/merchant/components/BrandBackground.tsx:18:      <View pointerEvents="none" style={styles.overlay} />
/opt/delishafrica/monorepo/apps/merchant/components/BrandBackground.tsx:19:      <View pointerEvents="box-none" style={styles.content}>{children}</View>
/opt/delishafrica/monorepo/apps/merchant/components/AppBackground.tsx:29:    <View pointerEvents="box-none" style={[styles.root, { backgroundColor: colors[0] }]}>
/opt/delishafrica/monorepo/apps/merchant/components/AppBackground.tsx:31:      <View pointerEvents="none" style={[styles.layer, { backgroundColor: colors[0], opacity: 1 }]} />
/opt/delishafrica/monorepo/apps/merchant/components/AppBackground.tsx:32:      <View pointerEvents="none" style={[styles.layer, { backgroundColor: colors[1], opacity: 0.92 }]} />
/opt/delishafrica/monorepo/apps/merchant/components/AppBackground.tsx:33:      <View pointerEvents="none" style={[styles.layer, { backgroundColor: colors[2], opacity: 0.86 }]} />
/opt/delishafrica/monorepo/apps/merchant/components/AppBackground.tsx:40:      <View pointerEvents="none" style={[styles.vignette, { opacity: isDark ? 0.55 : 0.16 }]} />
/opt/delishafrica/monorepo/apps/merchant/components/AppBackground.tsx:46:        pointerEvents="none"
/opt/delishafrica/monorepo/apps/merchant/components/AppBackground.tsx:51:      <View pointerEvents="box-none" style={styles.content}>{children}</View>
/opt/delishafrica/monorepo/apps/merchant/components/parallax-scroll-view.tsx:75:            pointerEvents="none"
/opt/delishafrica/monorepo/apps/merchant/ui/ui.tsx:36:      <SafeAreaView style={[styles.safe, style]} pointerEvents="auto">
/opt/delishafrica/monorepo/apps/merchant/ui/ui.tsx:50:    <SafeAreaView style={[styles.safe, style]} pointerEvents="auto">
/opt/delishafrica/monorepo/apps/merchant/ui/ui.tsx.bak_scrollfix:36:      <SafeAreaView style={[styles.safe, style]} pointerEvents="auto">
/opt/delishafrica/monorepo/apps/merchant/ui/ui.tsx.bak_scrollfix:50:    <SafeAreaView style={[styles.safe, style]} pointerEvents="auto">
/opt/delishafrica/monorepo/apps/merchant/app/orders-demo.tsx.DISABLED.20251221-210617:231: <View pointerEvents="box-none" style={{ position: "absolute", top: 0, left: 0, right: 0, bottom: 0, alignItems: "center", justifyContent: "center" }}>
/opt/delishafrica/monorepo/apps/courier/ui/screens/SignatureHomeCourier.tsx:128:      <View pointerEvents="none" style={[StyleSheet.absoluteFillObject, styles.bgGlow]} />
/opt/delishafrica/monorepo/apps/courier/ui/screens/SignatureHomeCourier.tsx:201:    // léger glow décoratif, et surtout pointerEvents="none"
/opt/delishafrica/monorepo/apps/courier/src/ui/SnowOverlay.tsx:59:    <View pointerEvents="none" style={StyleSheet.absoluteFill}>
/opt/delishafrica/monorepo/apps/courier/src/ui/SnowOverlay.tsx:72:          <Animated.View pointerEvents="none"
/opt/delishafrica/monorepo/apps/courier/ui/ui.tsx:36:      <SafeAreaView style={[styles.safe, style]} pointerEvents="auto">
/opt/delishafrica/monorepo/apps/courier/ui/ui.tsx:50:    <SafeAreaView style={[styles.safe, style]} pointerEvents="auto">
/opt/delishafrica/monorepo/apps/courier/ui/ui.tsx.bak_scrollfix:36:      <SafeAreaView style={[styles.safe, style]} pointerEvents="auto">
/opt/delishafrica/monorepo/apps/courier/ui/ui.tsx.bak_scrollfix:50:    <SafeAreaView style={[styles.safe, style]} pointerEvents="auto">
/opt/delishafrica/monorepo/apps/merchant/app/_components/DemoFab.tsx:16: pointerEvents="box-none"
/opt/delishafrica/monorepo/apps/courier/components/BrandBackground.tsx:11:    <View pointerEvents="box-none" style={styles.root}>
/opt/delishafrica/monorepo/apps/courier/components/BrandBackground.tsx:18:      <View pointerEvents="none" style={styles.overlay} />
/opt/delishafrica/monorepo/apps/courier/components/BrandBackground.tsx:19:      <View pointerEvents="box-none" style={styles.content}>{children}</View>
/opt/delishafrica/monorepo/apps/courier/app/mission-demo.tsx.DISABLED.20251221-210617:185: <View pointerEvents="box-none" style={{ position: "absolute", top: 0, left: 0, right: 0, bottom: 0, alignItems: "center", justifyContent: "center" }}>
/opt/delishafrica/monorepo/apps/courier/components/ConfettiBurst.tsx:48:    <View pointerEvents="none" style={StyleSheet.absoluteFill}>
/opt/delishafrica/monorepo/apps/courier/components/RippleBtn.tsx:48:          pointerEvents="none"
/opt/delishafrica/monorepo/apps/courier/app/_components/DemoFab.tsx:16: pointerEvents="box-none"
/opt/delishafrica/monorepo/apps/courier/components/Toast.tsx:42:        pointerEvents="none"
/opt/delishafrica/monorepo/apps/courier/components/MapPreview.tsx:24:      <MapView style={StyleSheet.absoluteFill} initialRegion={region}} pointerEvents="none">
/opt/delishafrica/monorepo/apps/courier/components/AppBackground.tsx:29:    <View pointerEvents="box-none" style={[styles.root, { backgroundColor: colors[0] }]}>
/opt/delishafrica/monorepo/apps/courier/components/AppBackground.tsx:31:      <View pointerEvents="none" style={[styles.layer, { backgroundColor: colors[0], opacity: 1 }]} />
/opt/delishafrica/monorepo/apps/courier/components/AppBackground.tsx:32:      <View pointerEvents="none" style={[styles.layer, { backgroundColor: colors[1], opacity: 0.92 }]} />
/opt/delishafrica/monorepo/apps/courier/components/AppBackground.tsx:33:      <View pointerEvents="none" style={[styles.layer, { backgroundColor: colors[2], opacity: 0.86 }]} />
/opt/delishafrica/monorepo/apps/courier/components/AppBackground.tsx:40:      <View pointerEvents="none" style={[styles.vignette, { opacity: isDark ? 0.55 : 0.16 }]} />
/opt/delishafrica/monorepo/apps/courier/components/AppBackground.tsx:46:        pointerEvents="none"
/opt/delishafrica/monorepo/apps/courier/components/AppBackground.tsx:51:      <View pointerEvents="box-none" style={styles.content}>{children}</View>
/opt/delishafrica/monorepo/apps/courier/components/parallax-scroll-view.tsx:75:            pointerEvents="none"
/opt/delishafrica/monorepo/apps/client/.tonton_backups/lint_hotfix_2026-01-11T05-20-53+01-00/SnowOverlay.tsx.bak:54:    <View pointerEvents="none" style={StyleSheet.absoluteFill}} pointerEvents="none">
/opt/delishafrica/monorepo/apps/client/ui/ui.tsx:36:      <SafeAreaView style={[styles.safe, style]} pointerEvents="auto">
/opt/delishafrica/monorepo/apps/client/ui/ui.tsx:50:    <SafeAreaView style={[styles.safe, style]} pointerEvents="auto">
/opt/delishafrica/monorepo/apps/client/ui/ui.tsx.bak_scrollfix:36:      <SafeAreaView style={[styles.safe, style]} pointerEvents="auto">
/opt/delishafrica/monorepo/apps/client/ui/ui.tsx.bak_scrollfix:50:    <SafeAreaView style={[styles.safe, style]} pointerEvents="auto">
/opt/delishafrica/monorepo/apps/client/patch-courier-premium-ui.sh:110:    <View pointerEvents="none" style={StyleSheet.absoluteFill}>
/opt/delishafrica/monorepo/apps/courier/appli-delishafrica-/components/BrandBackground.tsx:11:    <View pointerEvents="box-none" style={styles.root}>
/opt/delishafrica/monorepo/apps/courier/appli-delishafrica-/components/BrandBackground.tsx:18:      <View pointerEvents="none" style={styles.overlay} />
/opt/delishafrica/monorepo/apps/courier/appli-delishafrica-/components/BrandBackground.tsx:19:      <View pointerEvents="box-none" style={styles.content}>{children}</View>
/opt/delishafrica/monorepo/apps/courier/delishafrica-client/delishafrica-merchant/components/BrandBackground.tsx:11:    <View pointerEvents="box-none" style={styles.root}>
/opt/delishafrica/monorepo/apps/courier/delishafrica-client/delishafrica-merchant/components/BrandBackground.tsx:18:      <View pointerEvents="none" style={styles.overlay} />
/opt/delishafrica/monorepo/apps/courier/delishafrica-client/delishafrica-merchant/components/BrandBackground.tsx:19:      <View pointerEvents="box-none" style={styles.content}>{children}</View>
/opt/delishafrica/monorepo/apps/client/src/ui/SnowOverlay.tsx:47:    <View pointerEvents="none" style={StyleSheet.absoluteFill}>
/opt/delishafrica/monorepo/apps/client/components/BrandBackground.tsx:11:    <View pointerEvents="box-none" style={styles.root}>
/opt/delishafrica/monorepo/apps/client/components/BrandBackground.tsx:18:      <View pointerEvents="none" style={styles.overlay} />
/opt/delishafrica/monorepo/apps/client/components/BrandBackground.tsx:19:      <View pointerEvents="box-none" style={styles.content}>{children}</View>
/opt/delishafrica/monorepo/apps/client/components/AppBackground.tsx:29:    <View pointerEvents="box-none" style={[styles.root, { backgroundColor: colors[0] }]}>
/opt/delishafrica/monorepo/apps/client/components/AppBackground.tsx:31:      <View pointerEvents="none" style={[styles.layer, { backgroundColor: colors[0], opacity: 1 }]} />
/opt/delishafrica/monorepo/apps/client/components/AppBackground.tsx:32:      <View pointerEvents="none" style={[styles.layer, { backgroundColor: colors[1], opacity: 0.92 }]} />
/opt/delishafrica/monorepo/apps/client/components/AppBackground.tsx:33:      <View pointerEvents="none" style={[styles.layer, { backgroundColor: colors[2], opacity: 0.86 }]} />
/opt/delishafrica/monorepo/apps/client/components/AppBackground.tsx:40:      <View pointerEvents="none" style={[styles.vignette, { opacity: isDark ? 0.55 : 0.16 }]} />
/opt/delishafrica/monorepo/apps/client/components/AppBackground.tsx:46:        pointerEvents="none"
/opt/delishafrica/monorepo/apps/client/components/AppBackground.tsx:51:      <View pointerEvents="box-none" style={styles.content}>{children}</View>
/opt/delishafrica/monorepo/apps/client/app/index.tsx:7:    <View style={styles.pill} pointerEvents="box-none">
/opt/delishafrica/monorepo/apps/client/components/parallax-scroll-view.tsx:75:            pointerEvents="none"
/opt/delishafrica/monorepo/apps/client/app/_components/DemoFab.tsx:16: pointerEvents="box-none"
/opt/delishafrica/monorepo/apps/courier/delishafrica-client/components/BrandBackground.tsx:11:    <View pointerEvents="box-none" style={styles.root}>
/opt/delishafrica/monorepo/apps/courier/delishafrica-client/components/BrandBackground.tsx:18:      <View pointerEvents="none" style={styles.overlay} />
/opt/delishafrica/monorepo/apps/courier/delishafrica-client/components/BrandBackground.tsx:19:      <View pointerEvents="box-none" style={styles.content}>{children}</View>

[04:11:20] PATCH 1/2: contentContainerStyle flex:1 -> flexGrow:1

[patch-flexgrow] changed files:
[patch-flexgrow] total: 0

[04:11:20] PATCH 2/2: decorative overlays -> pointerEvents="none" (Background/Overlay/Snow only)

[patch-overlays] changed files:
[patch-overlays] total: 0

[04:11:20] Done.

[04:11:20] Report: /opt/delishafrica/monorepo/.tonton_reports/scroll_rescue_v3_20260114_041120.log

[04:11:20] Rollback from: /opt/delishafrica/monorepo/.tonton_backups/scroll_rescue_v3_20260114_041120
