
[03:04:55] 🧭 Root = /opt/delishafrica/monorepo

[03:04:55] 🧾 Report: /opt/delishafrica/monorepo/.tonton_reports/scroll_rescue_20260114_030455.log

[03:04:55] 📦 Backup dir: /opt/delishafrica/monorepo/.tonton_backups/scroll_rescue_20260114_030455

[03:04:55] 🔎 Git status (avant):
 M app/_layout.tsx
 M apps/_marchand.disabled/.env
 M apps/client
 M apps/courier
 M apps/fix_api_base_all.sh
 M apps/fix_demo_homescreens.sh
 M apps/merchant
 M apps/rebuild_all_apps.sh
 A eas.json
 M package.json
 M pnpm-lock.yaml
 M scripts/da_rescue_client_merchant.sh
 M scripts/delishafrica_auto_migration.sh
 M turbo.json
?? .backup_accents_20251217_035803/
?? .backup_force_real_routes_20251220-160739/
?? .backup_force_signature_20251220-155703/
?? .backup_onboarding_once_session_20251220-163557/
?? .backup_phase2b_signature_20251220-165242/
?? .backup_safearea_20251217_034813/
?? .backup_scroll_pointerevents_20260112_181954/
?? .backup_ui_folder_20251217_040653/
?? .backup_ui_v1_20251220-120652/
?? .backup_ux_phase1_20251217_025531/
?? .backup_ux_wire_v1_20251220-121737/
?? .backups/
?? .env
?? .reports_scroll_fix/
?? .tonton_api_reset_20251219-194125.log
?? .tonton_backups/
?? .tonton_fix_port_3010_20251219-192007.log
?? .tonton_logs/
?? .tonton_reports/
?? .tonton_smoke_20251219-154926.log
?? .tonton_smoke_20251219-155443.log
?? :USERPROFILEDownloads/
?? _backup_scroll_20251221-220356/
?? _backup_ui_safe_padding_20251220-172059/
?? _diag/
?? _ops/
?? _snapshots/
?? app/_layout.tsx.bak.20251216_023209
?? assets/
?? backup_phase2a_cta_20251220-190450/
?? backup_phase2a_wire_cta_20251220-204359/
?? backup_phase2b_anim_20251220-210757/
?? backup_phase2b_anim_20251220-210821/
?? backup_phase2b_demo_screens_20251220-205700/
?? backup_safe_padding_20251220-172929/
?? backups/
?? branding/
?? da/
?? da_api_autoboot.sh
?? da_api_debug_routes.sh
?? da_api_docror_and_mux.sh
?? da_api_local_check.sh
?? da_api_origin_probe.log
?? da_api_origin_probe.sh
?? da_api_rebuild_only.sh
?? da_api_start.sh
?? da_apply_env_apiurl.sh
?? da_apply_env_demo.sh
?? da_apply_uiux_v1.sh
?? da_audit_bridge_courier_platform.sh
?? da_audit_bridge_courier_platform_v2.sh
?? da_compose_rescue.sh
?? da_enable_demo_ui.sh
?? da_final_fix.sh
?? da_fix_client_runtime.sh
?? da_fix_cloudflared.sh
?? da_fix_decor_overlays.sh
?? da_fix_decor_overlays_v2.sh
?? da_fix_metro_runtime_ui_v1.sh
?? da_fix_scroll_3010_eio.sh
?? da_fix_scroll_bg_v3.sh
?? da_fix_scroll_final.sh
?? da_fix_scroll_global.sh
?? da_fix_scroll_overlays_SAFE.sh
?? da_fix_scroll_pointerevents.sh
?? da_fix_sharedarraybuffer.log
?? da_fix_sharedarraybuffer.sh
?? da_fix_sharedarraybuffer_root.sh
?? da_fix_sharedarraybuffer_v2.log
?? da_fix_sharedarraybuffer_v2.sh
?? da_fix_sharedarraybuffer_v3.sh
?? da_fix_ui_imports.sh
?? da_fix_ui_pkg_resolution.sh
?? da_full_stack_boot.sh
?? da_guardian.sh
?? da_kill_metro_ports.sh
?? da_master_tmux_5win.sh
?? da_mux_monorepo.sh
?? da_mux_v3.sh
?? da_patch_courier_bridge_v1.sh
?? da_patch_hmrclient_stub.sh
?? da_patch_pretty_format_stub.sh
?? da_probe_courier_endpoints_now.sh
?? da_rescue_all.sh
?? da_reset_all.sh.save
?? da_reset_and_mux.sh
?? da_reset_node_modules.sh
?? da_reset_ports_and_mux.sh
?? da_scan_scroll_killers.sh
?? da_scroll_gesture_detector.sh
?? da_scroll_gesture_detector.sh.bak.20260113_213004
?? da_smoketest_api.sh
?? da_thieyp_refresh.sh
?? da_tmux_boot_10.sh
?? da_tmux_delish.sh
?? da_tmux_reboot.sh
?? da_tonton_fix_ui_and_restart.sh
?? da_tonton_launch.sh
?? da_ultimate_reset_3010.sh
?? da_ultime_reset_3010.sh
?? da_ultra_reset.sh
?? delishafrica_import.sh
?? docker-compose.yml
?? docker-compose.yml.bak.2025-12-15_220644
?? docker-compose.yml.bak.2025-12-15_221009
?? docker-compose.yml.bak.20260111_164854
?? docker-compose.yml.bak.20260111_165527
?? docs/
?? fix_expo_app_entry.js
?? metro.config.js
?? ops_snapshot.sh
?? package.json.bak
?? package.json.bak.20251213_100847
?? package.json.before_turbo_fix
?? package.json.current_backup
?? packages/
?? patch-courier-premium-ui.sh
?? patch-courier-ui.sh
?? patch-ui-magic-pack.sh
?? pnpm-workspace.yaml.bak.20251215-044712
?? rebirth.sh
?? rebirth_all.sh
?? reset_api_3010.sh
?? reset_delishafrica.sh
?? restart_delish_dev.sh
?? scan-project.js
?? scan-project.js.bak.20260111_180243
?? scripts/DA_FINALIZE_NOW.sh
?? scripts/DA_FIND_FLOW_FILES.sh
?? scripts/DA_FIX_CLIENT_COURIER_NOW.sh
?? scripts/DA_FIX_INTERACTIONS_NOW.sh
?? scripts/DA_FIX_SCROLL_AND_ROUTES_ALL.sh
?? scripts/DA_FIX_SCROLL_OVERLAYS_CAPTURE.sh
?? scripts/DA_FIX_SCROLL_SCREEN_ALL.sh
?? scripts/DA_FIX_TAPS_NOW.sh
?? scripts/DA_FIX_THIEYP_DEMO_IMPORTS_NOW.sh
?? scripts/DA_FORCE_SCROLL_ALL.sh
?? scripts/DA_NUKE_SLUG_SCREENS_ALL_APPS.sh
?? scripts/FINISH_ALL_3_APPS_NOW_V2.sh
?? scripts/_archive/
?? scripts/da_add_orders_demo_flow_api.sh
?? scripts/da_add_ui_kit_v2.sh
?? scripts/da_api_doctor.sh
?? scripts/da_api_hard_recover_3010.sh
?? scripts/da_api_hard_reset.sh
?? scripts/da_api_supervisor_3010.sh
?? scripts/da_api_supervisor_3010_strict.sh
?? scripts/da_app_dev.sh
?? scripts/da_apply_safe_top_futuristic_v1.sh
?? scripts/da_autofix_async_useEffect_safe.sh
?? scripts/da_autofix_routes_default_export_safe.sh
?? scripts/da_cf530_diag.sh
?? scripts/da_cf_fix_api_dns.sh
?? scripts/da_check_skin_thieyp.sh
?? scripts/da_create_thieyp_demo_routes.sh
?? scripts/da_debug_cta_demo.sh
?? scripts/da_debug_merchant_press.sh
?? scripts/da_detect_orders_screen_merchant.sh
?? scripts/da_dev_lock_10win.sh
?? scripts/da_dev_mux_6win.sh
?? scripts/da_dev_mux_8win.sh
?? scripts/da_diag_pack.sh
?? scripts/da_env_aliases_fix.sh
?? scripts/da_expo_router_ghostbuster.sh
?? scripts/da_find_compose_3010.sh
?? scripts/da_find_projects.sh
?? scripts/da_find_thieyp_screens.sh
?? scripts/da_fix_all_app_configs.sh
?? scripts/da_fix_all_app_configs_v2.sh
?? scripts/da_fix_bg_pointerevents.sh
?? scripts/da_fix_chapitreA_final.sh
?? scripts/da_fix_client_orders_demo.sh
?? scripts/da_fix_cloudflared_api.sh
?? scripts/da_fix_cloudflared_api_v2.sh
?? scripts/da_fix_cloudflared_api_v3.sh
?? scripts/da_fix_commander_demo_route.sh
?? scripts/da_fix_demo_flow_api.sh
?? scripts/da_fix_demo_flow_api_auto.sh
?? scripts/da_fix_demo_flow_api_nest.sh
?? scripts/da_fix_expo_ids_in_expo_obj.sh
?? scripts/da_fix_expo_ports_in_use.sh
?? scripts/da_fix_layout_escapes.sh
?? scripts/da_fix_layout_merchant_courier.sh
?? scripts/da_fix_layout_quotes_v1.sh
?? scripts/da_fix_layout_unicode.sh
?? scripts/da_fix_merchant_orders_screen.sh
?? scripts/da_fix_merchant_ready_button_inert.sh
?? scripts/da_fix_orderid_replace_safe.sh
?? scripts/da_fix_orders_demo_click_client.sh
?? scripts/da_fix_orders_demo_default_export.sh
?? scripts/da_fix_orders_demo_placeholder_to_thieyp.sh
?? scripts/da_fix_parallax_safe.sh
?? scripts/da_fix_partners_routes_clean.sh
?? scripts/da_fix_partners_routes_clean_v2.sh
?? scripts/da_fix_partners_routes_clean_v3.sh
?? scripts/da_fix_partners_routes_v4.sh
?? scripts/da_fix_plusui_and_router_warnings.sh
?? scripts/da_fix_plusui_imports.sh
?? scripts/da_fix_pointerevents_syntax_client.sh
?? scripts/da_fix_port_3010_eaddrinuse.sh
?? scripts/da_fix_ports_expo.sh
?? scripts/da_fix_probe_syntax_error.sh
?? scripts/da_fix_rngh_root_layouts.sh
?? scripts/da_fix_rngh_root_safe.sh
?? scripts/da_fix_root_dev_scripts.sh
?? scripts/da_fix_safearea.sh
?? scripts/da_fix_scroll_parallax.sh
?? scripts/da_fix_slug_pointerevents_hammer_client.sh
?? scripts/da_fix_titles_taglines.sh
?? scripts/da_fix_ui_final.js
?? scripts/da_fix_ui_folder_router.sh
?? scripts/da_fix_ui_imports.sh
?? scripts/da_fix_ui_imports_to__ui.sh
?? scripts/da_fix_ui_private_folder.sh
?? scripts/da_fix_ui_router_now.sh
?? scripts/da_fix_warnings_and_routes.sh
?? scripts/da_flow_gate_e2e.sh
?? scripts/da_force_api_base_all_apps.sh
?? scripts/da_force_fix_orders_demo_routes.sh
?? scripts/da_force_merchant_list_demo.sh
?? scripts/da_gate_scan_injections.sh
?? scripts/da_hotfix_client_lint_now.sh
?? scripts/da_hotfix_layouts_merchant_courier.sh
?? scripts/da_hotfix_orders_demo_ids.sh
?? scripts/da_hotfix_orders_demo_safe_orderid.sh
?? scripts/da_import_thieyp_menu.sh
?? scripts/da_inventory.sh
?? scripts/da_kill_3010_hard.sh
?? scripts/da_kill_port.sh
?? scripts/da_lock_api_port_3010_localhost.sh
?? scripts/da_migrate_ui_out_of_app.sh
?? scripts/da_mux_da_dev_6win.sh
?? scripts/da_onboarding_once_per_session_v1.sh
?? scripts/da_onrails.sh
?? scripts/da_ops_locate_start_3011.sh
?? scripts/da_ops_start_safe_3011.sh
?? scripts/da_patch_action_principale_to_orders_demo.sh
?? scripts/da_patch_action_principale_to_orders_demo_v2.sh
?? scripts/da_patch_and_restart_merchant_orders_list.sh
?? scripts/da_patch_api_demo_get_accept_all_ids.sh
?? scripts/da_patch_api_demo_get_accept_all_ids_v2.sh
?? scripts/da_patch_api_demo_get_always.sh
?? scripts/da_patch_compose_3010_localhost_safe.sh
?? scripts/da_patch_demo_orders_api.sh
?? scripts/da_patch_demo_orders_api_auto.sh
?? scripts/da_patch_demo_ux_magic_v2.sh
?? scripts/da_patch_expo_icons.sh
?? scripts/da_patch_front_extract_order_id_safe.sh
?? scripts/da_patch_headers_and_keys.sh
?? scripts/da_patch_merchant_demo_list.sh
?? scripts/da_patch_merchant_orders_demo_clean.sh
?? scripts/da_patch_merchant_orders_screen.sh
?? scripts/da_patch_ui_headers_and_orders_v1.sh
?? scripts/da_patch_ui_polish_v2.sh
?? scripts/da_patch_ui_polish_v3.sh
?? scripts/da_phase2a_cta_button_fix.sh
?? scripts/da_phase2a_routes_bootstrap.sh
?? scripts/da_phase2a_wire_cta_routes.sh
?? scripts/da_phase2b_add_animations.sh
?? scripts/da_phase2b_add_animations_safe.sh
?? scripts/da_phase2b_add_animations_safe_v2.sh
?? scripts/da_phase2b_create_demo_screens.sh
?? scripts/da_phase2b_signature_screens_v1.sh
?? scripts/da_prebuild_sanitize_api_urls.sh
?? scripts/da_probe_orders_api.sh
?? scripts/da_probe_orders_partner_thieyp.sh
?? scripts/da_rebuild_app_config_ts.sh
?? scripts/da_rebuild_app_config_ts.sh.bak.20260111_211847
?? scripts/da_recover_all_strict.sh
?? scripts/da_release_deploy.sh
?? scripts/da_release_rollback.sh
?? scripts/da_reload_da_rel_clean_metros_v3.sh
?? scripts/da_repair_demo_flow_module.sh
?? scripts/da_restart_client_hard.sh
?? scripts/da_restart_expo_3apps.sh
?? scripts/da_restart_expo_3apps_clean.sh
?? scripts/da_restart_expo_3apps_clean_v2.sh
?? scripts/da_restart_merchant_force.sh
?? scripts/da_restart_merchant_hard.sh
?? scripts/da_restart_merchant_hard_qr.sh
?? scripts/da_restart_merchant_ultra.sh
?? scripts/da_restore_demo_files_lastbak.sh
?? scripts/da_restore_layout_git.sh
?? scripts/da_safe_padding_screen.sh
?? scripts/da_scalpel_bg_off.sh
?? scripts/da_scroll_disable_gestures_suspects.sh
?? scripts/da_scroll_fix_after_probe.sh
?? scripts/da_scroll_fix_list_imports.sh
?? scripts/da_scroll_layout_scalpel.sh
?? scripts/da_scroll_nuclear_recover.sh
?? scripts/da_scroll_purge_probe_git.sh
?? scripts/da_scroll_remove_probe_now.sh
?? scripts/da_scroll_report.sh
?? scripts/da_scroll_responder_scalpel.sh
?? scripts/da_scroll_rngh_audit.sh
?? scripts/da_scroll_touchsafe_overlays.sh
?? scripts/da_scroll_true_scalpel.sh
?? scripts/da_set_app_accents.sh
?? scripts/da_set_app_accents_v2.sh
?? scripts/da_set_app_ids_safe.sh
?? scripts/da_silence_expo_router_warnings.sh
?? scripts/da_smoke_flow_e2e.sh
?? scripts/da_smoke_flow_orders.sh
?? scripts/da_smoke_thieyp_flow.sh
?? scripts/da_snapshot.sh
?? scripts/da_stabilize_run.sh
?? scripts/da_start_ops_platform_3011.sh
?? scripts/da_sync_api_base_all_apps.sh
?? scripts/da_sync_api_base_all_apps_v2.sh
?? scripts/da_thieyp_e2e_smoke.sh
?? scripts/da_thieyp_real_menu_magic.sh
?? scripts/da_tmux_10win.sh
?? scripts/da_tmux_10win_solid_v1.sh
?? scripts/da_tmux_da_dev.sh
?? scripts/da_tmux_da_dev_10.sh
?? scripts/da_tmux_dev_8win.sh
?? scripts/da_tmux_full_reset.sh
?? scripts/da_tmux_release_cockpit.sh
?? scripts/da_tonton_recover_all.sh
?? scripts/da_tonton_reset_tmux_10win.sh
?? scripts/da_tonton_scroll_rescue.sh
?? scripts/da_tonton_scroll_reset.sh
?? scripts/da_tunnel_audit.sh
?? scripts/da_ui_headers_delishafrica.sh
?? scripts/da_ui_polish_v3.sh
?? scripts/da_ui_polish_v4.sh
?? scripts/da_ui_safe_padding.sh
?? scripts/da_unlock_apps_for_patch.sh
?? scripts/da_ux_force_real_routes_v1.sh
?? scripts/da_ux_force_signature_v1.sh
?? scripts/da_ux_foundation_v1.sh
?? scripts/da_ux_wire_v1.sh
?? scripts/da_write_orders_demo_helpers.sh
?? scripts/da_write_thieyp_orders_demo_pages.sh
?? scripts/da_zero_restart_tmux.sh
?? scripts/enable_scroll_all_apps.sh
?? scripts/fix_and_boot_delishafrica_thieyp.sh
?? scripts/fix_metro_all.sh
?? scripts/tmux_5win_delish.sh
?? scripts/tonton_da_hard_reset_3apps.sh
?? scripts/tonton_da_smoke_orders.sh
?? scripts/tonton_fix_taps_all_apps.sh
?? scripts/ux_phase1_apply.sh
?? scrolltester_backup_20260113_164538/
?? serve_ota.log
?? services/api-nest/
?? services/api/.env
?? services/api/DelishAfrica-Coursiers-Infra-Debug-Report.md
?? services/api/Dockerfile
?? services/api/da_api_tsc_build.sh
?? services/api/da_find_app_module.sh
?? services/api/setup_thiepy_demo.sh
?? services/api/src/
?? services/da_api_autoboot.sh
?? services/da_api_diagnose.log
?? services/da_api_diagnose.sh
?? services/da_find_app_module.sh
?? start_env.sh
?? supervisor.sh
?? templates/
?? testeur.sh
?? tmux_demo_down.sh
?? tmux_demo_up.sh
?? tonton_all_in_one.sh
?? tonton_backups/
?? tonton_clean_scrolltester.sh
?? tonton_clean_start.sh
?? tonton_clean_start_3010.sh
?? tonton_lock_base_delish.sh
?? tonton_logs/
?? tonton_pids/
?? tonton_reset_prod.sh
?? tonton_sweep_ports_and_apiurl.sh
?? tools/
?? turbo.json.before_tasks_fix

[03:04:55] 🔬 Audit: patterns connus qui tuent le scroll
---- contentContainerStyle flex:1 (à remplacer) ----

---- PanResponder / GestureDetector (suspects) ----
/opt/delishafrica/monorepo/apps/courier/components/SignaturePad.tsx:10:  const pan = useMemo(() => PanResponder.create({

---- pointerEvents (overlays potentiels) ----
/opt/delishafrica/monorepo/apps/merchant/ui/ui.tsx:36:      <SafeAreaView style={[styles.safe, style]} pointerEvents="auto">
/opt/delishafrica/monorepo/apps/merchant/ui/ui.tsx:50:    <SafeAreaView style={[styles.safe, style]} pointerEvents="auto">
/opt/delishafrica/monorepo/apps/merchant/components/BrandBackground.tsx:11:    <View pointerEvents="box-none" style={styles.root}>
/opt/delishafrica/monorepo/apps/merchant/components/BrandBackground.tsx:18:      <View pointerEvents="none" style={styles.overlay} />
/opt/delishafrica/monorepo/apps/merchant/components/BrandBackground.tsx:19:      <View pointerEvents="box-none" style={styles.content}>{children}</View>
/opt/delishafrica/monorepo/apps/merchant/ui/ui.tsx.bak_scrollfix:36:      <SafeAreaView style={[styles.safe, style]} pointerEvents="auto">
/opt/delishafrica/monorepo/apps/merchant/ui/ui.tsx.bak_scrollfix:50:    <SafeAreaView style={[styles.safe, style]} pointerEvents="auto">
/opt/delishafrica/monorepo/apps/merchant/components/AppBackground.tsx:29:    <View pointerEvents="box-none" style={[styles.root, { backgroundColor: colors[0] }]}>
/opt/delishafrica/monorepo/apps/merchant/components/AppBackground.tsx:31:      <View pointerEvents="none" style={[styles.layer, { backgroundColor: colors[0], opacity: 1 }]} />
/opt/delishafrica/monorepo/apps/merchant/components/AppBackground.tsx:32:      <View pointerEvents="none" style={[styles.layer, { backgroundColor: colors[1], opacity: 0.92 }]} />
/opt/delishafrica/monorepo/apps/merchant/components/AppBackground.tsx:33:      <View pointerEvents="none" style={[styles.layer, { backgroundColor: colors[2], opacity: 0.86 }]} />
/opt/delishafrica/monorepo/apps/merchant/components/AppBackground.tsx:40:      <View pointerEvents="none" style={[styles.vignette, { opacity: isDark ? 0.55 : 0.16 }]} />
/opt/delishafrica/monorepo/apps/merchant/components/AppBackground.tsx:46:        pointerEvents="none"
/opt/delishafrica/monorepo/apps/merchant/components/AppBackground.tsx:51:      <View pointerEvents="box-none" style={styles.content}>{children}</View>
/opt/delishafrica/monorepo/apps/merchant/components/parallax-scroll-view.tsx:75:            pointerEvents="none"
/opt/delishafrica/monorepo/apps/merchant/app/orders-demo.tsx.DISABLED.20251221-210617:231: <View pointerEvents="box-none" style={{ position: "absolute", top: 0, left: 0, right: 0, bottom: 0, alignItems: "center", justifyContent: "center" }}>
/opt/delishafrica/monorepo/apps/courier/src/ui/SnowOverlay.tsx:59:    <View pointerEvents="none" style={StyleSheet.absoluteFill}>
/opt/delishafrica/monorepo/apps/courier/src/ui/SnowOverlay.tsx:72:          <Animated.View pointerEvents="none"
/opt/delishafrica/monorepo/apps/merchant/src/ui/SnowOverlay.tsx:59:    <View pointerEvents="none" style={StyleSheet.absoluteFill}>
/opt/delishafrica/monorepo/apps/merchant/src/ui/SnowOverlay.tsx:72:          <Animated.View pointerEvents="none"
/opt/delishafrica/monorepo/apps/merchant/app/_components/DemoFab.tsx:16: pointerEvents="box-none"
/opt/delishafrica/monorepo/apps/courier/components/BrandBackground.tsx:11:    <View pointerEvents="box-none" style={styles.root}>
/opt/delishafrica/monorepo/apps/courier/components/BrandBackground.tsx:18:      <View pointerEvents="none" style={styles.overlay} />
/opt/delishafrica/monorepo/apps/courier/components/BrandBackground.tsx:19:      <View pointerEvents="box-none" style={styles.content}>{children}</View>
/opt/delishafrica/monorepo/apps/courier/components/ConfettiBurst.tsx:48:    <View pointerEvents="none" style={StyleSheet.absoluteFill}>
/opt/delishafrica/monorepo/apps/courier/components/RippleBtn.tsx:48:          pointerEvents="none"
/opt/delishafrica/monorepo/apps/courier/ui/screens/SignatureHomeCourier.tsx:128:      <View pointerEvents="none" style={[StyleSheet.absoluteFillObject, styles.bgGlow]} />
/opt/delishafrica/monorepo/apps/courier/ui/screens/SignatureHomeCourier.tsx:201:    // léger glow décoratif, et surtout pointerEvents="none"
/opt/delishafrica/monorepo/apps/courier/components/Toast.tsx:42:        pointerEvents="none"
/opt/delishafrica/monorepo/apps/courier/ui/ui.tsx:36:      <SafeAreaView style={[styles.safe, style]} pointerEvents="auto">
/opt/delishafrica/monorepo/apps/courier/ui/ui.tsx:50:    <SafeAreaView style={[styles.safe, style]} pointerEvents="auto">
/opt/delishafrica/monorepo/apps/courier/components/MapPreview.tsx:24:      <MapView style={StyleSheet.absoluteFill} initialRegion={region}} pointerEvents="none">
/opt/delishafrica/monorepo/apps/courier/ui/ui.tsx.bak_scrollfix:36:      <SafeAreaView style={[styles.safe, style]} pointerEvents="auto">
/opt/delishafrica/monorepo/apps/courier/ui/ui.tsx.bak_scrollfix:50:    <SafeAreaView style={[styles.safe, style]} pointerEvents="auto">
/opt/delishafrica/monorepo/apps/courier/components/AppBackground.tsx:29:    <View pointerEvents="box-none" style={[styles.root, { backgroundColor: colors[0] }]}>
/opt/delishafrica/monorepo/apps/courier/components/AppBackground.tsx:31:      <View pointerEvents="none" style={[styles.layer, { backgroundColor: colors[0], opacity: 1 }]} />
/opt/delishafrica/monorepo/apps/courier/components/AppBackground.tsx:32:      <View pointerEvents="none" style={[styles.layer, { backgroundColor: colors[1], opacity: 0.92 }]} />
/opt/delishafrica/monorepo/apps/courier/components/AppBackground.tsx:33:      <View pointerEvents="none" style={[styles.layer, { backgroundColor: colors[2], opacity: 0.86 }]} />
/opt/delishafrica/monorepo/apps/courier/components/AppBackground.tsx:40:      <View pointerEvents="none" style={[styles.vignette, { opacity: isDark ? 0.55 : 0.16 }]} />
/opt/delishafrica/monorepo/apps/courier/components/AppBackground.tsx:46:        pointerEvents="none"
/opt/delishafrica/monorepo/apps/courier/components/AppBackground.tsx:51:      <View pointerEvents="box-none" style={styles.content}>{children}</View>
/opt/delishafrica/monorepo/apps/courier/components/parallax-scroll-view.tsx:75:            pointerEvents="none"
/opt/delishafrica/monorepo/apps/courier/app/mission-demo.tsx.DISABLED.20251221-210617:185: <View pointerEvents="box-none" style={{ position: "absolute", top: 0, left: 0, right: 0, bottom: 0, alignItems: "center", justifyContent: "center" }}>
/opt/delishafrica/monorepo/apps/courier/app/_components/DemoFab.tsx:16: pointerEvents="box-none"
/opt/delishafrica/monorepo/apps/client/.tonton_backups/lint_hotfix_2026-01-11T05-20-53+01-00/SnowOverlay.tsx.bak:54:    <View pointerEvents="none" style={StyleSheet.absoluteFill}} pointerEvents="none">
/opt/delishafrica/monorepo/apps/courier/appli-delishafrica-/components/BrandBackground.tsx:11:    <View pointerEvents="box-none" style={styles.root}>
/opt/delishafrica/monorepo/apps/courier/appli-delishafrica-/components/BrandBackground.tsx:18:      <View pointerEvents="none" style={styles.overlay} />
/opt/delishafrica/monorepo/apps/courier/appli-delishafrica-/components/BrandBackground.tsx:19:      <View pointerEvents="box-none" style={styles.content}>{children}</View>
/opt/delishafrica/monorepo/apps/client/src/ui/SnowOverlay.tsx:47:    <View pointerEvents="none" style={StyleSheet.absoluteFill}>
/opt/delishafrica/monorepo/apps/client/components/BrandBackground.tsx:11:    <View pointerEvents="box-none" style={styles.root}>
/opt/delishafrica/monorepo/apps/client/components/BrandBackground.tsx:18:      <View pointerEvents="none" style={styles.overlay} />
/opt/delishafrica/monorepo/apps/client/components/BrandBackground.tsx:19:      <View pointerEvents="box-none" style={styles.content}>{children}</View>
/opt/delishafrica/monorepo/apps/client/components/AppBackground.tsx:29:    <View pointerEvents="box-none" style={[styles.root, { backgroundColor: colors[0] }]}>
/opt/delishafrica/monorepo/apps/client/components/AppBackground.tsx:31:      <View pointerEvents="none" style={[styles.layer, { backgroundColor: colors[0], opacity: 1 }]} />
/opt/delishafrica/monorepo/apps/client/components/AppBackground.tsx:32:      <View pointerEvents="none" style={[styles.layer, { backgroundColor: colors[1], opacity: 0.92 }]} />
/opt/delishafrica/monorepo/apps/client/components/AppBackground.tsx:33:      <View pointerEvents="none" style={[styles.layer, { backgroundColor: colors[2], opacity: 0.86 }]} />
/opt/delishafrica/monorepo/apps/client/components/AppBackground.tsx:40:      <View pointerEvents="none" style={[styles.vignette, { opacity: isDark ? 0.55 : 0.16 }]} />
/opt/delishafrica/monorepo/apps/client/components/AppBackground.tsx:46:        pointerEvents="none"
/opt/delishafrica/monorepo/apps/client/components/AppBackground.tsx:51:      <View pointerEvents="box-none" style={styles.content}>{children}</View>
/opt/delishafrica/monorepo/apps/client/components/parallax-scroll-view.tsx:75:            pointerEvents="none"
/opt/delishafrica/monorepo/apps/client/ui/ui.tsx:36:      <SafeAreaView style={[styles.safe, style]} pointerEvents="auto">
/opt/delishafrica/monorepo/apps/client/ui/ui.tsx:50:    <SafeAreaView style={[styles.safe, style]} pointerEvents="auto">
/opt/delishafrica/monorepo/apps/client/ui/ui.tsx.bak_scrollfix:36:      <SafeAreaView style={[styles.safe, style]} pointerEvents="auto">
/opt/delishafrica/monorepo/apps/client/ui/ui.tsx.bak_scrollfix:50:    <SafeAreaView style={[styles.safe, style]} pointerEvents="auto">
/opt/delishafrica/monorepo/apps/client/patch-courier-premium-ui.sh:110:    <View pointerEvents="none" style={StyleSheet.absoluteFill}>
/opt/delishafrica/monorepo/apps/client/app/index.tsx:7:    <View style={styles.pill} pointerEvents="box-none">
/opt/delishafrica/monorepo/apps/client/app/_components/DemoFab.tsx:16: pointerEvents="box-none"
/opt/delishafrica/monorepo/apps/courier/delishafrica-client/delishafrica-merchant/components/BrandBackground.tsx:11:    <View pointerEvents="box-none" style={styles.root}>
/opt/delishafrica/monorepo/apps/courier/delishafrica-client/delishafrica-merchant/components/BrandBackground.tsx:18:      <View pointerEvents="none" style={styles.overlay} />
/opt/delishafrica/monorepo/apps/courier/delishafrica-client/delishafrica-merchant/components/BrandBackground.tsx:19:      <View pointerEvents="box-none" style={styles.content}>{children}</View>
/opt/delishafrica/monorepo/apps/courier/delishafrica-client/components/BrandBackground.tsx:11:    <View pointerEvents="box-none" style={styles.root}>
/opt/delishafrica/monorepo/apps/courier/delishafrica-client/components/BrandBackground.tsx:18:      <View pointerEvents="none" style={styles.overlay} />
/opt/delishafrica/monorepo/apps/courier/delishafrica-client/components/BrandBackground.tsx:19:      <View pointerEvents="box-none" style={styles.content}>{children}</View>

---- Touch wrappers plein écran (suspects) ----

[03:04:56] 🩺 Patch: flexGrow (safe) sur les 3 apps
