=== DelishAfrica Scroll Doctor Scan ===
ROOT=/opt/delishafrica/monorepo
DATE=Tue Jan 20 23:20:52 CET 2026

----- Touch/Overlay suspects (pointerEvents / absolute overlays) -----
/opt/delishafrica/monorepo/apps//opt/delishafrica/monorepo/apps/courier/ui/screens/SignatureHomeCourier.tsx:128:      <View pointerEvents="none" style={[StyleSheet.absoluteFillObject, styles.bgGlow]} />
/opt/delishafrica/monorepo/apps//opt/delishafrica/monorepo/apps/courier/ui/screens/SignatureHomeCourier.tsx:201:    // léger glow décoratif, et surtout pointerEvents="none"
/opt/delishafrica/monorepo/apps//opt/delishafrica/monorepo/apps/courier/app/.bak/home.tsx.2025-10-20-205129:176:  card: { marginHorizontal: 16, marginTop: 16, backgroundColor: '#fff', borderRadius: 16, padding: 14, elevation: 2,
/opt/delishafrica/monorepo/apps//opt/delishafrica/monorepo/apps/courier/ui/_debug/TouchTrace.tsx:17:    <View style={{ flex: 1 }} pointerEvents="box-none">
/opt/delishafrica/monorepo/apps//opt/delishafrica/monorepo/apps/courier/app/.bak/home.tsx.2025-10-20-210659:176:  card: { marginHorizontal: 16, marginTop: 16, backgroundColor: '#fff', borderRadius: 16, padding: 14, elevation: 2,
/opt/delishafrica/monorepo/apps//opt/delishafrica/monorepo/apps/courier/ui/components/DelishButton.tsx:107:            elevation: 8,
/opt/delishafrica/monorepo/apps//opt/delishafrica/monorepo/apps/courier/components/BrandBackground.tsx:11:    <View pointerEvents="box-none" style={styles.root}>
/opt/delishafrica/monorepo/apps//opt/delishafrica/monorepo/apps/courier/components/BrandBackground.tsx:18:      <View pointerEvents="box-none" style={styles.overlay} />
/opt/delishafrica/monorepo/apps//opt/delishafrica/monorepo/apps/courier/components/BrandBackground.tsx:19:      <View pointerEvents="box-none" style={styles.content}>{children}</View>
/opt/delishafrica/monorepo/apps//opt/delishafrica/monorepo/apps/courier/app/.bak/home.tsx.2025-10-20-210017:176:  card: { marginHorizontal: 16, marginTop: 16, backgroundColor: '#fff', borderRadius: 16, padding: 14, elevation: 2,
/opt/delishafrica/monorepo/apps//opt/delishafrica/monorepo/apps/courier/ui/ui.tsx:36:      <SafeAreaView style={[styles.safe, style]} pointerEvents="box-none">
/opt/delishafrica/monorepo/apps//opt/delishafrica/monorepo/apps/courier/ui/ui.tsx:50:    <SafeAreaView style={[styles.safe, style]} pointerEvents="box-none">
/opt/delishafrica/monorepo/apps//opt/delishafrica/monorepo/apps/courier/ui/theme.ts:40:      elevation: 4,
/opt/delishafrica/monorepo/apps//opt/delishafrica/monorepo/apps/courier/ui/theme.ts:47:      elevation: 7,
/opt/delishafrica/monorepo/apps//opt/delishafrica/monorepo/apps/courier/ui/ui.tsx.bak_scrollfix:36:      <SafeAreaView style={[styles.safe, style]} pointerEvents="box-none">
/opt/delishafrica/monorepo/apps//opt/delishafrica/monorepo/apps/courier/ui/ui.tsx.bak_scrollfix:50:    <SafeAreaView style={[styles.safe, style]} pointerEvents="box-none">
/opt/delishafrica/monorepo/apps//opt/delishafrica/monorepo/apps/courier/app/.bak/home.tsx.2025-10-20-205551:176:  card: { marginHorizontal: 16, marginTop: 16, backgroundColor: '#fff', borderRadius: 16, padding: 14, elevation: 2,
/opt/delishafrica/monorepo/apps//opt/delishafrica/monorepo/apps/courier/components/RippleBtn.tsx:48:          pointerEvents="none"
/opt/delishafrica/monorepo/apps//opt/delishafrica/monorepo/apps/courier/components/RippleBtn.tsx:50:            position: 'absolute',
/opt/delishafrica/monorepo/apps//opt/delishafrica/monorepo/apps/courier/app/.bak/home.tsx.2025-10-20-1926:187:    elevation: 2,
/opt/delishafrica/monorepo/apps//opt/delishafrica/monorepo/apps/courier/components/Toast.tsx:42:        pointerEvents="none"
/opt/delishafrica/monorepo/apps//opt/delishafrica/monorepo/apps/courier/components/Toast.tsx:44:          position: 'absolute',
/opt/delishafrica/monorepo/apps//opt/delishafrica/monorepo/apps/courier/app/home.tsx.BAK_2025-11-14-1717:101:          shadowColor: '#000', shadowOpacity: 0.06, shadowOffset: { width: 0, height: 4 }, shadowRadius: 10, elevation: 2 },
/opt/delishafrica/monorepo/apps//opt/delishafrica/monorepo/apps/courier/components/MapPreview.tsx:24:      <MapView style={StyleSheet.absoluteFill} initialRegion={region}} pointerEvents="none">
/opt/delishafrica/monorepo/apps//opt/delishafrica/monorepo/apps/courier/components/AppBackground.tsx:29:    <View pointerEvents="box-none" style={[styles.root, { backgroundColor: colors[0] }]}>
/opt/delishafrica/monorepo/apps//opt/delishafrica/monorepo/apps/courier/components/AppBackground.tsx:31:      <View pointerEvents="none" style={[styles.layer, { backgroundColor: colors[0], opacity: 1 }]} />
/opt/delishafrica/monorepo/apps//opt/delishafrica/monorepo/apps/courier/components/AppBackground.tsx:32:      <View pointerEvents="none" style={[styles.layer, { backgroundColor: colors[1], opacity: 0.92 }]} />
/opt/delishafrica/monorepo/apps//opt/delishafrica/monorepo/apps/courier/components/AppBackground.tsx:33:      <View pointerEvents="none" style={[styles.layer, { backgroundColor: colors[2], opacity: 0.86 }]} />
/opt/delishafrica/monorepo/apps//opt/delishafrica/monorepo/apps/courier/components/AppBackground.tsx:40:      <View pointerEvents="none" style={[styles.vignette, { opacity: isDark ? 0.55 : 0.16 }]} />
/opt/delishafrica/monorepo/apps//opt/delishafrica/monorepo/apps/courier/components/AppBackground.tsx:46:        pointerEvents="none"
/opt/delishafrica/monorepo/apps//opt/delishafrica/monorepo/apps/courier/components/AppBackground.tsx:51:      <View pointerEvents="box-none" style={styles.content}>{children}</View>
/opt/delishafrica/monorepo/apps//opt/delishafrica/monorepo/apps/courier/components/AppBackground.tsx:60:    position: 'absolute',
/opt/delishafrica/monorepo/apps//opt/delishafrica/monorepo/apps/courier/components/AppBackground.tsx:69:    position: 'absolute',
/opt/delishafrica/monorepo/apps//opt/delishafrica/monorepo/apps/courier/components/AppBackground.tsx:82:    position: 'absolute',
/opt/delishafrica/monorepo/apps//opt/delishafrica/monorepo/apps/courier/components/AppBackground.tsx:89:    zIndex: 0,
/opt/delishafrica/monorepo/apps//opt/delishafrica/monorepo/apps/courier/components/AppBackground.tsx:91:  content: { flex: 1, zIndex: 2 },
/opt/delishafrica/monorepo/apps//opt/delishafrica/monorepo/apps/courier/components/parallax-scroll-view.tsx:34:        <View pointerEvents="box-none" style={styles.header}>
/opt/delishafrica/monorepo/apps//opt/delishafrica/monorepo/apps/courier/components/JobCard.tsx:60:  card: { backgroundColor: 'rgba(255,255,255,0.98)', borderRadius: 16, padding: 14, marginVertical: 10, elevation: 2 },
/opt/delishafrica/monorepo/apps//opt/delishafrica/monorepo/apps/courier/components/ConfettiBurst.tsx:48:    <View pointerEvents="none" style={StyleSheet.absoluteFill}>
/opt/delishafrica/monorepo/apps//opt/delishafrica/monorepo/apps/courier/components/ConfettiBurst.tsx:82:    position: 'absolute',
/opt/delishafrica/monorepo/apps//opt/delishafrica/monorepo/apps/courier/app/mission-demo.tsx.DISABLED.20251221-210617:185: <View pointerEvents="box-none" style={{ position: "absolute", top: 0, left: 0, right: 0, bottom: 0, alignItems: "center", justifyContent: "center" }}>
/opt/delishafrica/monorepo/apps//opt/delishafrica/monorepo/apps/courier/app/(tabs)/explore.tsx:34:        <View pointerEvents="box-none" style={styles.header}>
/opt/delishafrica/monorepo/apps//opt/delishafrica/monorepo/apps/courier/app/(tabs)/index.tsx:34:        <View pointerEvents="box-none" style={styles.header}>
/opt/delishafrica/monorepo/apps//opt/delishafrica/monorepo/apps/courier/app/_components/DemoFab.tsx:16: pointerEvents="box-none"
/opt/delishafrica/monorepo/apps//opt/delishafrica/monorepo/apps/courier/app/_components/DemoFab.tsx:18: position: "absolute",
/opt/delishafrica/monorepo/apps//opt/delishafrica/monorepo/apps/courier/app/_components/DemoFab.tsx:21: zIndex: 9999,
/opt/delishafrica/monorepo/apps//opt/delishafrica/monorepo/apps/client/.tonton_backups/lint_hotfix_2026-01-11T05-20-53+01-00/SnowOverlay.tsx.bak:54:    <View pointerEvents="none" style={StyleSheet.absoluteFill}} pointerEvents="none">
/opt/delishafrica/monorepo/apps//opt/delishafrica/monorepo/apps/client/.tonton_backups/lint_hotfix_2026-01-11T05-20-53+01-00/SnowOverlay.tsx.bak:88:    position: "absolute",
/opt/delishafrica/monorepo/apps//opt/delishafrica/monorepo/apps/client/ui/_debug/TouchTrace.tsx:17:    <View style={{ flex: 1 }} pointerEvents="box-none">
/opt/delishafrica/monorepo/apps//opt/delishafrica/monorepo/apps/client/ui/components/DelishButton.tsx:107:            elevation: 8,
/opt/delishafrica/monorepo/apps//opt/delishafrica/monorepo/apps/client/ui/ui.tsx:36:      <SafeAreaView style={[styles.safe, style]} pointerEvents="box-none">
/opt/delishafrica/monorepo/apps//opt/delishafrica/monorepo/apps/client/ui/ui.tsx:50:    <SafeAreaView style={[styles.safe, style]} pointerEvents="box-none">
/opt/delishafrica/monorepo/apps//opt/delishafrica/monorepo/apps/client/ui/theme.ts:40:      elevation: 4,
/opt/delishafrica/monorepo/apps//opt/delishafrica/monorepo/apps/client/ui/theme.ts:47:      elevation: 7,
/opt/delishafrica/monorepo/apps//opt/delishafrica/monorepo/apps/client/ui/ui.tsx.bak_scrollfix:36:      <SafeAreaView style={[styles.safe, style]} pointerEvents="box-none">
/opt/delishafrica/monorepo/apps//opt/delishafrica/monorepo/apps/client/ui/ui.tsx.bak_scrollfix:50:    <SafeAreaView style={[styles.safe, style]} pointerEvents="box-none">
/opt/delishafrica/monorepo/apps//opt/delishafrica/monorepo/apps/client/patch-courier-premium-ui.sh:110:    <View pointerEvents="none" style={StyleSheet.absoluteFill}>
/opt/delishafrica/monorepo/apps//opt/delishafrica/monorepo/apps/client/patch-courier-premium-ui.sh:144:    position: 'absolute',
/opt/delishafrica/monorepo/apps//opt/delishafrica/monorepo/apps/client/patch-courier-premium-ui.sh:221:        <View pointerEvents="none"
/opt/delishafrica/monorepo/apps//opt/delishafrica/monorepo/apps/client/patch-courier-premium-ui.sh:224:              position: 'absolute',
/opt/delishafrica/monorepo/apps//opt/delishafrica/monorepo/apps/client/app/index.tsx:7:    <View style={styles.pill} pointerEvents="box-none">
/opt/delishafrica/monorepo/apps//opt/delishafrica/monorepo/apps/client/app/(tabs)/explore.tsx:34:        <View pointerEvents="box-none" style={styles.header}>
/opt/delishafrica/monorepo/apps//opt/delishafrica/monorepo/apps/client/app/(tabs)/index.tsx:34:        <View pointerEvents="box-none" style={styles.header}>
/opt/delishafrica/monorepo/apps//opt/delishafrica/monorepo/apps/client/app/_components/DemoFab.tsx:16: pointerEvents="box-none"
/opt/delishafrica/monorepo/apps//opt/delishafrica/monorepo/apps/client/app/_components/DemoFab.tsx:18: position: "absolute",
/opt/delishafrica/monorepo/apps//opt/delishafrica/monorepo/apps/client/app/_components/DemoFab.tsx:21: zIndex: 9999,
/opt/delishafrica/monorepo/apps//opt/delishafrica/monorepo/apps/courier/src/ui/SnowOverlay.tsx:59:    <View pointerEvents="none" style={StyleSheet.absoluteFill}>
/opt/delishafrica/monorepo/apps//opt/delishafrica/monorepo/apps/courier/src/ui/SnowOverlay.tsx:72:          <Animated.View pointerEvents="none"
/opt/delishafrica/monorepo/apps//opt/delishafrica/monorepo/apps/courier/src/ui/SnowOverlay.tsx:93:    position: "absolute",
/opt/delishafrica/monorepo/apps//opt/delishafrica/monorepo/apps/merchant/src/ui/SnowOverlay.tsx:59:    <View pointerEvents="none" style={StyleSheet.absoluteFill}>
/opt/delishafrica/monorepo/apps//opt/delishafrica/monorepo/apps/merchant/src/ui/SnowOverlay.tsx:72:          <Animated.View pointerEvents="none"
/opt/delishafrica/monorepo/apps//opt/delishafrica/monorepo/apps/merchant/src/ui/SnowOverlay.tsx:93:    position: "absolute",
/opt/delishafrica/monorepo/apps//opt/delishafrica/monorepo/apps/merchant/components/BrandBackground.tsx:11:    <View pointerEvents="box-none" style={styles.root}>
/opt/delishafrica/monorepo/apps//opt/delishafrica/monorepo/apps/merchant/components/BrandBackground.tsx:18:      <View pointerEvents="box-none" style={styles.overlay} />
/opt/delishafrica/monorepo/apps//opt/delishafrica/monorepo/apps/merchant/components/BrandBackground.tsx:19:      <View pointerEvents="box-none" style={styles.content}>{children}</View>
/opt/delishafrica/monorepo/apps//opt/delishafrica/monorepo/apps/merchant/components/AppBackground.tsx:29:    <View pointerEvents="box-none" style={[styles.root, { backgroundColor: colors[0] }]}>
/opt/delishafrica/monorepo/apps//opt/delishafrica/monorepo/apps/merchant/components/AppBackground.tsx:31:      <View pointerEvents="none" style={[styles.layer, { backgroundColor: colors[0], opacity: 1 }]} />
/opt/delishafrica/monorepo/apps//opt/delishafrica/monorepo/apps/merchant/components/AppBackground.tsx:32:      <View pointerEvents="none" style={[styles.layer, { backgroundColor: colors[1], opacity: 0.92 }]} />
/opt/delishafrica/monorepo/apps//opt/delishafrica/monorepo/apps/merchant/components/AppBackground.tsx:33:      <View pointerEvents="none" style={[styles.layer, { backgroundColor: colors[2], opacity: 0.86 }]} />
/opt/delishafrica/monorepo/apps//opt/delishafrica/monorepo/apps/merchant/components/AppBackground.tsx:40:      <View pointerEvents="none" style={[styles.vignette, { opacity: isDark ? 0.55 : 0.16 }]} />
/opt/delishafrica/monorepo/apps//opt/delishafrica/monorepo/apps/merchant/components/AppBackground.tsx:46:        pointerEvents="none"
/opt/delishafrica/monorepo/apps//opt/delishafrica/monorepo/apps/merchant/components/AppBackground.tsx:51:      <View pointerEvents="box-none" style={styles.content}>{children}</View>
/opt/delishafrica/monorepo/apps//opt/delishafrica/monorepo/apps/merchant/components/AppBackground.tsx:60:    position: 'absolute',
/opt/delishafrica/monorepo/apps//opt/delishafrica/monorepo/apps/merchant/components/AppBackground.tsx:69:    position: 'absolute',
/opt/delishafrica/monorepo/apps//opt/delishafrica/monorepo/apps/merchant/components/AppBackground.tsx:82:    position: 'absolute',
/opt/delishafrica/monorepo/apps//opt/delishafrica/monorepo/apps/merchant/components/AppBackground.tsx:89:    zIndex: 0,
/opt/delishafrica/monorepo/apps//opt/delishafrica/monorepo/apps/merchant/components/AppBackground.tsx:91:  content: { flex: 1, zIndex: 2 },
/opt/delishafrica/monorepo/apps//opt/delishafrica/monorepo/apps/merchant/components/parallax-scroll-view.tsx:34:        <View pointerEvents="box-none" style={styles.header}>
/opt/delishafrica/monorepo/apps//opt/delishafrica/monorepo/apps/client/src/ui/SnowOverlay.tsx:47:    <View pointerEvents="none" style={StyleSheet.absoluteFill}>
/opt/delishafrica/monorepo/apps//opt/delishafrica/monorepo/apps/client/src/ui/SnowOverlay.tsx:77:    position: "absolute",
/opt/delishafrica/monorepo/apps//opt/delishafrica/monorepo/apps/client/components/BrandBackground.tsx:11:    <View pointerEvents="box-none" style={styles.root}>
/opt/delishafrica/monorepo/apps//opt/delishafrica/monorepo/apps/client/components/BrandBackground.tsx:18:      <View pointerEvents="box-none" style={styles.overlay} />
/opt/delishafrica/monorepo/apps//opt/delishafrica/monorepo/apps/client/components/BrandBackground.tsx:19:      <View pointerEvents="box-none" style={styles.content}>{children}</View>
/opt/delishafrica/monorepo/apps//opt/delishafrica/monorepo/apps/client/components/AppBackground.tsx:29:    <View pointerEvents="box-none" style={[styles.root, { backgroundColor: colors[0] }]}>
/opt/delishafrica/monorepo/apps//opt/delishafrica/monorepo/apps/client/components/AppBackground.tsx:31:      <View pointerEvents="none" style={[styles.layer, { backgroundColor: colors[0], opacity: 1 }]} />
/opt/delishafrica/monorepo/apps//opt/delishafrica/monorepo/apps/client/components/AppBackground.tsx:32:      <View pointerEvents="none" style={[styles.layer, { backgroundColor: colors[1], opacity: 0.92 }]} />
/opt/delishafrica/monorepo/apps//opt/delishafrica/monorepo/apps/client/components/AppBackground.tsx:33:      <View pointerEvents="none" style={[styles.layer, { backgroundColor: colors[2], opacity: 0.86 }]} />
/opt/delishafrica/monorepo/apps//opt/delishafrica/monorepo/apps/client/components/AppBackground.tsx:40:      <View pointerEvents="none" style={[styles.vignette, { opacity: isDark ? 0.55 : 0.16 }]} />
/opt/delishafrica/monorepo/apps//opt/delishafrica/monorepo/apps/client/components/AppBackground.tsx:46:        pointerEvents="none"
/opt/delishafrica/monorepo/apps//opt/delishafrica/monorepo/apps/client/components/AppBackground.tsx:51:      <View pointerEvents="box-none" style={styles.content}>{children}</View>
/opt/delishafrica/monorepo/apps//opt/delishafrica/monorepo/apps/client/components/AppBackground.tsx:60:    position: 'absolute',
/opt/delishafrica/monorepo/apps//opt/delishafrica/monorepo/apps/client/components/AppBackground.tsx:69:    position: 'absolute',
/opt/delishafrica/monorepo/apps//opt/delishafrica/monorepo/apps/client/components/AppBackground.tsx:82:    position: 'absolute',
/opt/delishafrica/monorepo/apps//opt/delishafrica/monorepo/apps/client/components/AppBackground.tsx:89:    zIndex: 0,
/opt/delishafrica/monorepo/apps//opt/delishafrica/monorepo/apps/client/components/AppBackground.tsx:91:  content: { flex: 1, zIndex: 2 },
/opt/delishafrica/monorepo/apps//opt/delishafrica/monorepo/apps/client/components/parallax-scroll-view.tsx:34:        <View pointerEvents="box-none" style={styles.header}>
/opt/delishafrica/monorepo/apps//opt/delishafrica/monorepo/apps/merchant/ui/_debug/TouchTrace.tsx:17:    <View style={{ flex: 1 }} pointerEvents="box-none">
/opt/delishafrica/monorepo/apps//opt/delishafrica/monorepo/apps/merchant/app/orders-demo.tsx.DISABLED.20251221-210617:231: <View pointerEvents="box-none" style={{ position: "absolute", top: 0, left: 0, right: 0, bottom: 0, alignItems: "center", justifyContent: "center" }}>
/opt/delishafrica/monorepo/apps//opt/delishafrica/monorepo/apps/merchant/ui/components/DelishButton.tsx:107:            elevation: 8,
/opt/delishafrica/monorepo/apps//opt/delishafrica/monorepo/apps/merchant/ui/ui.tsx:36:      <SafeAreaView style={[styles.safe, style]} pointerEvents="box-none">
/opt/delishafrica/monorepo/apps//opt/delishafrica/monorepo/apps/merchant/ui/ui.tsx:50:    <SafeAreaView style={[styles.safe, style]} pointerEvents="box-none">
/opt/delishafrica/monorepo/apps//opt/delishafrica/monorepo/apps/merchant/ui/theme.ts:40:      elevation: 4,
/opt/delishafrica/monorepo/apps//opt/delishafrica/monorepo/apps/merchant/ui/theme.ts:47:      elevation: 7,
/opt/delishafrica/monorepo/apps//opt/delishafrica/monorepo/apps/merchant/ui/ui.tsx.bak_scrollfix:36:      <SafeAreaView style={[styles.safe, style]} pointerEvents="box-none">
/opt/delishafrica/monorepo/apps//opt/delishafrica/monorepo/apps/merchant/ui/ui.tsx.bak_scrollfix:50:    <SafeAreaView style={[styles.safe, style]} pointerEvents="box-none">
/opt/delishafrica/monorepo/apps//opt/delishafrica/monorepo/apps/merchant/app/(tabs)/explore.tsx:34:        <View pointerEvents="box-none" style={styles.header}>
/opt/delishafrica/monorepo/apps//opt/delishafrica/monorepo/apps/merchant/app/(tabs)/index.tsx:34:        <View pointerEvents="box-none" style={styles.header}>
/opt/delishafrica/monorepo/apps//opt/delishafrica/monorepo/apps/merchant/app/_components/DemoFab.tsx:16: pointerEvents="box-none"
/opt/delishafrica/monorepo/apps//opt/delishafrica/monorepo/apps/merchant/app/_components/DemoFab.tsx:18: position: "absolute",
/opt/delishafrica/monorepo/apps//opt/delishafrica/monorepo/apps/merchant/app/_components/DemoFab.tsx:21: zIndex: 9999,

----- ScrollView suspects (contentContainerStyle flex:1) -----

----- ScrollView suspects (flex:1 sur contentContainerStyle) -----

----- Scroll wrappers suspects (TouchableWithoutFeedback / Pressable wrappers) -----
/opt/delishafrica/monorepo/apps//opt/delishafrica/monorepo/apps/courier/ui/_debug/TouchTrace.tsx:11: * qui NE capture PAS le responder (pas de PanResponder "true", pas de GestureDetector global).
/opt/delishafrica/monorepo/apps//opt/delishafrica/monorepo/apps/courier/components/SignaturePad.tsx:2:import { View, StyleSheet, PanResponder, GestureResponderEvent, PanResponderGestureState, Pressable, Text } from 'react-native';
/opt/delishafrica/monorepo/apps//opt/delishafrica/monorepo/apps/courier/components/SignaturePad.tsx:10:  const pan = useMemo(() => PanResponder.create({
/opt/delishafrica/monorepo/apps//opt/delishafrica/monorepo/apps/courier/components/SignaturePad.tsx:11:    onStartShouldSetPanResponder: () => false,
/opt/delishafrica/monorepo/apps//opt/delishafrica/monorepo/apps/courier/components/SignaturePad.tsx:12:    onPanResponderGrant: (e: GestureResponderEvent) => {
/opt/delishafrica/monorepo/apps//opt/delishafrica/monorepo/apps/courier/components/SignaturePad.tsx:17:    onPanResponderMove: (_: GestureResponderEvent, g: PanResponderGestureState) => {
/opt/delishafrica/monorepo/apps//opt/delishafrica/monorepo/apps/client/ui/_debug/TouchTrace.tsx:11: * qui NE capture PAS le responder (pas de PanResponder "true", pas de GestureDetector global).
/opt/delishafrica/monorepo/apps//opt/delishafrica/monorepo/apps/merchant/ui/_debug/TouchTrace.tsx:11: * qui NE capture PAS le responder (pas de PanResponder "true", pas de GestureDetector global).

----- Gesture handler usage -----
/opt/delishafrica/monorepo/apps//opt/delishafrica/monorepo/apps/courier/entry.sharedarraybuffer.js:5:import 'react-native-gesture-handler'; // TONTON_SCROLL_HOTFIX: gesture-handler must be first import
/opt/delishafrica/monorepo/apps//opt/delishafrica/monorepo/apps/courier/package.json:35:    "react-native-gesture-handler": "^2.30.0",
/opt/delishafrica/monorepo/apps//opt/delishafrica/monorepo/apps/courier/app/_layout.tsx:2:import { GestureHandlerRootView } from 'react-native-gesture-handler';
/opt/delishafrica/monorepo/apps//opt/delishafrica/monorepo/apps/client/entry.sharedarraybuffer.js:5:import 'react-native-gesture-handler'; // TONTON_SCROLL_HOTFIX: gesture-handler must be first import
/opt/delishafrica/monorepo/apps//opt/delishafrica/monorepo/apps/client/index.js:1:import { GestureHandlerRootView } from 'react-native-gesture-handler';
/opt/delishafrica/monorepo/apps//opt/delishafrica/monorepo/apps/client/index.js:26:  GestureHandlerRootView,
/opt/delishafrica/monorepo/apps//opt/delishafrica/monorepo/apps/client/index.js:30:// TONTON_SCROLL_HOTFIX: wrap root with GestureHandlerRootView
/opt/delishafrica/monorepo/apps//opt/delishafrica/monorepo/apps/client/package.json:46:    "react-native-gesture-handler": "~2.28.0",
/opt/delishafrica/monorepo/apps//opt/delishafrica/monorepo/apps/client/app/_layout.tsx:2:import { GestureHandlerRootView } from 'react-native-gesture-handler';
/opt/delishafrica/monorepo/apps//opt/delishafrica/monorepo/apps/merchant/entry.sharedarraybuffer.js:5:import 'react-native-gesture-handler'; // TONTON_SCROLL_HOTFIX: gesture-handler must be first import
/opt/delishafrica/monorepo/apps//opt/delishafrica/monorepo/apps/merchant/package.json:32:    "react-native-gesture-handler": "^2.30.0",
/opt/delishafrica/monorepo/apps//opt/delishafrica/monorepo/apps/merchant/app/_layout.tsx:2:import { GestureHandlerRootView } from 'react-native-gesture-handler';

----- TouchTrace / Debug overlays -----
/opt/delishafrica/monorepo/apps//opt/delishafrica/monorepo/apps/courier/ui/_debug/TouchTrace.tsx:5: * TouchTrace (NOOP)
/opt/delishafrica/monorepo/apps//opt/delishafrica/monorepo/apps/courier/ui/_debug/TouchTrace.tsx:10: * Réactivation future (si besoin) : créer un TouchTraceDebug séparé
/opt/delishafrica/monorepo/apps//opt/delishafrica/monorepo/apps/courier/ui/_debug/TouchTrace.tsx:13:export type TouchTraceProps = { children?: React.ReactNode };
/opt/delishafrica/monorepo/apps//opt/delishafrica/monorepo/apps/courier/ui/_debug/TouchTrace.tsx:15:export default function TouchTrace({ children }: TouchTraceProps) {
/opt/delishafrica/monorepo/apps//opt/delishafrica/monorepo/apps/merchant/ui/_debug/TouchTrace.tsx:5: * TouchTrace (NOOP)
/opt/delishafrica/monorepo/apps//opt/delishafrica/monorepo/apps/merchant/ui/_debug/TouchTrace.tsx:10: * Réactivation future (si besoin) : créer un TouchTraceDebug séparé
/opt/delishafrica/monorepo/apps//opt/delishafrica/monorepo/apps/merchant/ui/_debug/TouchTrace.tsx:13:export type TouchTraceProps = { children?: React.ReactNode };
/opt/delishafrica/monorepo/apps//opt/delishafrica/monorepo/apps/merchant/ui/_debug/TouchTrace.tsx:15:export default function TouchTrace({ children }: TouchTraceProps) {
/opt/delishafrica/monorepo/apps//opt/delishafrica/monorepo/apps/client/ui/_debug/TouchTrace.tsx:5: * TouchTrace (NOOP)
/opt/delishafrica/monorepo/apps//opt/delishafrica/monorepo/apps/client/ui/_debug/TouchTrace.tsx:10: * Réactivation future (si besoin) : créer un TouchTraceDebug séparé
/opt/delishafrica/monorepo/apps//opt/delishafrica/monorepo/apps/client/ui/_debug/TouchTrace.tsx:13:export type TouchTraceProps = { children?: React.ReactNode };
/opt/delishafrica/monorepo/apps//opt/delishafrica/monorepo/apps/client/ui/_debug/TouchTrace.tsx:15:export default function TouchTrace({ children }: TouchTraceProps) {

----- Shared layout/background components -----
/opt/delishafrica/monorepo/apps//opt/delishafrica/monorepo/apps/courier/da/InnerLayout.tsx:5:import { BrandBackground } from "../components/BrandBackground";
/opt/delishafrica/monorepo/apps//opt/delishafrica/monorepo/apps/courier/da/InnerLayout.tsx:7:export default function RootLayout() {
/opt/delishafrica/monorepo/apps//opt/delishafrica/monorepo/apps/courier/da/InnerLayout.tsx:9:    <BrandBackground>
/opt/delishafrica/monorepo/apps//opt/delishafrica/monorepo/apps/courier/da/InnerLayout.tsx:18:    </BrandBackground>
/opt/delishafrica/monorepo/apps//opt/delishafrica/monorepo/apps/courier/.backup/courier_v2_20251114-194018/da/InnerLayout.tsx:4:export default function RootLayout() {
/opt/delishafrica/monorepo/apps//opt/delishafrica/monorepo/apps/courier/.backup/courier_v2_20251114-194018/app/_layout.tsx:4:export default function RootLayout() {
/opt/delishafrica/monorepo/apps//opt/delishafrica/monorepo/apps/courier/.backup/courier_v2_20251114-194018/app/index.tsx:3:import { View, Text, ActivityIndicator, SafeAreaView, FlatList } from "react-native";
/opt/delishafrica/monorepo/apps//opt/delishafrica/monorepo/apps/courier/.backup/courier_v2_20251114-194018/app/index.tsx:15:    <SafeAreaView style={{flex:1,padding:16}}>
/opt/delishafrica/monorepo/apps//opt/delishafrica/monorepo/apps/courier/.backup/courier_v2_20251114-194018/app/index.tsx:28:    </SafeAreaView>
/opt/delishafrica/monorepo/apps//opt/delishafrica/monorepo/apps/courier/app/.bak/home.tsx.2025-10-20-205129:7:  ImageBackground,
/opt/delishafrica/monorepo/apps//opt/delishafrica/monorepo/apps/courier/app/.bak/home.tsx.2025-10-20-205129:10:  SafeAreaView,
/opt/delishafrica/monorepo/apps//opt/delishafrica/monorepo/apps/courier/app/.bak/home.tsx.2025-10-20-205129:112:    <ImageBackground source={{ uri: BG_PATTERN }} resizeMode="repeat" style={{ flex: 1 }}>
/opt/delishafrica/monorepo/apps//opt/delishafrica/monorepo/apps/courier/app/.bak/home.tsx.2025-10-20-205129:113:      <SafeAreaView style={styles.safe}>
/opt/delishafrica/monorepo/apps//opt/delishafrica/monorepo/apps/courier/app/.bak/home.tsx.2025-10-20-205129:155:      </SafeAreaView>
/opt/delishafrica/monorepo/apps//opt/delishafrica/monorepo/apps/courier/app/.bak/home.tsx.2025-10-20-205129:156:    </ImageBackground>
/opt/delishafrica/monorepo/apps//opt/delishafrica/monorepo/apps/courier/app/.bak/home.tsx.2025-10-20-1916:3:  ActivityIndicator, Alert, FlatList, ImageBackground,
/opt/delishafrica/monorepo/apps//opt/delishafrica/monorepo/apps/courier/app/.bak/home.tsx.2025-10-20-1916:4:  Pressable, RefreshControl, SafeAreaView, StyleSheet, Text, View,
/opt/delishafrica/monorepo/apps//opt/delishafrica/monorepo/apps/courier/app/.bak/home.tsx.2025-10-20-1916:141:    <ImageBackground source={BG_TILE} resizeMode="repeat" style={{ flex: 1 }}>
/opt/delishafrica/monorepo/apps//opt/delishafrica/monorepo/apps/courier/app/.bak/home.tsx.2025-10-20-1916:142:      <SafeAreaView style={styles.container}>
/opt/delishafrica/monorepo/apps//opt/delishafrica/monorepo/apps/courier/app/.bak/home.tsx.2025-10-20-1916:172:      </SafeAreaView>
/opt/delishafrica/monorepo/apps//opt/delishafrica/monorepo/apps/courier/app/.bak/home.tsx.2025-10-20-1916:173:    </ImageBackground>
/opt/delishafrica/monorepo/apps//opt/delishafrica/monorepo/apps/courier/.backup/courier_v2_20251114-194018/app/mission/[id].tsx:6:export default function MissionScreen() {
/opt/delishafrica/monorepo/apps//opt/delishafrica/monorepo/apps/courier/app/.bak/home.tsx.2025-10-20-210659:7:  ImageBackground,
/opt/delishafrica/monorepo/apps//opt/delishafrica/monorepo/apps/courier/app/.bak/home.tsx.2025-10-20-210659:10:  SafeAreaView,
/opt/delishafrica/monorepo/apps//opt/delishafrica/monorepo/apps/courier/app/.bak/home.tsx.2025-10-20-210659:112:    <ImageBackground source={{ uri: BG_PATTERN }} resizeMode="repeat" style={{ flex: 1 }}>
/opt/delishafrica/monorepo/apps//opt/delishafrica/monorepo/apps/courier/app/.bak/home.tsx.2025-10-20-210659:113:      <SafeAreaView style={styles.safe}>
/opt/delishafrica/monorepo/apps//opt/delishafrica/monorepo/apps/courier/app/.bak/home.tsx.2025-10-20-210659:155:      </SafeAreaView>
/opt/delishafrica/monorepo/apps//opt/delishafrica/monorepo/apps/courier/app/.bak/home.tsx.2025-10-20-210659:156:    </ImageBackground>
/opt/delishafrica/monorepo/apps//opt/delishafrica/monorepo/apps/courier/app/.bak/home.tsx.2025-10-20-210017:7:  ImageBackground,
/opt/delishafrica/monorepo/apps//opt/delishafrica/monorepo/apps/courier/app/.bak/home.tsx.2025-10-20-210017:10:  SafeAreaView,
/opt/delishafrica/monorepo/apps//opt/delishafrica/monorepo/apps/courier/app/.bak/home.tsx.2025-10-20-210017:112:    <ImageBackground source={{ uri: BG_PATTERN }} resizeMode="repeat" style={{ flex: 1 }}>
/opt/delishafrica/monorepo/apps//opt/delishafrica/monorepo/apps/courier/app/.bak/home.tsx.2025-10-20-210017:113:      <SafeAreaView style={styles.safe}>
/opt/delishafrica/monorepo/apps//opt/delishafrica/monorepo/apps/courier/app/.bak/home.tsx.2025-10-20-210017:155:      </SafeAreaView>
/opt/delishafrica/monorepo/apps//opt/delishafrica/monorepo/apps/courier/app/.bak/home.tsx.2025-10-20-210017:156:    </ImageBackground>
/opt/delishafrica/monorepo/apps//opt/delishafrica/monorepo/apps/courier/app/.bak/home.tsx.2025-10-20-205551:7:  ImageBackground,
/opt/delishafrica/monorepo/apps//opt/delishafrica/monorepo/apps/courier/app/.bak/home.tsx.2025-10-20-205551:10:  SafeAreaView,
/opt/delishafrica/monorepo/apps//opt/delishafrica/monorepo/apps/courier/app/.bak/home.tsx.2025-10-20-205551:112:    <ImageBackground source={{ uri: BG_PATTERN }} resizeMode="repeat" style={{ flex: 1 }}>
/opt/delishafrica/monorepo/apps//opt/delishafrica/monorepo/apps/courier/app/.bak/home.tsx.2025-10-20-205551:113:      <SafeAreaView style={styles.safe}>
/opt/delishafrica/monorepo/apps//opt/delishafrica/monorepo/apps/courier/app/.bak/home.tsx.2025-10-20-205551:155:      </SafeAreaView>
/opt/delishafrica/monorepo/apps//opt/delishafrica/monorepo/apps/courier/app/.bak/home.tsx.2025-10-20-205551:156:    </ImageBackground>
/opt/delishafrica/monorepo/apps//opt/delishafrica/monorepo/apps/courier/app/.bak/home.tsx.2025-10-20-1926:7:  ImageBackground,
/opt/delishafrica/monorepo/apps//opt/delishafrica/monorepo/apps/courier/app/.bak/home.tsx.2025-10-20-1926:10:  SafeAreaView,
/opt/delishafrica/monorepo/apps//opt/delishafrica/monorepo/apps/courier/app/.bak/home.tsx.2025-10-20-1926:91:    <ImageBackground source={{ uri: FALLBACK_BG }} resizeMode="repeat" style={{ flex: 1 }}>
/opt/delishafrica/monorepo/apps//opt/delishafrica/monorepo/apps/courier/app/.bak/home.tsx.2025-10-20-1926:92:      <SafeAreaView style={styles.safe}>
/opt/delishafrica/monorepo/apps//opt/delishafrica/monorepo/apps/courier/app/.bak/home.tsx.2025-10-20-1926:139:      </SafeAreaView>
/opt/delishafrica/monorepo/apps//opt/delishafrica/monorepo/apps/courier/app/.bak/home.tsx.2025-10-20-1926:140:    </ImageBackground>
/opt/delishafrica/monorepo/apps//opt/delishafrica/monorepo/apps/courier/.backup_layout/_layout.tsx.20251115-133526:5:export default function RootLayout() {
/opt/delishafrica/monorepo/apps//opt/delishafrica/monorepo/apps/courier/app/orders.tsx:6:export default function OrdersScreen() {
/opt/delishafrica/monorepo/apps//opt/delishafrica/monorepo/apps/courier/app/(tabs)/explore.tsx:14:  headerBackgroundColor?: any;
/opt/delishafrica/monorepo/apps//opt/delishafrica/monorepo/apps/courier/app/(tabs)/_layout.tsx:3:export default function RootLayout() {
/opt/delishafrica/monorepo/apps//opt/delishafrica/monorepo/apps/courier/app/(tabs)/index.tsx:14:  headerBackgroundColor?: any;
/opt/delishafrica/monorepo/apps//opt/delishafrica/monorepo/apps/courier/ui/screens/SignatureHomeCourier.tsx:11:import { SafeAreaView, useSafeAreaInsets } from "react-native-safe-area-context";
/opt/delishafrica/monorepo/apps//opt/delishafrica/monorepo/apps/courier/ui/screens/SignatureHomeCourier.tsx:126:    <SafeAreaView style={[styles.safe, { backgroundColor: c.bg }]}>
/opt/delishafrica/monorepo/apps//opt/delishafrica/monorepo/apps/courier/ui/screens/SignatureHomeCourier.tsx:193:    </SafeAreaView>
/opt/delishafrica/monorepo/apps//opt/delishafrica/monorepo/apps/courier/app/job/[id].tsx:5:export default function JobScreen() {
/opt/delishafrica/monorepo/apps//opt/delishafrica/monorepo/apps/courier/app/index.tsx.BAK_20251202-163605:3:  SafeAreaView,
/opt/delishafrica/monorepo/apps//opt/delishafrica/monorepo/apps/courier/app/index.tsx.BAK_20251202-163605:41:    <SafeAreaView style={{ flex: 1, backgroundColor: "#060b13" }}>
/opt/delishafrica/monorepo/apps//opt/delishafrica/monorepo/apps/courier/app/index.tsx.BAK_20251202-163605:88:    </SafeAreaView>
/opt/delishafrica/monorepo/apps//opt/delishafrica/monorepo/apps/courier/app/home.tsx:3:import { View, Text, FlatList, ActivityIndicator, SafeAreaView, Pressable, Alert, useColorScheme } from 'react-native';
/opt/delishafrica/monorepo/apps//opt/delishafrica/monorepo/apps/courier/app/home.tsx:9:import AppBackground from '../components/AppBackground';
/opt/delishafrica/monorepo/apps//opt/delishafrica/monorepo/apps/courier/app/home.tsx:28:    <AppBackground app="courier">
/opt/delishafrica/monorepo/apps//opt/delishafrica/monorepo/apps/courier/app/home.tsx:44:    </AppBackground>
/opt/delishafrica/monorepo/apps//opt/delishafrica/monorepo/apps/courier/app/home.tsx:193:    <AppBackground variant="routes" opacity={0.13} gradient>
/opt/delishafrica/monorepo/apps//opt/delishafrica/monorepo/apps/courier/app/home.tsx:194:      <SafeAreaView style={{ flex: 1 }}>
/opt/delishafrica/monorepo/apps//opt/delishafrica/monorepo/apps/courier/app/home.tsx:295:      </SafeAreaView>
/opt/delishafrica/monorepo/apps//opt/delishafrica/monorepo/apps/courier/app/home.tsx:296:    </AppBackground>
/opt/delishafrica/monorepo/apps//opt/delishafrica/monorepo/apps/courier/app/auth/login.tsx:3:import { SafeAreaView, Text, TextInput, Pressable } from "react-native";
/opt/delishafrica/monorepo/apps//opt/delishafrica/monorepo/apps/courier/app/auth/login.tsx:13: <SafeAreaView style={{ flex:1, padding:16 }}>
/opt/delishafrica/monorepo/apps//opt/delishafrica/monorepo/apps/courier/app/auth/login.tsx:26: </SafeAreaView>
/opt/delishafrica/monorepo/apps//opt/delishafrica/monorepo/apps/courier/ui/ui.tsx:3:  SafeAreaView,
/opt/delishafrica/monorepo/apps//opt/delishafrica/monorepo/apps/courier/ui/ui.tsx:23: * Screen universel DelishAfrica
/opt/delishafrica/monorepo/apps//opt/delishafrica/monorepo/apps/courier/ui/ui.tsx:28:export function Screen({
/opt/delishafrica/monorepo/apps//opt/delishafrica/monorepo/apps/courier/ui/ui.tsx:36:      <SafeAreaView style={[styles.safe, style]} pointerEvents="box-none">
/opt/delishafrica/monorepo/apps//opt/delishafrica/monorepo/apps/courier/ui/ui.tsx:45:      </SafeAreaView>
/opt/delishafrica/monorepo/apps//opt/delishafrica/monorepo/apps/courier/ui/ui.tsx:50:    <SafeAreaView style={[styles.safe, style]} pointerEvents="box-none">
/opt/delishafrica/monorepo/apps//opt/delishafrica/monorepo/apps/courier/ui/ui.tsx:52:    </SafeAreaView>
/opt/delishafrica/monorepo/apps//opt/delishafrica/monorepo/apps/courier/ui/ui.tsx.bak_scrollfix:3:  SafeAreaView,
/opt/delishafrica/monorepo/apps//opt/delishafrica/monorepo/apps/courier/ui/ui.tsx.bak_scrollfix:23: * Screen universel DelishAfrica
/opt/delishafrica/monorepo/apps//opt/delishafrica/monorepo/apps/courier/ui/ui.tsx.bak_scrollfix:28:export function Screen({
/opt/delishafrica/monorepo/apps//opt/delishafrica/monorepo/apps/courier/ui/ui.tsx.bak_scrollfix:36:      <SafeAreaView style={[styles.safe, style]} pointerEvents="box-none">
/opt/delishafrica/monorepo/apps//opt/delishafrica/monorepo/apps/courier/ui/ui.tsx.bak_scrollfix:45:      </SafeAreaView>
/opt/delishafrica/monorepo/apps//opt/delishafrica/monorepo/apps/courier/ui/ui.tsx.bak_scrollfix:50:    <SafeAreaView style={[styles.safe, style]} pointerEvents="box-none">
/opt/delishafrica/monorepo/apps//opt/delishafrica/monorepo/apps/courier/ui/ui.tsx.bak_scrollfix:52:    </SafeAreaView>
/opt/delishafrica/monorepo/apps//opt/delishafrica/monorepo/apps/client/.tonton_backups/lint_hotfix_2026-01-11T05-20-53+01-00/thieyp-demo.tsx.bak:10:export default function ThieypScreen() {
/opt/delishafrica/monorepo/apps//opt/delishafrica/monorepo/apps/client/.tonton_backups/lint_hotfix_2026-01-11T05-20-53+01-00/SnowOverlay.tsx.bak:9:export default function SnowOverlay({ visible, intensity = 18 }: Props) {
/opt/delishafrica/monorepo/apps//opt/delishafrica/monorepo/apps/courier/src/ui/SnowOverlay.tsx:12:export default function SnowOverlay({ visible, intensity = 18 }: Props) {
/opt/delishafrica/monorepo/apps//opt/delishafrica/monorepo/apps/courier/app/_layout.tsx.BAK_2025-11-14-1804:4:export default function RootLayout() {
/opt/delishafrica/monorepo/apps//opt/delishafrica/monorepo/apps/courier/app/home.tsx.BAK_2025-11-14-1717:2:import { ActivityIndicator, Alert, FlatList, Pressable, RefreshControl, SafeAreaView, StyleSheet, Text, View } from 'react-native';
/opt/delishafrica/monorepo/apps//opt/delishafrica/monorepo/apps/courier/app/home.tsx.BAK_2025-11-14-1717:69:    <SafeAreaView style={styles.screen}>
/opt/delishafrica/monorepo/apps//opt/delishafrica/monorepo/apps/courier/app/home.tsx.BAK_2025-11-14-1717:89:    </SafeAreaView>
/opt/delishafrica/monorepo/apps//opt/delishafrica/monorepo/apps/courier/app/demoMissions.tsx:4:const DemoMissionsScreen: React.FC = () => {
/opt/delishafrica/monorepo/apps//opt/delishafrica/monorepo/apps/courier/app/demoMissions.tsx:39:export default DemoMissionsScreen;
/opt/delishafrica/monorepo/apps//opt/delishafrica/monorepo/apps/courier/app/_layout.tsx.BAK.20251219-133347:5:import { Screen } from "../components/da/Screen";
/opt/delishafrica/monorepo/apps//opt/delishafrica/monorepo/apps/courier/app/_layout.tsx.BAK.20251219-133347:8:export default function RootLayout() {
/opt/delishafrica/monorepo/apps//opt/delishafrica/monorepo/apps/courier/app/_layout.tsx.BAK.20251219-133347:12:      <Screen padded={false} topOffset={10} style={{ backgroundColor: DA.bg }}>
/opt/delishafrica/monorepo/apps//opt/delishafrica/monorepo/apps/courier/app/_layout.tsx.BAK.20251219-133347:24:    <Stack.Screen name="index" options={{ title: "DelishAfrica" }} />
/opt/delishafrica/monorepo/apps//opt/delishafrica/monorepo/apps/courier/app/_layout.tsx.BAK.20251219-133347:25:      </Screen>
/opt/delishafrica/monorepo/apps//opt/delishafrica/monorepo/apps/courier/app/_layout.tsx.BAK_HEADERS_2025-11-14-1828:5:export default function RootLayout() {
/opt/delishafrica/monorepo/apps//opt/delishafrica/monorepo/apps/courier/app/mission-demo.tsx.DISABLED.20251221-210617:2:import { ActivityIndicator, Pressable, SafeAreaView, Text, View } from "react-native";
/opt/delishafrica/monorepo/apps//opt/delishafrica/monorepo/apps/courier/app/mission-demo.tsx.DISABLED.20251221-210617:129: <SafeAreaView style={{ flex: 1, backgroundColor: "#06060A" }}>
/opt/delishafrica/monorepo/apps//opt/delishafrica/monorepo/apps/courier/app/mission-demo.tsx.DISABLED.20251221-210617:189: </SafeAreaView>
/opt/delishafrica/monorepo/apps//opt/delishafrica/monorepo/apps/courier/app/demo-thieyp.tsx:23:export default function DemoThieypScreen() {
/opt/delishafrica/monorepo/apps//opt/delishafrica/monorepo/apps/courier/app/login.tsx:2:import { View, Text, TextInput, Pressable, StyleSheet, SafeAreaView, Alert, ActivityIndicator } from 'react-native';
/opt/delishafrica/monorepo/apps//opt/delishafrica/monorepo/apps/courier/app/login.tsx:31: <SafeAreaView style={S.screen}>
/opt/delishafrica/monorepo/apps//opt/delishafrica/monorepo/apps/courier/app/login.tsx:43: </SafeAreaView>
/opt/delishafrica/monorepo/apps//opt/delishafrica/monorepo/apps/courier/app/thieyp-demo.tsx:5:export default function ThieypScreen() {
/opt/delishafrica/monorepo/apps//opt/delishafrica/monorepo/apps/courier/app/_layout.tsx:4:export default function RootLayout() {
/opt/delishafrica/monorepo/apps//opt/delishafrica/monorepo/apps/courier/app/missions/index.tsx:2:import { SafeAreaView, View, Text, FlatList, ActivityIndicator } from "react-native";
/opt/delishafrica/monorepo/apps//opt/delishafrica/monorepo/apps/courier/app/missions/index.tsx:22:    <SafeAreaView>
/opt/delishafrica/monorepo/apps//opt/delishafrica/monorepo/apps/courier/app/missions/index.tsx:37:    </SafeAreaView>
/opt/delishafrica/monorepo/apps//opt/delishafrica/monorepo/apps/courier/app/mission/[id].tsx:7:export default function MissionScreen() {
/opt/delishafrica/monorepo/apps//opt/delishafrica/monorepo/apps/courier/app/_layout.tsx.BAK.20251219-135357:3:export default function Layout() {
/opt/delishafrica/monorepo/apps//opt/delishafrica/monorepo/apps/courier/app/modal.tsx:7:export default function ModalScreen() {
/opt/delishafrica/monorepo/apps//opt/delishafrica/monorepo/apps/courier/index.tsx:2:import { SafeAreaView, ScrollView, View, Text } from "react-native";
/opt/delishafrica/monorepo/apps//opt/delishafrica/monorepo/apps/courier/index.tsx:11:    <SafeAreaView style={{ flex: 1, backgroundColor: "#07111f" }}>
/opt/delishafrica/monorepo/apps//opt/delishafrica/monorepo/apps/courier/index.tsx:42:    </SafeAreaView>
/opt/delishafrica/monorepo/apps//opt/delishafrica/monorepo/apps/courier/scripts/reset-project.js:38:export default function RootLayout() {
/opt/delishafrica/monorepo/apps//opt/delishafrica/monorepo/apps/courier/components/AppBackground.tsx:8:export default function AppBackground({
/opt/delishafrica/monorepo/apps//opt/delishafrica/monorepo/apps/courier/components/parallax-scroll-view.tsx:14:  headerBackgroundColor?: any;
/opt/delishafrica/monorepo/apps//opt/delishafrica/monorepo/apps/courier/components/BrandBackground.tsx:7:export function BrandBackground({ children }: { children: React.ReactNode }) {
/opt/delishafrica/monorepo/apps//opt/delishafrica/monorepo/apps/courier/components/da/Screen.tsx:12:export function Screen({
/opt/delishafrica/monorepo/apps//opt/delishafrica/monorepo/apps/client/apps/client/app/restaurants/index.tsx:3:import { ActivityIndicator, FlatList, Pressable, SafeAreaView, Text, View } from "react-native";
/opt/delishafrica/monorepo/apps//opt/delishafrica/monorepo/apps/client/apps/client/app/restaurants/index.tsx:13:export default function RestaurantsScreen() {
/opt/delishafrica/monorepo/apps//opt/delishafrica/monorepo/apps/client/apps/client/app/restaurants/index.tsx:34:    <SafeAreaView style={{ flex: 1, backgroundColor: "white" }}>
/opt/delishafrica/monorepo/apps//opt/delishafrica/monorepo/apps/client/apps/client/app/restaurants/index.tsx:35:      <Stack.Screen options={{ title: "Restaurants" }} />
/opt/delishafrica/monorepo/apps//opt/delishafrica/monorepo/apps/client/apps/client/app/restaurants/index.tsx:64:    </SafeAreaView>
/opt/delishafrica/monorepo/apps//opt/delishafrica/monorepo/apps/client/apps/client/app/index.tsx:2:import { SafeAreaView, Text, View } from "react-native";
/opt/delishafrica/monorepo/apps//opt/delishafrica/monorepo/apps/client/apps/client/app/index.tsx:6:    <SafeAreaView style={{ flex: 1, alignItems: "center", justifyContent: "center" }}>
/opt/delishafrica/monorepo/apps//opt/delishafrica/monorepo/apps/client/apps/client/app/index.tsx:7:      <Stack.Screen options={{ title: "DelishAfrica — Home" }} />
/opt/delishafrica/monorepo/apps//opt/delishafrica/monorepo/apps/client/apps/client/app/index.tsx:12:    </SafeAreaView>
/opt/delishafrica/monorepo/apps//opt/delishafrica/monorepo/apps/client/src/ui/SnowOverlay.tsx:16:export default function SnowOverlay() {
/opt/delishafrica/monorepo/apps//opt/delishafrica/monorepo/apps/client/apps/client/app/auth/login.tsx:2:import { SafeAreaView, Text, TextInput, Pressable, View } from "react-native";
/opt/delishafrica/monorepo/apps//opt/delishafrica/monorepo/apps/client/apps/client/app/auth/login.tsx:16:    <SafeAreaView style={{ flex: 1, padding: 16 }}>
/opt/delishafrica/monorepo/apps//opt/delishafrica/monorepo/apps/client/apps/client/app/auth/login.tsx:29:    </SafeAreaView>
/opt/delishafrica/monorepo/apps//opt/delishafrica/monorepo/apps/client/da/InnerLayout.tsx:5:import { BrandBackground } from "../components/BrandBackground";
/opt/delishafrica/monorepo/apps//opt/delishafrica/monorepo/apps/client/da/InnerLayout.tsx:7:export default function RootLayout() {
/opt/delishafrica/monorepo/apps//opt/delishafrica/monorepo/apps/client/da/InnerLayout.tsx:9:    <BrandBackground>
/opt/delishafrica/monorepo/apps//opt/delishafrica/monorepo/apps/client/da/InnerLayout.tsx:18:    </BrandBackground>
/opt/delishafrica/monorepo/apps//opt/delishafrica/monorepo/apps/client/ui/screens/SignatureHomeClient.tsx:4:import { SafeAreaView, useSafeAreaInsets } from "react-native-safe-area-context";
/opt/delishafrica/monorepo/apps//opt/delishafrica/monorepo/apps/client/ui/screens/SignatureHomeClient.tsx:125: <SafeAreaView style={[styles.safe, { backgroundColor: c.bg }]}>
/opt/delishafrica/monorepo/apps//opt/delishafrica/monorepo/apps/client/ui/screens/SignatureHomeClient.tsx:180: </SafeAreaView>
/opt/delishafrica/monorepo/apps//opt/delishafrica/monorepo/apps/client/index.tsx:5:  SafeAreaView,
/opt/delishafrica/monorepo/apps//opt/delishafrica/monorepo/apps/client/index.tsx:26:export default function CourierHomeScreen() {
/opt/delishafrica/monorepo/apps//opt/delishafrica/monorepo/apps/client/index.tsx:79:    <SafeAreaView style={{ flex: 1, backgroundColor: "#020617" }}>
/opt/delishafrica/monorepo/apps//opt/delishafrica/monorepo/apps/client/index.tsx:212:    </SafeAreaView>
/opt/delishafrica/monorepo/apps//opt/delishafrica/monorepo/apps/client/components/BrandBackground.tsx:7:export function BrandBackground({ children }: { children: React.ReactNode }) {
/opt/delishafrica/monorepo/apps//opt/delishafrica/monorepo/apps/client/ui/ui.tsx:3:  SafeAreaView,
/opt/delishafrica/monorepo/apps//opt/delishafrica/monorepo/apps/client/ui/ui.tsx:23: * Screen universel DelishAfrica
/opt/delishafrica/monorepo/apps//opt/delishafrica/monorepo/apps/client/ui/ui.tsx:28:export function Screen({
/opt/delishafrica/monorepo/apps//opt/delishafrica/monorepo/apps/client/ui/ui.tsx:36:      <SafeAreaView style={[styles.safe, style]} pointerEvents="box-none">
/opt/delishafrica/monorepo/apps//opt/delishafrica/monorepo/apps/client/ui/ui.tsx:45:      </SafeAreaView>
/opt/delishafrica/monorepo/apps//opt/delishafrica/monorepo/apps/client/ui/ui.tsx:50:    <SafeAreaView style={[styles.safe, style]} pointerEvents="box-none">
/opt/delishafrica/monorepo/apps//opt/delishafrica/monorepo/apps/client/ui/ui.tsx:52:    </SafeAreaView>
/opt/delishafrica/monorepo/apps//opt/delishafrica/monorepo/apps/client/components/AppBackground.tsx:8:export default function AppBackground({
/opt/delishafrica/monorepo/apps//opt/delishafrica/monorepo/apps/client/ui/ui.tsx.bak_scrollfix:3:  SafeAreaView,
/opt/delishafrica/monorepo/apps//opt/delishafrica/monorepo/apps/client/ui/ui.tsx.bak_scrollfix:23: * Screen universel DelishAfrica
/opt/delishafrica/monorepo/apps//opt/delishafrica/monorepo/apps/client/ui/ui.tsx.bak_scrollfix:28:export function Screen({
/opt/delishafrica/monorepo/apps//opt/delishafrica/monorepo/apps/client/ui/ui.tsx.bak_scrollfix:36:      <SafeAreaView style={[styles.safe, style]} pointerEvents="box-none">
/opt/delishafrica/monorepo/apps//opt/delishafrica/monorepo/apps/client/ui/ui.tsx.bak_scrollfix:45:      </SafeAreaView>
/opt/delishafrica/monorepo/apps//opt/delishafrica/monorepo/apps/client/ui/ui.tsx.bak_scrollfix:50:    <SafeAreaView style={[styles.safe, style]} pointerEvents="box-none">
/opt/delishafrica/monorepo/apps//opt/delishafrica/monorepo/apps/client/ui/ui.tsx.bak_scrollfix:52:    </SafeAreaView>
/opt/delishafrica/monorepo/apps//opt/delishafrica/monorepo/apps/client/components/parallax-scroll-view.tsx:14:  headerBackgroundColor?: any;
/opt/delishafrica/monorepo/apps//opt/delishafrica/monorepo/apps/client/patch-courier-premium-ui.sh:9:BG_TSX="$APP_DIR/components/AppBackground.tsx"
/opt/delishafrica/monorepo/apps//opt/delishafrica/monorepo/apps/client/patch-courier-premium-ui.sh:151:// apps/courier/components/AppBackground.tsx
/opt/delishafrica/monorepo/apps//opt/delishafrica/monorepo/apps/client/patch-courier-premium-ui.sh:153:import { ImageBackground, View, useColorScheme } from 'react-native';
/opt/delishafrica/monorepo/apps//opt/delishafrica/monorepo/apps/client/patch-courier-premium-ui.sh:179:export default function AppBackground({
/opt/delishafrica/monorepo/apps//opt/delishafrica/monorepo/apps/client/patch-courier-premium-ui.sh:218:    <ImageBackground source={source} resizeMode="repeat" style={{ flex: 1 }} imageStyle={{ opacity }}>
/opt/delishafrica/monorepo/apps//opt/delishafrica/monorepo/apps/client/patch-courier-premium-ui.sh:232:    </ImageBackground>
/opt/delishafrica/monorepo/apps//opt/delishafrica/monorepo/apps/client/patch-courier-premium-ui.sh:241:import { View, Text, FlatList, ActivityIndicator, SafeAreaView, Pressable, Alert, useColorScheme } from 'react-native';
/opt/delishafrica/monorepo/apps//opt/delishafrica/monorepo/apps/client/patch-courier-premium-ui.sh:247:import AppBackground from '../components/AppBackground';
/opt/delishafrica/monorepo/apps//opt/delishafrica/monorepo/apps/client/patch-courier-premium-ui.sh:429:    <AppBackground variant="routes" opacity={0.13} gradient>
/opt/delishafrica/monorepo/apps//opt/delishafrica/monorepo/apps/client/patch-courier-premium-ui.sh:430:      <SafeAreaView style={{ flex: 1 }}>
/opt/delishafrica/monorepo/apps//opt/delishafrica/monorepo/apps/client/patch-courier-premium-ui.sh:531:      </SafeAreaView>
/opt/delishafrica/monorepo/apps//opt/delishafrica/monorepo/apps/client/patch-courier-premium-ui.sh:532:    </AppBackground>
/opt/delishafrica/monorepo/apps//opt/delishafrica/monorepo/apps/client/components/da/Screen.tsx:12:export function Screen({
/opt/delishafrica/monorepo/apps//opt/delishafrica/monorepo/apps/client/scripts/reset-project.js:38:export default function RootLayout() {
/opt/delishafrica/monorepo/apps//opt/delishafrica/monorepo/apps/merchant/index.tsx:5:  SafeAreaView,
/opt/delishafrica/monorepo/apps//opt/delishafrica/monorepo/apps/merchant/index.tsx:34:export default function MerchantHomeScreen() {
/opt/delishafrica/monorepo/apps//opt/delishafrica/monorepo/apps/merchant/index.tsx:110:    <SafeAreaView style={{ flex: 1, backgroundColor: "#020617" }}>
/opt/delishafrica/monorepo/apps//opt/delishafrica/monorepo/apps/merchant/index.tsx:306:    </SafeAreaView>
/opt/delishafrica/monorepo/apps//opt/delishafrica/monorepo/apps/merchant/components/BrandBackground.tsx:7:export function BrandBackground({ children }: { children: React.ReactNode }) {
/opt/delishafrica/monorepo/apps//opt/delishafrica/monorepo/apps/merchant/components/AppBackground.tsx:8:export default function AppBackground({
/opt/delishafrica/monorepo/apps//opt/delishafrica/monorepo/apps/merchant/components/parallax-scroll-view.tsx:14:  headerBackgroundColor?: any;
/opt/delishafrica/monorepo/apps//opt/delishafrica/monorepo/apps/merchant/components/da/Screen.tsx:12:export function Screen({
/opt/delishafrica/monorepo/apps//opt/delishafrica/monorepo/apps/merchant/scripts/reset-project.js:38:export default function RootLayout() {
/opt/delishafrica/monorepo/apps//opt/delishafrica/monorepo/apps/merchant/ui/screens/SignatureHomeMerchant.tsx:3:import { SafeAreaView, useSafeAreaInsets } from "react-native-safe-area-context";
/opt/delishafrica/monorepo/apps//opt/delishafrica/monorepo/apps/merchant/ui/screens/SignatureHomeMerchant.tsx:97: <SafeAreaView style={[styles.safe, { backgroundColor: c.bg }]}>
/opt/delishafrica/monorepo/apps//opt/delishafrica/monorepo/apps/merchant/ui/screens/SignatureHomeMerchant.tsx:141: </SafeAreaView>
/opt/delishafrica/monorepo/apps//opt/delishafrica/monorepo/apps/merchant/ui/ui.tsx:3:  SafeAreaView,
/opt/delishafrica/monorepo/apps//opt/delishafrica/monorepo/apps/merchant/ui/ui.tsx:23: * Screen universel DelishAfrica
/opt/delishafrica/monorepo/apps//opt/delishafrica/monorepo/apps/merchant/ui/ui.tsx:28:export function Screen({
/opt/delishafrica/monorepo/apps//opt/delishafrica/monorepo/apps/merchant/ui/ui.tsx:36:      <SafeAreaView style={[styles.safe, style]} pointerEvents="box-none">
/opt/delishafrica/monorepo/apps//opt/delishafrica/monorepo/apps/merchant/ui/ui.tsx:45:      </SafeAreaView>
/opt/delishafrica/monorepo/apps//opt/delishafrica/monorepo/apps/merchant/ui/ui.tsx:50:    <SafeAreaView style={[styles.safe, style]} pointerEvents="box-none">
/opt/delishafrica/monorepo/apps//opt/delishafrica/monorepo/apps/merchant/ui/ui.tsx:52:    </SafeAreaView>
/opt/delishafrica/monorepo/apps//opt/delishafrica/monorepo/apps/client/app/orders-demo.tsx.DISABLED.20251221-210617:10: <Stack.Screen options={{ title: "Order " }} />
/opt/delishafrica/monorepo/apps//opt/delishafrica/monorepo/apps/merchant/ui/ui.tsx.bak_scrollfix:3:  SafeAreaView,
/opt/delishafrica/monorepo/apps//opt/delishafrica/monorepo/apps/merchant/ui/ui.tsx.bak_scrollfix:23: * Screen universel DelishAfrica
/opt/delishafrica/monorepo/apps//opt/delishafrica/monorepo/apps/merchant/ui/ui.tsx.bak_scrollfix:28:export function Screen({
/opt/delishafrica/monorepo/apps//opt/delishafrica/monorepo/apps/merchant/ui/ui.tsx.bak_scrollfix:36:      <SafeAreaView style={[styles.safe, style]} pointerEvents="box-none">
/opt/delishafrica/monorepo/apps//opt/delishafrica/monorepo/apps/merchant/ui/ui.tsx.bak_scrollfix:45:      </SafeAreaView>
/opt/delishafrica/monorepo/apps//opt/delishafrica/monorepo/apps/merchant/ui/ui.tsx.bak_scrollfix:50:    <SafeAreaView style={[styles.safe, style]} pointerEvents="box-none">
/opt/delishafrica/monorepo/apps//opt/delishafrica/monorepo/apps/merchant/ui/ui.tsx.bak_scrollfix:52:    </SafeAreaView>
/opt/delishafrica/monorepo/apps//opt/delishafrica/monorepo/apps/merchant/da/InnerLayout.tsx:5:import { BrandBackground } from "../components/BrandBackground";
/opt/delishafrica/monorepo/apps//opt/delishafrica/monorepo/apps/merchant/da/InnerLayout.tsx:7:export default function RootLayout() {
/opt/delishafrica/monorepo/apps//opt/delishafrica/monorepo/apps/merchant/da/InnerLayout.tsx:9:    <BrandBackground>
/opt/delishafrica/monorepo/apps//opt/delishafrica/monorepo/apps/merchant/da/InnerLayout.tsx:18:    </BrandBackground>
/opt/delishafrica/monorepo/apps//opt/delishafrica/monorepo/apps/client/app/index.tsx.BAK_20251202-172530:3:  SafeAreaView,
/opt/delishafrica/monorepo/apps//opt/delishafrica/monorepo/apps/client/app/index.tsx.BAK_20251202-172530:49:    <SafeAreaView style={{ flex: 1, backgroundColor: "#0b0f19" }}>
/opt/delishafrica/monorepo/apps//opt/delishafrica/monorepo/apps/client/app/index.tsx.BAK_20251202-172530:113:    </SafeAreaView>
/opt/delishafrica/monorepo/apps//opt/delishafrica/monorepo/apps/client/app/demo-thieyp.tsx.bak.20260112_011215:23:export default function DemoThieypScreen() {
/opt/delishafrica/monorepo/apps//opt/delishafrica/monorepo/apps/merchant/src/ui/SnowOverlay.tsx:12:export default function SnowOverlay({ visible, intensity = 18 }: Props) {
/opt/delishafrica/monorepo/apps//opt/delishafrica/monorepo/apps/merchant/app/orders-demo.tsx.DISABLED.20251221-210617:2:import { ActivityIndicator, Pressable, SafeAreaView, Text, View } from "react-native";
/opt/delishafrica/monorepo/apps//opt/delishafrica/monorepo/apps/merchant/app/orders-demo.tsx.DISABLED.20251221-210617:132: <SafeAreaView style={{ flex: 1, backgroundColor: "#06060A" }}>
/opt/delishafrica/monorepo/apps//opt/delishafrica/monorepo/apps/merchant/app/orders-demo.tsx.DISABLED.20251221-210617:235: </SafeAreaView>
/opt/delishafrica/monorepo/apps//opt/delishafrica/monorepo/apps/merchant/app/_layout.tsx.BAK.20251219-133347:5:import { Screen } from "../components/da/Screen";
/opt/delishafrica/monorepo/apps//opt/delishafrica/monorepo/apps/merchant/app/_layout.tsx.BAK.20251219-133347:8:export default function RootLayout() {
/opt/delishafrica/monorepo/apps//opt/delishafrica/monorepo/apps/merchant/app/_layout.tsx.BAK.20251219-133347:12:      <Screen padded={false} topOffset={10} style={{ backgroundColor: DA.bg }}>
/opt/delishafrica/monorepo/apps//opt/delishafrica/monorepo/apps/merchant/app/_layout.tsx.BAK.20251219-133347:24:    <Stack.Screen name="index" options={{ title: "DelishAfrica" }} />
/opt/delishafrica/monorepo/apps//opt/delishafrica/monorepo/apps/merchant/app/_layout.tsx.BAK.20251219-133347:25:      </Screen>
/opt/delishafrica/monorepo/apps//opt/delishafrica/monorepo/apps/merchant/app/_layout.tsx.BAK_20251202-181441:9:export default function RootLayout() {
/opt/delishafrica/monorepo/apps//opt/delishafrica/monorepo/apps/merchant/app/_layout.tsx.BAK_HEADERS_2025-11-14-1828:2:export default function Layout(){
/opt/delishafrica/monorepo/apps//opt/delishafrica/monorepo/apps/merchant/app/demo-thieyp.tsx:23:export default function DemoThieypScreen() {
/opt/delishafrica/monorepo/apps//opt/delishafrica/monorepo/apps/merchant/app/thieyp-demo.tsx:14:export default function OrdersDebugScreen() {
/opt/delishafrica/monorepo/apps//opt/delishafrica/monorepo/apps/merchant/app/commande/[id].tsx:6:export default function OrderScreen() {
/opt/delishafrica/monorepo/apps//opt/delishafrica/monorepo/apps/merchant/app/_layout.tsx:4:export default function RootLayout() {
/opt/delishafrica/monorepo/apps//opt/delishafrica/monorepo/apps/merchant/app/_layout.tsx.BAK_20251202-182843:9:export default function RootLayout() {
/opt/delishafrica/monorepo/apps//opt/delishafrica/monorepo/apps/merchant/app/ops.tsx:6:export default function OpsScreen() {
/opt/delishafrica/monorepo/apps//opt/delishafrica/monorepo/apps/merchant/app/_layout.tsx.BAK.20251219-135357:3:export default function Layout() {
/opt/delishafrica/monorepo/apps//opt/delishafrica/monorepo/apps/merchant/app/modal.tsx:7:export default function ModalScreen() {
/opt/delishafrica/monorepo/apps//opt/delishafrica/monorepo/apps/merchant/app/(tabs)/explore.tsx:14:  headerBackgroundColor?: any;
/opt/delishafrica/monorepo/apps//opt/delishafrica/monorepo/apps/merchant/app/(tabs)/_layout.tsx:3:export default function RootLayout() {
/opt/delishafrica/monorepo/apps//opt/delishafrica/monorepo/apps/merchant/app/(tabs)/index.tsx:14:  headerBackgroundColor?: any;
/opt/delishafrica/monorepo/apps//opt/delishafrica/monorepo/apps/_layout.tsx:4:export default function RootLayout() {
/opt/delishafrica/monorepo/apps//opt/delishafrica/monorepo/apps/merchant/app/index.tsx.BAK_2025-11-14-1808:3:import { View, Text, ActivityIndicator, SafeAreaView, FlatList } from "react-native";
/opt/delishafrica/monorepo/apps//opt/delishafrica/monorepo/apps/merchant/app/index.tsx.BAK_2025-11-14-1808:32:    <SafeAreaView style={{ flex: 1, padding: 16 }}>
/opt/delishafrica/monorepo/apps//opt/delishafrica/monorepo/apps/merchant/app/index.tsx.BAK_2025-11-14-1808:51:    </SafeAreaView>
/opt/delishafrica/monorepo/apps//opt/delishafrica/monorepo/apps/client/app/menu.tsx:6:export default function MenuScreen() {
/opt/delishafrica/monorepo/apps//opt/delishafrica/monorepo/apps/merchant/app/_layout.tsx.BAK.20251219_141555:3:export default function Layout() {
/opt/delishafrica/monorepo/apps//opt/delishafrica/monorepo/apps/merchant/app/_layout.tsx.BAK_20251202-174643:4:export default function RootLayout() {
/opt/delishafrica/monorepo/apps//opt/delishafrica/monorepo/apps/client/app/_layout.tsx.BAK.20251219-112040:5:import { Screen } from "../components/da/Screen";
/opt/delishafrica/monorepo/apps//opt/delishafrica/monorepo/apps/client/app/_layout.tsx.BAK.20251219-112040:8:export default function RootLayout() {
/opt/delishafrica/monorepo/apps//opt/delishafrica/monorepo/apps/client/app/_layout.tsx.BAK.20251219-112040:12:      <Screen padded={false} topOffset={10} style={{ backgroundColor: DA.bg }}>
/opt/delishafrica/monorepo/apps//opt/delishafrica/monorepo/apps/client/app/_layout.tsx.BAK.20251219-112040:24:    <Stack.Screen name="index" options={{ title: "DelishAfrica" }} />
/opt/delishafrica/monorepo/apps//opt/delishafrica/monorepo/apps/client/app/_layout.tsx.BAK.20251219-112040:25:      </Screen>
/opt/delishafrica/monorepo/apps//opt/delishafrica/monorepo/apps/merchant/app/orders/index.tsx:2:import { SafeAreaView, View, Text, FlatList, ActivityIndicator } from "react-native";
/opt/delishafrica/monorepo/apps//opt/delishafrica/monorepo/apps/merchant/app/orders/index.tsx:22:    <SafeAreaView>
/opt/delishafrica/monorepo/apps//opt/delishafrica/monorepo/apps/merchant/app/orders/index.tsx:38:    </SafeAreaView>
/opt/delishafrica/monorepo/apps//opt/delishafrica/monorepo/apps/client/app/modal.tsx:7:export default function ModalScreen() {
/opt/delishafrica/monorepo/apps//opt/delishafrica/monorepo/apps/merchant/app/index.tsx.BAK_20251202-163605:4:export default function Screen() {
/opt/delishafrica/monorepo/apps//opt/delishafrica/monorepo/apps/client/app/demo-thieyp.tsx.bak.20260112_005538:23:export default function DemoThieypScreen() {
/opt/delishafrica/monorepo/apps//opt/delishafrica/monorepo/apps/merchant/app/home.tsx:14:export default function OrdersScreen() {
/opt/delishafrica/monorepo/apps//opt/delishafrica/monorepo/apps/client/app/(tabs)/explore.tsx:14:  headerBackgroundColor?: any;
/opt/delishafrica/monorepo/apps//opt/delishafrica/monorepo/apps/merchant/app/auth/login.tsx:3:import { SafeAreaView, Text, TextInput, Pressable } from "react-native";
/opt/delishafrica/monorepo/apps//opt/delishafrica/monorepo/apps/merchant/app/auth/login.tsx:13: <SafeAreaView style={{ flex:1, padding:16 }}>
/opt/delishafrica/monorepo/apps//opt/delishafrica/monorepo/apps/merchant/app/auth/login.tsx:26: </SafeAreaView>
/opt/delishafrica/monorepo/apps//opt/delishafrica/monorepo/apps/client/app/(tabs)/_layout.tsx:8:export default function TabLayout() {
/opt/delishafrica/monorepo/apps//opt/delishafrica/monorepo/apps/client/app/(tabs)/_layout.tsx:20:      <Tabs.Screen
/opt/delishafrica/monorepo/apps//opt/delishafrica/monorepo/apps/client/app/(tabs)/_layout.tsx:27:      <Tabs.Screen
/opt/delishafrica/monorepo/apps//opt/delishafrica/monorepo/apps/client/app/(tabs)/index.tsx:14:  headerBackgroundColor?: any;
/opt/delishafrica/monorepo/apps//opt/delishafrica/monorepo/apps/client/app/demo-thieyp.tsx:23:export default function DemoThieypScreen() {
/opt/delishafrica/monorepo/apps//opt/delishafrica/monorepo/apps/client/app/thieyp-demo.tsx:3:import { SafeAreaView, ScrollView, StyleSheet, Text, TouchableOpacity, View } from "react-native";
/opt/delishafrica/monorepo/apps//opt/delishafrica/monorepo/apps/client/app/thieyp-demo.tsx:4:import SnowOverlay from "../src/ui/SnowOverlay";
/opt/delishafrica/monorepo/apps//opt/delishafrica/monorepo/apps/client/app/thieyp-demo.tsx:15:export default function ThieypDemoScreen() {
/opt/delishafrica/monorepo/apps//opt/delishafrica/monorepo/apps/client/app/thieyp-demo.tsx:19:    <SafeAreaView style={styles.safe}>
/opt/delishafrica/monorepo/apps//opt/delishafrica/monorepo/apps/client/app/thieyp-demo.tsx:21:        <SnowOverlay />
/opt/delishafrica/monorepo/apps//opt/delishafrica/monorepo/apps/client/app/thieyp-demo.tsx:64:    </SafeAreaView>
/opt/delishafrica/monorepo/apps//opt/delishafrica/monorepo/apps/client/app/partner/[slug].tsx:5:export default function PartnerSlugScreen() {
/opt/delishafrica/monorepo/apps//opt/delishafrica/monorepo/apps/client/app/_layout.tsx:4:export default function RootLayout() {
/opt/delishafrica/monorepo/apps//opt/delishafrica/monorepo/apps/client/app/restaurant/[id].tsx:6:export default function RestaurantScreen() {
/opt/delishafrica/monorepo/apps//opt/delishafrica/monorepo/apps/client/app/index.tsx.BAK_20251202-163605:4:export default function Screen() {
/opt/delishafrica/monorepo/apps//opt/delishafrica/monorepo/apps/client/app/restaurants/index.tsx:2:import { ActivityIndicator, FlatList, Pressable, SafeAreaView, Text, View } from "react-native";
/opt/delishafrica/monorepo/apps//opt/delishafrica/monorepo/apps/client/app/restaurants/index.tsx:10:  return <SafeAreaView style={{flex:1}}>
/opt/delishafrica/monorepo/apps//opt/delishafrica/monorepo/apps/client/app/restaurants/index.tsx:22:  </SafeAreaView>;

✅ Rapport généré: /opt/delishafrica/monorepo/.tonton_reports/scroll_doctor_20260120_232052.log
Tip: ouvre-le avec: sed -n '1,200p' /opt/delishafrica/monorepo/.tonton_reports/scroll_doctor_20260120_232052.log
