🧨 TONTON SCROLL NUKE MODE
Root:   /opt/delishafrica/monorepo
Backup: /opt/delishafrica/monorepo/.tonton_backups/scroll_nuke_20260114_154259
Report: /opt/delishafrica/monorepo/.tonton_reports/scroll_nuke_20260114_154259.log

============================================================
A) HUNT — on liste les suspects (PanResponder / Gesture.Pan / handlers)
============================================================
/opt/delishafrica/monorepo/apps/courier/ui/_debug/TouchTrace.tsx:11: * qui NE capture PAS le responder (pas de PanResponder "true", pas de GestureDetector global).
/opt/delishafrica/monorepo/apps/courier/components/SignaturePad.tsx:10:  const pan = useMemo(() => PanResponder.create({
/opt/delishafrica/monorepo/apps/courier/components/SignaturePad.tsx:11:    onStartShouldSetPanResponder: () => false,
/opt/delishafrica/monorepo/apps/client/ui/_debug/TouchTrace.tsx:11: * qui NE capture PAS le responder (pas de PanResponder "true", pas de GestureDetector global).
/opt/delishafrica/monorepo/apps/merchant/ui/_debug/TouchTrace.tsx:11: * qui NE capture PAS le responder (pas de PanResponder "true", pas de GestureDetector global).

============================================================
B) BACKUP — on sauvegarde les fichiers ciblés
============================================================
Targets: 1
/opt/delishafrica/monorepo/apps/courier/components/SignaturePad.tsx

============================================================
C) PATCH — Désactiver PAN gestures via EXPO_PUBLIC_SCROLL_NUKE=1
   - Gesture.Pan() -> Gesture.Pan().enabled(process.env...!=="1")
   - <PanGestureHandler ...> ajoute enabled={...} si absent
   - ShouldSetResponder/ShouldSetPanResponder true -> gate env
============================================================

============================================================
D) HARD NUKE — désactiver les traceurs touch debug (NOOP) si trouvés
   (uniquement fichiers *Touch*Trace* / *touch*trace* / ui/_debug)
============================================================

✅ NUKE MODE PATCH APPLIED
Backup: /opt/delishafrica/monorepo/.tonton_backups/scroll_nuke_20260114_154259
Report: /opt/delishafrica/monorepo/.tonton_reports/scroll_nuke_20260114_154259.log

👉 Lancement TEST:
   EXPO_PUBLIC_SCROLL_NUKE=1 (désactive les gestures tueuses)

Rollback (1-liner):
   rsync -a "/opt/delishafrica/monorepo/.tonton_backups/scroll_nuke_20260114_154259/" "/opt/delishafrica/monorepo/"
