🧩 TONTON SDK54 ALIGN (expo install exact + splash fix + rngh + maps)
Root:   /opt/delishafrica/monorepo
Backup: /opt/delishafrica/monorepo/.tonton_backups/sdk54_align_20260114_201107
Report: /opt/delishafrica/monorepo/.tonton_reports/sdk54_align_20260114_201107.log
Apps:   client courier merchant

============================================================
1) Nettoyage deps dangereuses signalées par expo-doctor
   - expo-modules-core (ne doit pas être installé directement)
   - @types/react-native (inutile, inclus via react-native)
============================================================
patched /opt/delishafrica/monorepo/package.json
patched /opt/delishafrica/monorepo/apps/client/package.json
patched /opt/delishafrica/monorepo/apps/courier/package.json
patched /opt/delishafrica/monorepo/apps/merchant/package.json

============================================================
2) Réinstall propre
============================================================
Scope: all 6 workspace projects
Progress: resolved 0, reused 1, downloaded 0, added 0
Progress: resolved 325, reused 323, downloaded 0, added 0
Progress: resolved 1259, reused 1215, downloaded 1, added 0
 WARN  4 deprecated subdependencies found: glob@7.2.3, inflight@1.0.6, rimraf@3.0.2, uuid@3.4.0
Already up to date
Progress: resolved 1259, reused 1215, downloaded 2, added 0, done

dependencies:
- expo-modules-core 3.0.28

 WARN  Issues with peer dependencies found
.
├─┬ expo-router 6.0.17
│ └── ✕ unmet peer expo-linking@^8.0.10: found 8.0.9
└─┬ @react-native/virtualized-lists 0.83.0
  └── ✕ unmet peer @types/react@^19.2.0: found 19.1.17

apps/client
├─┬ expo-router 6.0.17
│ ├── ✕ unmet peer expo-constants@^18.0.11: found 18.0.10
│ └── ✕ unmet peer expo-linking@^8.0.10: found 8.0.9
└─┬ @react-navigation/stack 7.6.12
  ├── ✕ unmet peer @react-navigation/native@^7.1.25: found 7.1.24
  └─┬ @react-navigation/elements 2.9.2
    └── ✕ unmet peer @react-navigation/native@^7.1.25: found 7.1.24

apps/courier
├─┬ expo-router 6.0.17
│ ├── ✕ unmet peer expo-constants@^18.0.11: found 18.0.10
│ └── ✕ unmet peer expo-linking@^8.0.10: found 8.0.9
└─┬ @react-navigation/stack 7.6.12
  ├── ✕ unmet peer @react-navigation/native@^7.1.25: found 7.1.24
  └─┬ @react-navigation/elements 2.9.2
    └── ✕ unmet peer @react-navigation/native@^7.1.25: found 7.1.24

apps/merchant
├─┬ expo-router 6.0.17
│ ├── ✕ unmet peer expo-constants@^18.0.11: found 18.0.10
│ └── ✕ unmet peer expo-linking@^8.0.10: found 8.0.9
└─┬ @react-navigation/stack 7.6.12
  ├── ✕ unmet peer @react-navigation/native@^7.1.25: found 7.1.24
  └─┬ @react-navigation/elements 2.9.2
    └── ✕ unmet peer @react-navigation/native@^7.1.25: found 7.1.24

Done in 3.8s

============================================================
3) Expo SDK54 align (versions attendues par expo-doctor)
   + react-native-gesture-handler (peer manquante)
   + react-native-maps (attendu 1.20.1)
============================================================
---- expo install (client) ----
env: load .env.local .env.development .env
env: export EXPO_PUBLIC_API_BASE_URL EXPO_PUBLIC_API_URL NEXT_PUBLIC_API_URL API_BASE_URL EXPO_PUBLIC_BG_OFF EXPO_PUBLIC_SCROLL_DIAG EXPO_PUBLIC_LAYOUT_SCALPEL EXPO_PUBLIC_RESPONDER_SCALPEL EXPO_PUBLIC_SCROLL_FIX
[33m[1mWarning: [22mRoot-level [1m"expo"[22m object found. Ignoring extra keys in Expo config: "android", "ios"
[90mLearn more: https://expo.fyi/root-expo-object[0m[0m
› Installing 4 SDK 54.0.0 compatible native modules and 18 other packages using pnpm
› Using ~54.0.31 instead of ~54.0.31 for expo, ~12.0.12 instead of ~12.0.12 for expo-asset, ~18.0.13 instead of ~18.0.13 for expo-constants, ~6.0.20 instead of ~6.0.20 for expo-dev-client, ~14.0.9 instead of ~14.0.10 for expo-font, ~15.0.8 instead of ~15.0.8 for expo-haptics, ~3.0.11 instead of ~3.0.11 for expo-image, ~8.0.11 instead of ~8.0.11 for expo-linking, ~19.0.8 instead of ~19.0.8 for expo-location, ~3.0.29 instead of ~3.0.29 for expo-modules-core, and 8 others because these versions was explicitly provided. Packages excluded from dependency validation should be listed in expo.install.exclude in package.json. Learn more: https://docs.expo.dev/more/expo-cli/#configuring-dependency-validation
The Expo CLI appears to be running this project in another terminal window. Close and restart any Expo CLI instances after the installation to complete the update.
> pnpm add expo@~54.0.31
../..                                    |  WARN  `node_modules` is present. Lockfile only installation will make it out-of-date
../..                                    | Progress: resolved 1, reused 0, downloaded 0, added 0
../..                                    | Progress: resolved 107, reused 0, downloaded 0, added 0
../..                                    | Progress: resolved 378, reused 0, downloaded 0, added 0
../..                                    | Progress: resolved 618, reused 0, downloaded 0, added 0
../..                                    | Progress: resolved 889, reused 0, downloaded 0, added 0
../..                                    | Progress: resolved 990, reused 0, downloaded 0, added 0
../..                                    | Progress: resolved 1262, reused 0, downloaded 0, added 0
 WARN  4 deprecated subdependencies found: glob@7.2.3, inflight@1.0.6, rimraf@3.0.2, uuid@3.4.0
../..                                    | Progress: resolved 1282, reused 0, downloaded 0, added 0, done

 WARN  Issues with peer dependencies found
.
├─┬ expo-router 6.0.17
│ └── ✕ unmet peer expo-linking@^8.0.10: found 8.0.9
└─┬ @react-native/virtualized-lists 0.83.0
  └── ✕ unmet peer @types/react@^19.2.0: found 19.1.17

apps/client
├─┬ expo-router 6.0.17
│ ├── ✕ unmet peer expo-linking@^8.0.10: found 8.0.9
│ └── ✕ unmet peer expo-constants@^18.0.11: found 18.0.10
└─┬ @react-navigation/stack 7.6.12
  ├── ✕ unmet peer @react-navigation/native@^7.1.25: found 7.1.24
  └─┬ @react-navigation/elements 2.9.2
    └── ✕ unmet peer @react-navigation/native@^7.1.25: found 7.1.24

apps/courier
├─┬ expo-router 6.0.17
│ ├── ✕ unmet peer expo-linking@^8.0.10: found 8.0.9
│ └── ✕ unmet peer expo-constants@^18.0.11: found 18.0.10
└─┬ @react-navigation/stack 7.6.12
  ├── ✕ unmet peer @react-navigation/native@^7.1.25: found 7.1.24
  └─┬ @react-navigation/elements 2.9.2
    └── ✕ unmet peer @react-navigation/native@^7.1.25: found 7.1.24

apps/merchant
├─┬ expo-router 6.0.17
│ ├── ✕ unmet peer expo-linking@^8.0.10: found 8.0.9
│ └── ✕ unmet peer expo-constants@^18.0.11: found 18.0.10
└─┬ @react-navigation/stack 7.6.12
  ├── ✕ unmet peer @react-navigation/native@^7.1.25: found 7.1.24
  └─┬ @react-navigation/elements 2.9.2
    └── ✕ unmet peer @react-navigation/native@^7.1.25: found 7.1.24

../..                                    |  +62   -7 ++++++-
Done in 9.3s
› Running npx expo install under the updated expo version
> expo install expo-asset@~12.0.12 expo-constants@~18.0.13 expo-dev-client@~6.0.20 expo-font@~14.0.9 expo-haptics@~15.0.8 expo-image@~3.0.11 expo-linking@~8.0.11 expo-location@~19.0.8 expo-modules-core@~3.0.29 expo-router@~6.0.21 expo-secure-store@~15.0.8 expo-splash-screen@~0.31.13 expo-status-bar@~3.0.9 expo-symbols@~1.0.8 expo-system-ui@~6.0.9 expo-web-browser@~15.0.10 react-native-maps@1.20.1 react-native-gesture-handler react-native-reanimated react-native-screens react-native-safe-area-context
[33m[1mWarning: [22mRoot-level [1m"expo"[22m object found. Ignoring extra keys in Expo config: "android", "ios"
[90mLearn more: https://expo.fyi/root-expo-object[0m[0m
› Installing 4 SDK 54.0.0 compatible native modules and 17 other packages using pnpm
› Using ~12.0.12 instead of ~12.0.12 for expo-asset, ~18.0.13 instead of ~18.0.13 for expo-constants, ~6.0.20 instead of ~6.0.20 for expo-dev-client, ~14.0.9 instead of ~14.0.10 for expo-font, ~15.0.8 instead of ~15.0.8 for expo-haptics, ~3.0.11 instead of ~3.0.11 for expo-image, ~8.0.11 instead of ~8.0.11 for expo-linking, ~19.0.8 instead of ~19.0.8 for expo-location, ~3.0.29 instead of ~3.0.29 for expo-modules-core, ~6.0.21 instead of ~6.0.21 for expo-router, and 7 others because these versions was explicitly provided. Packages excluded from dependency validation should be listed in expo.install.exclude in package.json. Learn more: https://docs.expo.dev/more/expo-cli/#configuring-dependency-validation
> pnpm add expo-asset@~12.0.12 expo-constants@~18.0.13 expo-dev-client@~6.0.20 expo-font@~14.0.9 expo-haptics@~15.0.8 expo-image@~3.0.11 expo-linking@~8.0.11 expo-location@~19.0.8 expo-modules-core@~3.0.29 expo-router@~6.0.21 expo-secure-store@~15.0.8 expo-splash-screen@~0.31.13 expo-status-bar@~3.0.9 expo-symbols@~1.0.8 expo-system-ui@~6.0.9 expo-web-browser@~15.0.10 react-native-maps@1.20.1 react-native-gesture-handler@~2.28.0 react-native-reanimated@~4.1.1 react-native-screens@~4.16.0 react-native-safe-area-context@~5.6.0
../..                                    |  WARN  `node_modules` is present. Lockfile only installation will make it out-of-date
../..                                    | Progress: resolved 1, reused 0, downloaded 0, added 0
 ERR_PNPM_NO_MATCHING_VERSION  No matching version found for expo-splash-screen@~0.31.13

This error happened while installing a direct dependency of /opt/delishafrica/monorepo/apps/client

The latest release of expo-splash-screen is "31.0.13".

Other releases are:
  * sdk-50: 0.26.4
  * sdk-51: 0.27.4
  * canary: 31.0.14-canary-20260114-d8e19f5

If you need the full list of all 247 published versions run "$ pnpm view expo-splash-screen versions".
Error: pnpm add expo-asset@~12.0.12 expo-constants@~18.0.13 expo-dev-client@~6.0.20 expo-font@~14.0.9 expo-haptics@~15.0.8 expo-image@~3.0.11 expo-linking@~8.0.11 expo-location@~19.0.8 expo-modules-core@~3.0.29 expo-router@~6.0.21 expo-secure-store@~15.0.8 expo-splash-screen@~0.31.13 expo-status-bar@~3.0.9 expo-symbols@~1.0.8 expo-system-ui@~6.0.9 expo-web-browser@~15.0.10 react-native-maps@1.20.1 react-native-gesture-handler@~2.28.0 react-native-reanimated@~4.1.1 react-native-screens@~4.16.0 react-native-safe-area-context@~5.6.0 exited with non-zero code: 1
Error: pnpm add expo-asset@~12.0.12 expo-constants@~18.0.13 expo-dev-client@~6.0.20 expo-font@~14.0.9 expo-haptics@~15.0.8 expo-image@~3.0.11 expo-linking@~8.0.11 expo-location@~19.0.8 expo-modules-core@~3.0.29 expo-router@~6.0.21 expo-secure-store@~15.0.8 expo-splash-screen@~0.31.13 expo-status-bar@~3.0.9 expo-symbols@~1.0.8 expo-system-ui@~6.0.9 expo-web-browser@~15.0.10 react-native-maps@1.20.1 react-native-gesture-handler@~2.28.0 react-native-reanimated@~4.1.1 react-native-screens@~4.16.0 react-native-safe-area-context@~5.6.0 exited with non-zero code: 1
    at ChildProcess.completionListener (/opt/delishafrica/monorepo/node_modules/.pnpm/@expo+spawn-async@1.7.2/node_modules/@expo/spawn-async/build/spawnAsync.js:42:23)
    at Object.onceWrapper (node:events:639:26)
    at ChildProcess.emit (node:events:524:28)
    at maybeClose (node:internal/child_process:1104:16)
    at ChildProcess._handle.onexit (node:internal/child_process:304:5)
    ...
    at spawnAsync (/opt/delishafrica/monorepo/node_modules/.pnpm/@expo+spawn-async@1.7.2/node_modules/@expo/spawn-async/build/spawnAsync.js:7:23)
    at PnpmPackageManager.runAsync (/opt/delishafrica/monorepo/node_modules/.pnpm/@expo+package-manager@1.9.9/node_modules/@expo/package-manager/build/node/BasePackageManager.js:41:42)
    at PnpmPackageManager.addAsync (/opt/delishafrica/monorepo/node_modules/.pnpm/@expo+package-manager@1.9.9/node_modules/@expo/package-manager/build/node/PnpmPackageManager.js:36:21)
    at installPackagesAsync (/opt/delishafrica/monorepo/node_modules/.pnpm/@expo+cli@54.0.21_expo-router@6.0.17_expo@54.0.31_react-native@0.81.4_@babel+core@7.28.5_@typ_woxbzmvqto67rf7fvgg5k5e34y/node_modules/@expo/cli/build/src/install/installAsync.js:189:30)
    at process.processTicksAndRejections (node:internal/process/task_queues:95:5)
Error: npx expo install expo-asset@~12.0.12 expo-constants@~18.0.13 expo-dev-client@~6.0.20 expo-font@~14.0.9 expo-haptics@~15.0.8 expo-image@~3.0.11 expo-linking@~8.0.11 expo-location@~19.0.8 expo-modules-core@~3.0.29 expo-router@~6.0.21 expo-secure-store@~15.0.8 expo-splash-screen@~0.31.13 expo-status-bar@~3.0.9 expo-symbols@~1.0.8 expo-system-ui@~6.0.9 expo-web-browser@~15.0.10 react-native-maps@1.20.1 react-native-gesture-handler react-native-reanimated react-native-screens react-native-safe-area-context exited with non-zero code: 1
Error: npx expo install expo-asset@~12.0.12 expo-constants@~18.0.13 expo-dev-client@~6.0.20 expo-font@~14.0.9 expo-haptics@~15.0.8 expo-image@~3.0.11 expo-linking@~8.0.11 expo-location@~19.0.8 expo-modules-core@~3.0.29 expo-router@~6.0.21 expo-secure-store@~15.0.8 expo-splash-screen@~0.31.13 expo-status-bar@~3.0.9 expo-symbols@~1.0.8 expo-system-ui@~6.0.9 expo-web-browser@~15.0.10 react-native-maps@1.20.1 react-native-gesture-handler react-native-reanimated react-native-screens react-native-safe-area-context exited with non-zero code: 1
    at ChildProcess.completionListener (/opt/delishafrica/monorepo/node_modules/.pnpm/@expo+spawn-async@1.7.2/node_modules/@expo/spawn-async/build/spawnAsync.js:42:23)
    at Object.onceWrapper (node:events:639:26)
    at ChildProcess.emit (node:events:524:28)
    at maybeClose (node:internal/child_process:1104:16)
    at ChildProcess._handle.onexit (node:internal/child_process:304:5)
    ...
    at spawnAsync (/opt/delishafrica/monorepo/node_modules/.pnpm/@expo+spawn-async@1.7.2/node_modules/@expo/spawn-async/build/spawnAsync.js:7:23)
    at installExpoPackageAsync (/opt/delishafrica/monorepo/node_modules/.pnpm/@expo+cli@54.0.16_expo-router@6.0.17_expo@54.0.25_react-native@0.81.4_@babel+core@7.28.5_@typ_espu4pr5gktyxmrai7xlrqe7gi/node_modules/@expo/cli/build/src/install/installExpoPackage.js:114:41)
    at process.processTicksAndRejections (node:internal/process/task_queues:95:5)
    at async installPackagesAsync (/opt/delishafrica/monorepo/node_modules/.pnpm/@expo+cli@54.0.16_expo-router@6.0.17_expo@54.0.25_react-native@0.81.4_@babel+core@7.28.5_@typ_espu4pr5gktyxmrai7xlrqe7gi/node_modules/@expo/cli/build/src/install/installAsync.js:176:16)
