🧯 TONTON UNBLOCK SCROLL (keyboard wrappers + scrollEnabled)
Root:   /opt/delishafrica/monorepo
Backup: /opt/delishafrica/monorepo/.tonton_backups/unblock_scroll_20260114_192410
Report: /opt/delishafrica/monorepo/.tonton_reports/unblock_scroll_20260114_192410.log

============================================================
0) PRECHECK — détecter des guillemets JSX cassés ("<ScrollView ...>)
============================================================

============================================================
1) TARGETS — fichiers susceptibles
============================================================
Targets: 72
/opt/delishafrica/monorepo/apps/client/app/_components/DemoFab.tsx
/opt/delishafrica/monorepo/apps/client/app/_layout.tsx
/opt/delishafrica/monorepo/apps/client/app/index.tsx
/opt/delishafrica/monorepo/apps/client/app/menu.tsx
/opt/delishafrica/monorepo/apps/client/app/orders.tsx
/opt/delishafrica/monorepo/apps/client/app/partner/[slug].tsx
/opt/delishafrica/monorepo/apps/client/app/restaurant/[id].tsx
/opt/delishafrica/monorepo/apps/client/app/restaurants/index.tsx
/opt/delishafrica/monorepo/apps/client/app/thieyp-demo.tsx
/opt/delishafrica/monorepo/apps/client/apps/client/app/auth/login.tsx
/opt/delishafrica/monorepo/apps/client/apps/client/app/restaurants/index.tsx
/opt/delishafrica/monorepo/apps/client/components/MagicButton.tsx
/opt/delishafrica/monorepo/apps/client/components/da/NeonButton.tsx
/opt/delishafrica/monorepo/apps/client/components/haptic-tab.tsx
/opt/delishafrica/monorepo/apps/client/components/ui/collapsible.tsx
/opt/delishafrica/monorepo/apps/client/index.tsx
/opt/delishafrica/monorepo/apps/client/src/components/TestApiButton.tsx
/opt/delishafrica/monorepo/apps/client/ui/components/DelishButton.tsx
/opt/delishafrica/monorepo/apps/client/ui/screens/Onboarding.tsx
/opt/delishafrica/monorepo/apps/client/ui/screens/SignatureHomeClient.tsx
/opt/delishafrica/monorepo/apps/courier/.backup/courier_v2_20251114-194018/app/mission/[id].tsx
/opt/delishafrica/monorepo/apps/courier/app/_components/DemoFab.tsx
/opt/delishafrica/monorepo/apps/courier/app/_layout.tsx
/opt/delishafrica/monorepo/apps/courier/app/auth/login.tsx
/opt/delishafrica/monorepo/apps/courier/app/debug.tsx
/opt/delishafrica/monorepo/apps/courier/app/home.tsx
/opt/delishafrica/monorepo/apps/courier/app/index.tsx
/opt/delishafrica/monorepo/apps/courier/app/job/[id].tsx
/opt/delishafrica/monorepo/apps/courier/app/login.tsx
/opt/delishafrica/monorepo/apps/courier/app/mission.tsx
/opt/delishafrica/monorepo/apps/courier/app/mission/[id].tsx
/opt/delishafrica/monorepo/apps/courier/app/orders.tsx
/opt/delishafrica/monorepo/apps/courier/app/thieyp-demo.tsx
/opt/delishafrica/monorepo/apps/courier/appli-delishafrica-/app/_layout.tsx
/opt/delishafrica/monorepo/apps/courier/appli-delishafrica-/components/ui/collapsible.tsx
/opt/delishafrica/monorepo/apps/courier/components/JobCard.tsx
/opt/delishafrica/monorepo/apps/courier/components/MagicButton.tsx
/opt/delishafrica/monorepo/apps/courier/components/ProofModal.tsx
/opt/delishafrica/monorepo/apps/courier/components/ProofPhotoModal.tsx
/opt/delishafrica/monorepo/apps/courier/components/RippleBtn.tsx
/opt/delishafrica/monorepo/apps/courier/components/SignatureModal.tsx
/opt/delishafrica/monorepo/apps/courier/components/SignaturePad.tsx
/opt/delishafrica/monorepo/apps/courier/components/SignaturePadModal.tsx
/opt/delishafrica/monorepo/apps/courier/components/da/NeonButton.tsx
/opt/delishafrica/monorepo/apps/courier/components/haptic-tab.tsx
/opt/delishafrica/monorepo/apps/courier/components/ui/collapsible.tsx
/opt/delishafrica/monorepo/apps/courier/delishafrica-client/app/_layout.tsx
/opt/delishafrica/monorepo/apps/courier/delishafrica-client/components/ui/collapsible.tsx
/opt/delishafrica/monorepo/apps/courier/delishafrica-client/delishafrica-merchant/app/_layout.tsx
/opt/delishafrica/monorepo/apps/courier/delishafrica-client/delishafrica-merchant/components/ui/collapsible.tsx
/opt/delishafrica/monorepo/apps/courier/src/components/TestApiButton.tsx
/opt/delishafrica/monorepo/apps/courier/ui/components/DelishButton.tsx
/opt/delishafrica/monorepo/apps/courier/ui/screens/Onboarding.tsx
/opt/delishafrica/monorepo/apps/courier/ui/screens/SignatureHomeCourier.tsx
/opt/delishafrica/monorepo/apps/merchant/app/_components/DemoFab.tsx
/opt/delishafrica/monorepo/apps/merchant/app/_layout.tsx
/opt/delishafrica/monorepo/apps/merchant/app/auth/login.tsx
/opt/delishafrica/monorepo/apps/merchant/app/commande/[id].tsx
/opt/delishafrica/monorepo/apps/merchant/app/home.tsx
/opt/delishafrica/monorepo/apps/merchant/app/index.tsx
/opt/delishafrica/monorepo/apps/merchant/app/ops.tsx
/opt/delishafrica/monorepo/apps/merchant/app/thieyp-demo.tsx
/opt/delishafrica/monorepo/apps/merchant/components/MagicButton.tsx
/opt/delishafrica/monorepo/apps/merchant/components/da/NeonButton.tsx
/opt/delishafrica/monorepo/apps/merchant/components/haptic-tab.tsx
/opt/delishafrica/monorepo/apps/merchant/components/ui/collapsible.tsx
/opt/delishafrica/monorepo/apps/merchant/index.tsx
/opt/delishafrica/monorepo/apps/merchant/src/components/TestApiButton.tsx
/opt/delishafrica/monorepo/apps/merchant/ui/components/DelishButton.tsx
/opt/delishafrica/monorepo/apps/merchant/ui/screens/Onboarding.tsx
/opt/delishafrica/monorepo/apps/merchant/ui/screens/SignatureHomeMerchant.tsx
/opt/delishafrica/monorepo/packages/ui/src/components.tsx

============================================================
2) BACKUP
============================================================
Backup OK ✅

============================================================
3) PATCH A — enlever wrappers plein écran qui dismiss le clavier
   (TouchableWithoutFeedback/Pressable/TouchableOpacity avec Keyboard.dismiss)
   -> remplacés par fragments <>...</>
============================================================
Patched wrappers files: 0

============================================================
4) PATCH B — scrollEnabled={false} -> true
============================================================
Patched scrollEnabled files: 0

============================================================
5) PATCH C (option utile) — ScrollView/FlatList import: RNGH -> react-native
============================================================
Patched import files: 0

============================================================
6) POSTCHECK — guillemets JSX cassés (doit être vide)
============================================================

✅ DONE
Backup: /opt/delishafrica/monorepo/.tonton_backups/unblock_scroll_20260114_192410
Report: /opt/delishafrica/monorepo/.tonton_reports/unblock_scroll_20260114_192410.log

Rollback (1-liner):
  rsync -a "/opt/delishafrica/monorepo/.tonton_backups/unblock_scroll_20260114_192410/" "/opt/delishafrica/monorepo/"

Next:
  - restart metros --clear
  - swipe-close iPhone + rescan QR
