[DA] ROOT   : /opt/delishafrica/monorepo
[DA] APPS   : /opt/delishafrica/monorepo/apps
[DA] BACKUP : /opt/delishafrica/monorepo/.tonton_backups/scroll_nuclear_20260113_220750
[DA] REPORT : /opt/delishafrica/monorepo/.tonton_backups/scroll_nuclear_20260113_220750/report.txt

[PATCHED] /opt/delishafrica/monorepo/apps/merchant/app/_components/DemoFab.tsx
[PATCHED] /opt/delishafrica/monorepo/apps/merchant/app/(tabs)/index.tsx
[PATCHED] /opt/delishafrica/monorepo/apps/merchant/app/(tabs)/explore.tsx
[PATCHED] /opt/delishafrica/monorepo/apps/merchant/components/AppBackground.tsx
[PATCHED] /opt/delishafrica/monorepo/apps/merchant/components/BrandBackground.tsx
[PATCHED] /opt/delishafrica/monorepo/apps/merchant/src/ui/SnowOverlay.tsx
[PATCHED] /opt/delishafrica/monorepo/apps/client/app/_components/DemoFab.tsx
[PATCHED] /opt/delishafrica/monorepo/apps/client/app/(tabs)/index.tsx
[PATCHED] /opt/delishafrica/monorepo/apps/client/app/(tabs)/explore.tsx
[PATCHED] /opt/delishafrica/monorepo/apps/client/components/AppBackground.tsx
[PATCHED] /opt/delishafrica/monorepo/apps/client/components/BrandBackground.tsx
[PATCHED] /opt/delishafrica/monorepo/apps/client/src/ui/SnowOverlay.tsx
[PATCHED] /opt/delishafrica/monorepo/apps/courier/app/_components/DemoFab.tsx
[PATCHED] /opt/delishafrica/monorepo/apps/courier/app/(tabs)/index.tsx
[PATCHED] /opt/delishafrica/monorepo/apps/courier/app/(tabs)/explore.tsx
[PATCHED] /opt/delishafrica/monorepo/apps/courier/ui/screens/SignatureHomeCourier.tsx
[PATCHED] /opt/delishafrica/monorepo/apps/courier/appli-delishafrica-/app/(tabs)/index.tsx
[PATCHED] /opt/delishafrica/monorepo/apps/courier/appli-delishafrica-/app/(tabs)/explore.tsx
[PATCHED] /opt/delishafrica/monorepo/apps/courier/appli-delishafrica-/components/BrandBackground.tsx
[PATCHED] /opt/delishafrica/monorepo/apps/courier/delishafrica-client/app/(tabs)/index.tsx
[PATCHED] /opt/delishafrica/monorepo/apps/courier/delishafrica-client/app/(tabs)/explore.tsx
[PATCHED] /opt/delishafrica/monorepo/apps/courier/delishafrica-client/components/BrandBackground.tsx
[PATCHED] /opt/delishafrica/monorepo/apps/courier/delishafrica-client/delishafrica-merchant/app/(tabs)/index.tsx
[PATCHED] /opt/delishafrica/monorepo/apps/courier/delishafrica-client/delishafrica-merchant/app/(tabs)/explore.tsx
[PATCHED] /opt/delishafrica/monorepo/apps/courier/delishafrica-client/delishafrica-merchant/components/BrandBackground.tsx
[PATCHED] /opt/delishafrica/monorepo/apps/courier/components/ConfettiBurst.tsx
[PATCHED] /opt/delishafrica/monorepo/apps/courier/components/AppBackground.tsx
[PATCHED] /opt/delishafrica/monorepo/apps/courier/components/SignaturePad.tsx
[PATCHED] /opt/delishafrica/monorepo/apps/courier/components/MapPreview.tsx
[PATCHED] /opt/delishafrica/monorepo/apps/courier/components/Toast.tsx
[PATCHED] /opt/delishafrica/monorepo/apps/courier/components/RippleBtn.tsx
[PATCHED] /opt/delishafrica/monorepo/apps/courier/components/BrandBackground.tsx
[PATCHED] /opt/delishafrica/monorepo/apps/courier/src/ui/SnowOverlay.tsx
============================================================
[SUMMARY] Nuclear scroll recover
Scanned files : 304
Patched files : 33
Backup dir    : /opt/delishafrica/monorepo/.tonton_backups/scroll_nuclear_20260113_220750
Patch log     : /opt/delishafrica/monorepo/.tonton_backups/scroll_nuclear_20260113_220750/patch.log
============================================================
[DA] NEXT STEPS (IMPORTANT):
  1) Ctrl+C dans les 3 metros
  2) relance Expo avec --clear (3 apps)
  3) iPhone: swipe-close complet + re-scan QR
  4) reteste scroll Merchant -> Poste cuisine
[DA] ROLLBACK (si besoin) :
  rsync -a "/opt/delishafrica/monorepo/.tonton_backups/scroll_nuclear_20260113_220750/opt/delishafrica/monorepo/" "/opt/delishafrica/monorepo/"
