
[2026-01-20 00:20:20] 1) Stop panes (Ctrl+C) + kill processus pnpm/expo/metro

[2026-01-20 00:20:20] 2) Backup minimal (lock + npmrc)

[2026-01-20 00:20:20] 3) HARD CLEAN node_modules (root + apps + api-nest)

[2026-01-20 00:20:22] 4) Clean caches metro/expo (safe)

[2026-01-20 00:20:22] 5) Sanity pnpm
9.15.4

[2026-01-20 00:20:22] 6) Reinstall workspace (UNIQUE install)
 WARN  using --force I sure hope you know what you are doing
Lockfile is up to date, resolution step is skipped
Progress: resolved 1, reused 0, downloaded 0, added 0
Packages: +743
++++++++++++++++++++++++++++++++++++++++++++++++++++++++++++++++++++++++++++++++
Progress: resolved 743, reused 742, downloaded 0, added 79
Progress: resolved 743, reused 742, downloaded 0, added 719
Progress: resolved 743, reused 742, downloaded 0, added 743, done
 WARN  Failed to create bin at /opt/delishafrica/monorepo/node_modules/.pnpm/@react-navigation+bottom-tabs@7.8.11_@react-navigation+native@7.1.24_react-native@0.81.5_@bab_hl756dyktii6j5ximrxwliwbc4/node_modules/@react-navigation/bottom-tabs/node_modules/.bin/react-native. ENOENT: no such file or directory, open '/opt/delishafrica/monorepo/node_modules/.pnpm/@react-navigation+bottom-tabs@7.8.11_@react-navigation+native@7.1.24_react-native@0.81.5_@bab_hl756dyktii6j5ximrxwliwbc4/node_modules/@react-navigation/bottom-tabs/node_modules/.bin/react-native'

dependencies:
+ @babel/runtime 7.28.4
+ @expo/metro-runtime 6.1.2
+ @radix-ui/react-compose-refs 1.1.2
+ @radix-ui/react-slot 1.2.4
+ @react-native/assets-registry 0.83.0
+ @react-native/normalize-colors 0.83.0
+ @react-native/virtualized-lists 0.83.0
+ @react-navigation/bottom-tabs 7.8.11
+ @react-navigation/elements 2.9.1
+ @react-navigation/native 7.1.24
+ @react-navigation/native-stack 7.8.5
+ @react-navigation/routers 7.5.2
+ @ungap/structured-clone 1.3.0
+ abort-controller 3.0.0
+ anser 2.3.3
+ ansi-regex 6.2.2
+ base64-js 1.5.1
+ buffer 6.0.3
+ color 5.0.3
+ color-convert 3.1.3
+ color-name 2.1.0
+ color-string 2.1.4
+ decode-uri-component 0.4.1
+ escape-string-regexp 5.0.0
+ event-target-shim 6.0.2
+ expo-haptics 15.0.7
+ fast-deep-equal 3.1.3
+ filter-obj 6.1.0
+ ieee754 1.2.1
+ invariant 2.2.4
+ memoize-one 6.0.0
+ metro-runtime 0.83.3
+ nanoid 5.1.6
+ nullthrows 1.1.1
+ pretty-format 30.2.0
+ promise 8.3.0
+ punycode 2.3.1
+ query-string 9.3.1
+ react-freeze 1.0.4
+ react-is 19.2.1
+ react-native-gesture-handler 2.28.0
+ react-native-safe-area-context 5.6.2
+ react-refresh 0.18.0
+ scheduler 0.27.0
+ semver 7.7.3
+ split-on-first 4.0.0
+ stacktrace-parser 0.1.11
+ use-latest-callback 0.3.3
+ use-sync-external-store 1.6.0
+ warn-once 0.1.1
+ webidl-conversions 8.0.0
+ whatwg-fetch 3.6.20
+ whatwg-url-without-unicode 8.0.0-3

devDependencies:
+ @babel/core 7.28.5
+ @types/node 20.19.25
+ babel-preset-expo 54.0.9
+ prettier 3.7.4
+ react-native-reanimated 4.1.5
+ ts-node 10.9.2
+ turbo 2.6.1
+ typescript 5.9.3

Done in 3.2s

[2026-01-20 00:20:26] 7) Checks rapides (expo + reflect-metadata)

[2026-01-20 00:20:26] ⚠️ expo pas résolu dans client -> reinstall filtré client
.                                        |  WARN  using --force I sure hope you know what you are doing
Scope: 3 of 6 workspace projects
Lockfile is up to date, resolution step is skipped
Progress: resolved 1, reused 0, downloaded 0, added 0
.                                        |    +1101 ++++++++++++++++++++++++++++
Progress: resolved 1101, reused 1027, downloaded 0, added 0
Progress: resolved 1101, reused 1074, downloaded 0, added 596
Progress: resolved 1101, reused 1074, downloaded 2, added 1101, done
.../node_modules/unrs-resolver postinstall$ napi-postinstall unrs-resolver 1.11.1 check
.../node_modules/unrs-resolver postinstall: Done
Done in 4.2s

[2026-01-20 00:20:30] ⚠️ expo pas résolu dans merchant -> reinstall filtré merchant
.                                        |  WARN  using --force I sure hope you know what you are doing
Scope: 3 of 6 workspace projects
Lockfile is up to date, resolution step is skipped
Progress: resolved 1, reused 0, downloaded 0, added 0
.                                        | +805 ++++++++++++++++++++++++++++++++
Progress: resolved 805, reused 798, downloaded 0, added 23
Progress: resolved 805, reused 798, downloaded 0, added 720
Progress: resolved 805, reused 798, downloaded 0, added 805, done
Done in 3.2s

[2026-01-20 00:20:33] ⚠️ expo pas résolu dans courier -> reinstall filtré courier
.                                        |  WARN  using --force I sure hope you know what you are doing
Scope: 3 of 6 workspace projects
Lockfile is up to date, resolution step is skipped
Progress: resolved 1, reused 0, downloaded 0, added 0
.                                        | +807 ++++++++++++++++++++++++++++++++
Progress: resolved 807, reused 800, downloaded 0, added 385
Progress: resolved 807, reused 800, downloaded 0, added 807, done
Done in 2.9s

[2026-01-20 00:20:36] ⚠️ reflect-metadata pas résolu dans api-nest -> add + install filtré api-nest
../..                                    |  WARN  `node_modules` is present. Lockfile only installation will make it out-of-date
../..                                    | Progress: resolved 1, reused 0, downloaded 0, added 0
../..                                    | Progress: resolved 108, reused 0, downloaded 0, added 0
../..                                    | Progress: resolved 325, reused 0, downloaded 0, added 0
../..                                    | Progress: resolved 677, reused 0, downloaded 0, added 0
../..                                    | Progress: resolved 974, reused 0, downloaded 0, added 0
../..                                    | Progress: resolved 1125, reused 0, downloaded 0, added 0
../..                                    | Progress: resolved 1280, reused 0, downloaded 0, added 0
 WARN  4 deprecated subdependencies found: glob@7.2.3, inflight@1.0.6, rimraf@3.0.2, uuid@3.4.0
../..                                    | Progress: resolved 1282, reused 0, downloaded 0, added 0, done

 WARN  Issues with peer dependencies found
.
├─┬ expo-router 6.0.17
│ └── ✕ unmet peer expo-linking@^8.0.10: found 8.0.9
└─┬ @react-native/virtualized-lists 0.83.0
  └── ✕ unmet peer @types/react@^19.2.0: found 19.1.17

apps/client
├─┬ expo-router 6.0.17
│ ├── ✕ unmet peer expo-linking@^8.0.10: found 8.0.9
│ └── ✕ unmet peer expo-constants@^18.0.11: found 18.0.10
└─┬ @react-navigation/stack 7.6.12
  ├── ✕ unmet peer @react-navigation/native@^7.1.25: found 7.1.24
  └─┬ @react-navigation/elements 2.9.2
    └── ✕ unmet peer @react-navigation/native@^7.1.25: found 7.1.24

apps/courier
├─┬ expo-router 6.0.17
│ ├── ✕ unmet peer expo-linking@^8.0.10: found 8.0.9
│ └── ✕ unmet peer expo-constants@^18.0.11: found 18.0.10
└─┬ @react-navigation/stack 7.6.12
  ├── ✕ unmet peer @react-navigation/native@^7.1.25: found 7.1.24
  └─┬ @react-navigation/elements 2.9.2
    └── ✕ unmet peer @react-navigation/native@^7.1.25: found 7.1.24

apps/merchant
├─┬ expo-router 6.0.17
│ ├── ✕ unmet peer expo-linking@^8.0.10: found 8.0.9
│ └── ✕ unmet peer expo-constants@^18.0.11: found 18.0.10
└─┬ @react-navigation/stack 7.6.12
  ├── ✕ unmet peer @react-navigation/native@^7.1.25: found 7.1.24
  └─┬ @react-navigation/elements 2.9.2
    └── ✕ unmet peer @react-navigation/native@^7.1.25: found 7.1.24

../..                                    | +168 +++++++++++++++++
.../node_modules/@nestjs/core postinstall$ opencollective || exit 0
.../node_modules/@nestjs/core postinstall:                            Thanks for installing nest 
.../node_modules/@nestjs/core postinstall:                  Please consider donating to our open collective
.../node_modules/@nestjs/core postinstall:                         to help us maintain this package.
.../node_modules/@nestjs/core postinstall:                                          
.../node_modules/@nestjs/core postinstall:                             Number of contributors: 0
.../node_modules/@nestjs/core postinstall:                              Number of backers: 1164
.../node_modules/@nestjs/core postinstall:                              Annual budget: $129,654
.../node_modules/@nestjs/core postinstall:                              Current balance: $6,449
.../node_modules/@nestjs/core postinstall:                                          
.../node_modules/@nestjs/core postinstall:              Become a partner: https://opencollective.com/nest/donate
.../node_modules/@nestjs/core postinstall:                                          
.../node_modules/@nestjs/core postinstall: Done
Done in 9.1s
.                                        |  WARN  using --force I sure hope you know what you are doing
Scope: 2 of 6 workspace projects
Lockfile is up to date, resolution step is skipped
Progress: resolved 1, reused 0, downloaded 0, added 0
.                                        | +950 ++++++++++++++++++++++++++++++++
Progress: resolved 950, reused 947, downloaded 0, added 191
Progress: resolved 950, reused 947, downloaded 0, added 932
Progress: resolved 950, reused 947, downloaded 0, added 950, done
.../node_modules/@nestjs/core postinstall$ opencollective || exit 0
.../node_modules/@nestjs/core postinstall:                            Thanks for installing nest 
.../node_modules/@nestjs/core postinstall:                  Please consider donating to our open collective
.../node_modules/@nestjs/core postinstall:                         to help us maintain this package.
.../node_modules/@nestjs/core postinstall:                                          
.../node_modules/@nestjs/core postinstall:                             Number of contributors: 0
.../node_modules/@nestjs/core postinstall:                              Number of backers: 1164
.../node_modules/@nestjs/core postinstall:                              Annual budget: $129,654
.../node_modules/@nestjs/core postinstall:                              Current balance: $6,449
.../node_modules/@nestjs/core postinstall:                                          
.../node_modules/@nestjs/core postinstall:              Become a partner: https://opencollective.com/nest/donate
.../node_modules/@nestjs/core postinstall:                                          
.../node_modules/@nestjs/core postinstall: Done
Done in 3.4s

[2026-01-20 00:20:49] 8) Relance panes (API + metros) en mode SAFE (pas de pnpm install dans les apps)

[2026-01-20 00:20:49] ✅ DONE. Regarde fenêtres 2/5/6/7.

[2026-01-20 00:20:49] Log: /opt/delishafrica/monorepo/.tonton_backups/hard_clean_reinstall_20260120_002020/run.log
